Archive member included to satisfy reference by file (symbol)

c:/nxp/mcuxpressoide_11.9.0_2144/ide/plugins/com.nxp.mcuxpresso.tools.win32_11.9.0.202307121226/tools/bin/../lib/gcc/arm-none-eabi/12.3.1/../../../../arm-none-eabi/lib/thumb/v7e-m+fp/hard\libcr_semihost_nf.a(__ciob.o)
                              ./source/ecompass_peripheral.o (__Ciob)
c:/nxp/mcuxpressoide_11.9.0_2144/ide/plugins/com.nxp.mcuxpresso.tools.win32_11.9.0.202307121226/tools/bin/../lib/gcc/arm-none-eabi/12.3.1/../../../../arm-none-eabi/lib/thumb/v7e-m+fp/hard\libcr_semihost_nf.a(_cr__main.o)
                              ./startup/startup_mk66f18.o (__main)
c:/nxp/mcuxpressoide_11.9.0_2144/ide/plugins/com.nxp.mcuxpresso.tools.win32_11.9.0.202307121226/tools/bin/../lib/gcc/arm-none-eabi/12.3.1/../../../../arm-none-eabi/lib/thumb/v7e-m+fp/hard\libcr_c.a(memcpy.o)
                              ./source/ecompass_peripheral.o (memcpy)
c:/nxp/mcuxpressoide_11.9.0_2144/ide/plugins/com.nxp.mcuxpresso.tools.win32_11.9.0.202307121226/tools/bin/../lib/gcc/arm-none-eabi/12.3.1/../../../../arm-none-eabi/lib/thumb/v7e-m+fp/hard\libcr_c.a(memset.o)
                              ./drivers/fsl_dspi.o (memset)
c:/nxp/mcuxpressoide_11.9.0_2144/ide/plugins/com.nxp.mcuxpresso.tools.win32_11.9.0.202307121226/tools/bin/../lib/gcc/arm-none-eabi/12.3.1/../../../../arm-none-eabi/lib/thumb/v7e-m+fp/hard\libcr_c.a(__fillbuf.o)
                              ./source/ecompass_peripheral.o (__filbuf)
c:/nxp/mcuxpressoide_11.9.0_2144/ide/plugins/com.nxp.mcuxpresso.tools.win32_11.9.0.202307121226/tools/bin/../lib/gcc/arm-none-eabi/12.3.1/../../../../arm-none-eabi/lib/thumb/v7e-m+fp/hard\libcr_c.a(_deferredlazyseek.o)
                              c:/nxp/mcuxpressoide_11.9.0_2144/ide/plugins/com.nxp.mcuxpresso.tools.win32_11.9.0.202307121226/tools/bin/../lib/gcc/arm-none-eabi/12.3.1/../../../../arm-none-eabi/lib/thumb/v7e-m+fp/hard\libcr_c.a(__fillbuf.o) (_deferredlazyseek)
c:/nxp/mcuxpressoide_11.9.0_2144/ide/plugins/com.nxp.mcuxpresso.tools.win32_11.9.0.202307121226/tools/bin/../lib/gcc/arm-none-eabi/12.3.1/../../../../arm-none-eabi/lib/thumb/v7e-m+fp/hard\libcr_c.a(_fflush.o)
                              c:/nxp/mcuxpressoide_11.9.0_2144/ide/plugins/com.nxp.mcuxpresso.tools.win32_11.9.0.202307121226/tools/bin/../lib/gcc/arm-none-eabi/12.3.1/../../../../arm-none-eabi/lib/thumb/v7e-m+fp/hard\libcr_c.a(__fillbuf.o) (_fflush)
c:/nxp/mcuxpressoide_11.9.0_2144/ide/plugins/com.nxp.mcuxpresso.tools.win32_11.9.0.202307121226/tools/bin/../lib/gcc/arm-none-eabi/12.3.1/../../../../arm-none-eabi/lib/thumb/v7e-m+fp/hard\libcr_c.a(_writebuf.o)
                              c:/nxp/mcuxpressoide_11.9.0_2144/ide/plugins/com.nxp.mcuxpresso.tools.win32_11.9.0.202307121226/tools/bin/../lib/gcc/arm-none-eabi/12.3.1/../../../../arm-none-eabi/lib/thumb/v7e-m+fp/hard\libcr_c.a(_deferredlazyseek.o) (_Cwritebuf)
c:/nxp/mcuxpressoide_11.9.0_2144/ide/plugins/com.nxp.mcuxpresso.tools.win32_11.9.0.202307121226/tools/bin/../lib/gcc/arm-none-eabi/12.3.1/../../../../arm-none-eabi/lib/thumb/v7e-m+fp/hard\libcr_c.a(alloc.o)
                              ./source/ecompass_peripheral.o (malloc)
c:/nxp/mcuxpressoide_11.9.0_2144/ide/plugins/com.nxp.mcuxpresso.tools.win32_11.9.0.202307121226/tools/bin/../lib/gcc/arm-none-eabi/12.3.1/../../../../arm-none-eabi/lib/thumb/v7e-m+fp/hard\libcr_c.a(atan2.o)
                              ./source/ecompass_peripheral.o (atan2)
c:/nxp/mcuxpressoide_11.9.0_2144/ide/plugins/com.nxp.mcuxpresso.tools.win32_11.9.0.202307121226/tools/bin/../lib/gcc/arm-none-eabi/12.3.1/../../../../arm-none-eabi/lib/thumb/v7e-m+fp/hard\libcr_c.a(cos.o)
                              ./source/ecompass_peripheral.o (cos)
c:/nxp/mcuxpressoide_11.9.0_2144/ide/plugins/com.nxp.mcuxpresso.tools.win32_11.9.0.202307121226/tools/bin/../lib/gcc/arm-none-eabi/12.3.1/../../../../arm-none-eabi/lib/thumb/v7e-m+fp/hard\libcr_c.a(errno.o)
                              c:/nxp/mcuxpressoide_11.9.0_2144/ide/plugins/com.nxp.mcuxpresso.tools.win32_11.9.0.202307121226/tools/bin/../lib/gcc/arm-none-eabi/12.3.1/../../../../arm-none-eabi/lib/thumb/v7e-m+fp/hard\libcr_c.a(atan2.o) (errno)
c:/nxp/mcuxpressoide_11.9.0_2144/ide/plugins/com.nxp.mcuxpresso.tools.win32_11.9.0.202307121226/tools/bin/../lib/gcc/arm-none-eabi/12.3.1/../../../../arm-none-eabi/lib/thumb/v7e-m+fp/hard\libcr_c.a(fabs.o)
                              c:/nxp/mcuxpressoide_11.9.0_2144/ide/plugins/com.nxp.mcuxpresso.tools.win32_11.9.0.202307121226/tools/bin/../lib/gcc/arm-none-eabi/12.3.1/../../../../arm-none-eabi/lib/thumb/v7e-m+fp/hard\libcr_c.a(atan2.o) (fabs)
c:/nxp/mcuxpressoide_11.9.0_2144/ide/plugins/com.nxp.mcuxpresso.tools.win32_11.9.0.202307121226/tools/bin/../lib/gcc/arm-none-eabi/12.3.1/../../../../arm-none-eabi/lib/thumb/v7e-m+fp/hard\libcr_c.a(fpprintf.o)
                              ./utilities/fsl_assert.o (printf)
[...]
Memory Configuration

Name             Origin             Length             Attributes
PROGRAM_FLASH    0x00000000         0x00200000         xr
SRAM_UPPER       0x20000000         0x00030000         xrw
SRAM_LOWER       0x1fff0000         0x00010000         xrw
FLEX_RAM         0x14000000         0x00001000         xrw
*default*        0x00000000         0xffffffff

Linker script and memory map

LOAD ./utilities/fsl_assert.o
LOAD ./utilities/fsl_debug_console.o
LOAD ./startup/startup_mk66f18.o
LOAD ./source/ecompass_peripheral.o
LOAD ./source/semihost_hardfault.o
LOAD ./drivers/fsl_clock.o
LOAD ./drivers/fsl_common.o
LOAD ./drivers/fsl_common_arm.o
LOAD ./drivers/fsl_dspi.o
LOAD ./drivers/fsl_ftfx_cache.o
LOAD ./drivers/fsl_ftfx_controller.o
LOAD ./drivers/fsl_ftfx_flash.o
LOAD ./drivers/fsl_ftfx_flexnvm.o
LOAD ./drivers/fsl_gpio.o
LOAD ./drivers/fsl_i2c.o
LOAD ./drivers/fsl_lpuart.o
LOAD ./drivers/fsl_smc.o
LOAD ./drivers/fsl_uart.o
LOAD ./device/system_MK66F18.o
LOAD ./component/uart/fsl_adapter_uart.o
LOAD ./component/lists/fsl_component_generic_list.o
LOAD ./board/board.o
LOAD ./board/clock_config.o
LOAD ./board/peripherals.o
LOAD ./board/pin_mux.o
LOAD ./accel/fsl_fxos.o
START GROUP
LOAD c:/nxp/mcuxpressoide_11.9.0_2144/ide/plugins/com.nxp.mcuxpresso.tools.win32_11.9.0.202307121226/tools/bin/../lib/gcc/arm-none-eabi/12.3.1/../../../../arm-none-eabi/lib/thumb/v7e-m+fp/hard\libcr_semihost_nf.a
LOAD c:/nxp/mcuxpressoide_11.9.0_2144/ide/plugins/com.nxp.mcuxpresso.tools.win32_11.9.0.202307121226/tools/bin/../lib/gcc/arm-none-eabi/12.3.1/../../../../arm-none-eabi/lib/thumb/v7e-m+fp/hard\libcr_c.a
LOAD c:/nxp/mcuxpressoide_11.9.0_2144/ide/plugins/com.nxp.mcuxpresso.tools.win32_11.9.0.202307121226/tools/bin/../lib/gcc/arm-none-eabi/12.3.1/thumb/v7e-m+fp/hard\libcr_eabihelpers.a
LOAD c:/nxp/mcuxpressoide_11.9.0_2144/ide/plugins/com.nxp.mcuxpresso.tools.win32_11.9.0.202307121226/tools/bin/../lib/gcc/arm-none-eabi/12.3.1/thumb/v7e-m+fp/hard\libgcc.a
END GROUP
                0x00000000                        __base_PROGRAM_FLASH = 0x0
                0x00000000                        __base_Flash = 0x0
                0x00200000                        __top_PROGRAM_FLASH = 0x200000
                0x00200000                        __top_Flash = 0x200000
                0x20000000                        __base_SRAM_UPPER = 0x20000000
                0x20000000                        __base_RAM = 0x20000000
                0x20030000                        __top_SRAM_UPPER = 0x20030000
                0x20030000                        __top_RAM = 0x20030000
                0x1fff0000                        __base_SRAM_LOWER = 0x1fff0000
                0x1fff0000                        __base_RAM2 = 0x1fff0000
                0x20000000                        __top_SRAM_LOWER = 0x20000000
                0x20000000                        __top_RAM2 = 0x20000000
                0x14000000                        __base_FLEX_RAM = 0x14000000
                0x14000000                        __base_RAM3 = 0x14000000
                0x14001000                        __top_FLEX_RAM = 0x14001000
                0x14001000                        __top_RAM3 = 0x14001000

.text           0x00000000     0x6d40
 FILL mask 0xff
                0x00000000                        __vectors_start__ = ABSOLUTE (.)
 *(SORT_BY_ALIGNMENT(.isr_vector))
 .isr_vector    0x00000000      0x1d0 ./startup/startup_mk66f18.o
                0x00000000                g_pfnVectors
                0x00000000                __Vectors
                0x000001d0                        . = ALIGN (0x4)
                0x000001d0                        __section_table_start = .
                0x000001d0                        __data_section_table = .
                0x000001d0        0x4 LONG 0x6d40 LOADADDR (.data)
                0x000001d4        0x4 LONG 0x20000000 ADDR (.data)
                0x000001d8        0x4 LONG 0x10 SIZEOF (.data)
                0x000001dc        0x4 LONG 0x6d40 LOADADDR (.data_RAM2)
                0x000001e0        0x4 LONG 0x1fff0000 ADDR (.data_RAM2)
                0x000001e4        0x4 LONG 0x0 SIZEOF (.data_RAM2)
                0x000001e8        0x4 LONG 0x6d40 LOADADDR (.data_RAM3)
                0x000001ec        0x4 LONG 0x14000000 ADDR (.data_RAM3)
                0x000001f0        0x4 LONG 0x0 SIZEOF (.data_RAM3)
                0x000001f4                        __data_section_table_end = .
                0x000001f4                        __bss_section_table = .
                0x000001f4        0x4 LONG 0x20000010 ADDR (.bss)
                0x000001f8        0x4 LONG 0x250 SIZEOF (.bss)
                0x000001fc        0x4 LONG 0x1fff0000 ADDR (.bss_RAM2)
                0x00000200        0x4 LONG 0x0 SIZEOF (.bss_RAM2)
                0x00000204        0x4 LONG 0x14000000 ADDR (.bss_RAM3)
                0x00000208        0x4 LONG 0x0 SIZEOF (.bss_RAM3)
                0x0000020c                        __bss_section_table_end = .
                0x0000020c                        __section_table_end = .
 *(SORT_BY_ALIGNMENT(.after_vectors*))
 .after_vectors.reset
                0x0000020c       0x4c ./startup/startup_mk66f18.o
                0x0000020c                ResetISR
 .after_vectors.init_data
                0x00000258       0x1e ./startup/startup_mk66f18.o
                0x00000258                data_init
 .after_vectors.init_bss
                0x00000276       0x12 ./startup/startup_mk66f18.o
                0x00000276                bss_init
 .after_vectors
                0x00000288       0x14 ./startup/startup_mk66f18.o
                0x00000288                NMI_Handler
                0x0000028c                MemManage_Handler
                0x0000028e                BusFault_Handler
                0x00000290                UsageFault_Handler
                0x00000292                SVC_Handler
                0x00000294                DebugMon_Handler
                0x00000296                PendSV_Handler
                0x0000029a                FTM1_DriverIRQHandler
                0x0000029a                FTM2_DriverIRQHandler
                0x0000029a                PIT2_DriverIRQHandler
                0x0000029a                TPM2_DriverIRQHandler
                0x0000029a                SDHC_DriverIRQHandler
                0x0000029a                DMA7_DMA23_DriverIRQHandler
                0x0000029a                I2S0_Tx_DriverIRQHandler
                0x0000029a                TSI0_DriverIRQHandler
                0x0000029a                RTC_Seconds_DriverIRQHandler
                0x0000029a                CMP3_DriverIRQHandler
                0x0000029a                LLWU_DriverIRQHandler
                0x0000029a                MCM_DriverIRQHandler
                0x0000029a                DMA14_DMA30_DriverIRQHandler
                0x0000029a                MCG_DriverIRQHandler
                0x0000029a                ENET_1588_Timer_DriverIRQHandler
                0x0000029a                DAC1_DriverIRQHandler
                0x0000029a                DMA_Error_DriverIRQHandler
                0x0000029a                CMP1_DriverIRQHandler
                0x0000029a                USBHSDCD_DriverIRQHandler
                0x0000029a                DMA0_DMA16_DriverIRQHandler
                0x0000029a                FTM0_DriverIRQHandler
                0x0000029a                IntDefaultHandler
                0x0000029a                USB0_DriverIRQHandler
                0x0000029a                PORTC_DriverIRQHandler
                0x0000029a                DMA2_DMA18_DriverIRQHandler
                0x0000029a                DAC0_DriverIRQHandler
                0x0000029a                CMP2_DriverIRQHandler
                0x0000029a                UART2_ERR_DriverIRQHandler
                0x0000029a                LVD_LVW_DriverIRQHandler
                0x0000029a                Reserved84_DriverIRQHandler
                0x0000029a                PIT0_DriverIRQHandler
                0x0000029a                LPTMR0_DriverIRQHandler
                0x0000029a                USBDCD_DriverIRQHandler
                0x0000029a                UART3_ERR_DriverIRQHandler
                0x0000029a                DMA12_DMA28_DriverIRQHandler
                0x0000029a                DMA10_DMA26_DriverIRQHandler
                0x0000029a                UART0_ERR_DriverIRQHandler
                0x0000029a                CMT_DriverIRQHandler
                0x0000029a                Reserved71_DriverIRQHandler
                0x0000029a                ADC1_DriverIRQHandler
                0x0000029a                PORTA_DriverIRQHandler
                0x0000029a                DMA1_DMA17_DriverIRQHandler
                0x0000029a                PIT3_DriverIRQHandler
                0x0000029a                PIT1_DriverIRQHandler
                0x0000029a                TPM1_DriverIRQHandler
                0x0000029a                WDOG_EWM_DriverIRQHandler
                0x0000029a                PDB0_DriverIRQHandler
                0x0000029a                DMA8_DMA24_DriverIRQHandler
                0x0000029a                DMA6_DMA22_DriverIRQHandler
                0x0000029a                RTC_DriverIRQHandler
                0x0000029a                I2S0_Rx_DriverIRQHandler
                0x0000029a                Read_Collision_DriverIRQHandler
                0x0000029a                SWI_DriverIRQHandler
                0x0000029a                UART4_ERR_DriverIRQHandler
                0x0000029a                PORTB_DriverIRQHandler
                0x0000029a                DMA13_DMA29_DriverIRQHandler
                0x0000029a                DMA11_DMA27_DriverIRQHandler
                0x0000029a                DMA4_DMA20_DriverIRQHandler
                0x0000029a                DMA9_DMA25_DriverIRQHandler
                0x0000029a                ENET_Receive_DriverIRQHandler
                0x0000029a                DMA3_DMA19_DriverIRQHandler
                0x0000029a                ENET_Error_DriverIRQHandler
                0x0000029a                Reserved85_DriverIRQHandler
                0x0000029a                ADC0_DriverIRQHandler
                0x0000029a                USBHS_DriverIRQHandler
                0x0000029a                CMP0_DriverIRQHandler
                0x0000029a                CAN0_DriverIRQHandler
                0x0000029a                FTM3_DriverIRQHandler
                0x0000029a                DMA5_DMA21_DriverIRQHandler
                0x0000029a                RNG_DriverIRQHandler
                0x0000029a                DMA15_DMA31_DriverIRQHandler
                0x0000029a                UART1_ERR_DriverIRQHandler
                0x0000029a                ENET_Transmit_DriverIRQHandler
                0x0000029a                PORTD_DriverIRQHandler
                0x0000029a                Reserved46_DriverIRQHandler
                0x0000029a                PORTE_DriverIRQHandler
                0x0000029a                FTFE_DriverIRQHandler
                0x0000029a                CAN1_DriverIRQHandler
                0x00000400                        . = 0x400
 *fill*         0x0000029c      0x164 ff
                0x00000400                        PROVIDE (__FLASH_CONFIG_START__ = .)
 *(SORT_BY_ALIGNMENT(.FlashConfig))
 .FlashConfig   0x00000400       0x10 ./startup/startup_mk66f18.o
                0x00000400                Flash_Config
                0x00000410                        PROVIDE (__FLASH_CONFIG_END__ = .)
                0x00000001                        ASSERT (! ((__FLASH_CONFIG_START__ == __FLASH_CONFIG_END__)), Linker Flash Config Support Enabled, but no .FlashConfig section provided within application)
 *(SORT_BY_ALIGNMENT(.text*))
 .text.main     0x00000410      0x884 ./source/ecompass_peripheral.o
                0x00000410                main
 *fill*         0x00000c94        0x4 ff
 .text.atan2    0x00000c98      0x120 c:/nxp/mcuxpressoide_11.9.0_2144/ide/plugins/com.nxp.mcuxpresso.tools.win32_11.9.0.202307121226/tools/bin/../lib/gcc/arm-none-eabi/12.3.1/../../../../arm-none-eabi/lib/thumb/v7e-m+fp/hard\libcr_c.a(atan2.o)
                0x00000c98                atan2
 .text.cos      0x00000db8       0x60 c:/nxp/mcuxpressoide_11.9.0_2144/ide/plugins/com.nxp.mcuxpresso.tools.win32_11.9.0.202307121226/tools/bin/../lib/gcc/arm-none-eabi/12.3.1/../../../../arm-none-eabi/lib/thumb/v7e-m+fp/hard\libcr_c.a(cos.o)
                0x00000db8                cos
 .text.fp_display
                0x00000e18      0x9ec c:/nxp/mcuxpressoide_11.9.0_2144/ide/plugins/com.nxp.mcuxpresso.tools.win32_11.9.0.202307121226/tools/bin/../lib/gcc/arm-none-eabi/12.3.1/../../../../arm-none-eabi/lib/thumb/v7e-m+fp/hard\libcr_c.a(fpprintf.o)
 *fill*         0x00001804        0x4 ff
 .text._frexpl  0x00001808       0x70 c:/nxp/mcuxpressoide_11.9.0_2144/ide/plugins/com.nxp.mcuxpresso.tools.win32_11.9.0.202307121226/tools/bin/../lib/gcc/arm-none-eabi/12.3.1/../../../../arm-none-eabi/lib/thumb/v7e-m+fp/hard\libcr_c.a(_frexpl.o)
                0x00001808                _frexpl
 .text._ldexpl  0x00001878       0x5c c:/nxp/mcuxpressoide_11.9.0_2144/ide/plugins/com.nxp.mcuxpresso.tools.win32_11.9.0.202307121226/tools/bin/../lib/gcc/arm-none-eabi/12.3.1/../../../../arm-none-eabi/lib/thumb/v7e-m+fp/hard\libcr_c.a(_ldexpl.o)
                0x00001878                _ldexpl
 *fill*         0x000018d4        0x4 ff
 .text._sincos  0x000018d8      0x20c c:/nxp/mcuxpressoide_11.9.0_2144/ide/plugins/com.nxp.mcuxpresso.tools.win32_11.9.0.202307121226/tools/bin/../lib/gcc/arm-none-eabi/12.3.1/../../../../arm-none-eabi/lib/thumb/v7e-m+fp/hard\libcr_c.a(_sincos.o)
                0x000018d8                _sincos
 *fill*         0x00001ae4        0x4 ff
 .text.atan     0x00001ae8      0x21c c:/nxp/mcuxpressoide_11.9.0_2144/ide/plugins/com.nxp.mcuxpresso.tools.win32_11.9.0.202307121226/tools/bin/../lib/gcc/arm-none-eabi/12.3.1/../../../../arm-none-eabi/lib/thumb/v7e-m+fp/hard\libcr_c.a(atan.o)
                0x00001ae8                atan
 .text.__assertion_failed
                0x00001d04       0x18 ./utilities/fsl_assert.o
                0x00001d04                __assertion_failed
 .text.__NVIC_SetPriority
                0x00001d1c       0x54 ./source/ecompass_peripheral.o
 .text.SysTick_Config
                0x00001d70       0x44 ./source/ecompass_peripheral.o
 .text.HW_Timer_init
                0x00001db4       0x24 ./source/ecompass_peripheral.o
 .text.SysTick_Handler
                0x00001dd8       0x18 ./source/ecompass_peripheral.o
                0x00001dd8                SysTick_Handler
 .text.Sensor_ReadData
                0x00001df0       0xfc ./source/ecompass_peripheral.o
 .text.Magnetometer_Calibrate
                0x00001eec      0x200 ./source/ecompass_peripheral.o
 .text.setupSPI
                0x000020ec       0x70 ./source/ecompass_peripheral.o
                0x000020ec                setupSPI
 .text.voltageRegulatorEnable
                0x0000215c       0x30 ./source/ecompass_peripheral.o
                0x0000215c                voltageRegulatorEnable
 .text.accelerometerEnable
                0x0000218c       0x30 ./source/ecompass_peripheral.o
                0x0000218c                accelerometerEnable
 .text.SPI_read
                0x000021bc       0x8c ./source/ecompass_peripheral.o
                0x000021bc                SPI_read
 .text.SPI_write
                0x00002248       0x98 ./source/ecompass_peripheral.o
                0x00002248                SPI_write
 .text.CLOCK_SetEr32kClock
                0x000022e0       0x30 ./drivers/fsl_clock.o
 .text.CLOCK_SetPllFllSelClock
                0x00002310       0x54 ./drivers/fsl_clock.o
 .text.CLOCK_GetMcgExtClkFreq
                0x00002364       0x7c ./drivers/fsl_clock.o
 .text.CLOCK_GetFllExtRefClkFreq
                0x000023e0       0xb0 ./drivers/fsl_clock.o
 .text.CLOCK_GetInternalRefClkSelectFreq
                0x00002490       0x4c ./drivers/fsl_clock.o
 .text.CLOCK_GetFllRefClkFreq
                0x000024dc       0x34 ./drivers/fsl_clock.o
 .text.CLOCK_GetOsc0ErClkUndivFreq
                0x00002510       0x44 ./drivers/fsl_clock.o
                0x00002510                CLOCK_GetOsc0ErClkUndivFreq
 .text.CLOCK_GetOsc0ErClkDivFreq
                0x00002554       0x58 ./drivers/fsl_clock.o
                0x00002554                CLOCK_GetOsc0ErClkDivFreq
 .text.CLOCK_GetEr32kClkFreq
                0x000025ac       0x74 ./drivers/fsl_clock.o
                0x000025ac                CLOCK_GetEr32kClkFreq
 .text.CLOCK_GetPllFllSelClkFreq
                0x00002620       0x90 ./drivers/fsl_clock.o
                0x00002620                CLOCK_GetPllFllSelClkFreq
 .text.CLOCK_GetCoreSysClkFreq
                0x000026b0       0x28 ./drivers/fsl_clock.o
                0x000026b0                CLOCK_GetCoreSysClkFreq
 .text.CLOCK_GetFreq
                0x000026d8      0x148 ./drivers/fsl_clock.o
                0x000026d8                CLOCK_GetFreq
 .text.CLOCK_SetSimConfig
                0x00002820       0x40 ./drivers/fsl_clock.o
                0x00002820                CLOCK_SetSimConfig
 .text.CLOCK_GetOutClkFreq
                0x00002860       0x90 ./drivers/fsl_clock.o
                0x00002860                CLOCK_GetOutClkFreq
 .text.CLOCK_GetFllFreq
                0x000028f0       0x84 ./drivers/fsl_clock.o
                0x000028f0                CLOCK_GetFllFreq
 .text.CLOCK_GetInternalRefClkFreq
                0x00002974       0x30 ./drivers/fsl_clock.o
                0x00002974                CLOCK_GetInternalRefClkFreq
 .text.CLOCK_GetPll0Freq
                0x000029a4       0x7c ./drivers/fsl_clock.o
                0x000029a4                CLOCK_GetPll0Freq
 .text.CLOCK_GetExtPllFreq
                0x00002a20       0x18 ./drivers/fsl_clock.o
                0x00002a20                CLOCK_GetExtPllFreq
 .text.CLOCK_SetExternalRefClkConfig
                0x00002a38       0x6c ./drivers/fsl_clock.o
                0x00002a38                CLOCK_SetExternalRefClkConfig
 .text.CLOCK_SetInternalRefClkConfig
                0x00002aa4      0x104 ./drivers/fsl_clock.o
                0x00002aa4                CLOCK_SetInternalRefClkConfig
 .text.DSPI_GetInstance
                0x00002ba8       0x4c ./drivers/fsl_dspi.o
                0x00002ba8                DSPI_GetInstance
 .text.DSPI_GetDummyDataInstance
                0x00002bf4       0x24 ./drivers/fsl_dspi.o
                0x00002bf4                DSPI_GetDummyDataInstance
 .text.DSPI_SetDummyData
                0x00002c18       0x2c ./drivers/fsl_dspi.o
                0x00002c18                DSPI_SetDummyData
 .text.DSPI_MasterInit
                0x00002c44      0x16c ./drivers/fsl_dspi.o
                0x00002c44                DSPI_MasterInit
 .text.DSPI_MasterSetBaudRate
                0x00002db0      0x12c ./drivers/fsl_dspi.o
                0x00002db0                DSPI_MasterSetBaudRate
 .text.DSPI_MasterSetDelayScaler
                0x00002edc       0xe8 ./drivers/fsl_dspi.o
                0x00002edc                DSPI_MasterSetDelayScaler
 .text.DSPI_MasterSetDelayTimes
                0x00002fc4      0x130 ./drivers/fsl_dspi.o
                0x00002fc4                DSPI_MasterSetDelayTimes
 .text.DSPI_MasterTransferBlocking
                0x000030f4      0x488 ./drivers/fsl_dspi.o
                0x000030f4                DSPI_MasterTransferBlocking
 .text.DSPI_CommonIRQHandler
                0x0000357c       0x44 ./drivers/fsl_dspi.o
 .text.SPI0_DriverIRQHandler
                0x000035c0       0x30 ./drivers/fsl_dspi.o
                0x000035c0                SPI0_DriverIRQHandler
 .text.SPI1_DriverIRQHandler
                0x000035f0       0x30 ./drivers/fsl_dspi.o
                0x000035f0                SPI1_DriverIRQHandler
 .text.SPI2_DriverIRQHandler
                0x00003620       0x30 ./drivers/fsl_dspi.o
                0x00003620                SPI2_DriverIRQHandler
 .text.GPIO_PinInit
                0x00003650       0x64 ./drivers/fsl_gpio.o
                0x00003650                GPIO_PinInit
 .text.I2C_GetInstance
                0x000036b4       0x4c ./drivers/fsl_i2c.o
                0x000036b4                I2C_GetInstance
 .text.I2C_TransferCommonIRQHandler
                0x00003700       0x58 ./drivers/fsl_i2c.o
 .text.I2C_MasterInit
                0x00003758       0xe4 ./drivers/fsl_i2c.o
                0x00003758                I2C_MasterInit
 .text.I2C_MasterSetBaudRate
                0x0000383c       0xe8 ./drivers/fsl_i2c.o
                0x0000383c                I2C_MasterSetBaudRate
 .text.I2C0_DriverIRQHandler
                0x00003924       0x1c ./drivers/fsl_i2c.o
                0x00003924                I2C0_DriverIRQHandler
 .text.I2C1_DriverIRQHandler
                0x00003940       0x1c ./drivers/fsl_i2c.o
                0x00003940                I2C1_DriverIRQHandler
 .text.I2C2_DriverIRQHandler
                0x0000395c       0x1c ./drivers/fsl_i2c.o
                0x0000395c                I2C2_DriverIRQHandler
 .text.I2C3_DriverIRQHandler
                0x00003978       0x1c ./drivers/fsl_i2c.o
                0x00003978                I2C3_DriverIRQHandler
 .text.LPUART0_DriverIRQHandler
                0x00003994       0x28 ./drivers/fsl_lpuart.o
                0x00003994                LPUART0_DriverIRQHandler
 .text.UART0_DriverIRQHandler
                0x000039bc       0x28 ./drivers/fsl_uart.o
                0x000039bc                UART0_DriverIRQHandler
 .text.UART1_DriverIRQHandler
                0x000039e4       0x28 ./drivers/fsl_uart.o
                0x000039e4                UART1_DriverIRQHandler
 .text.UART2_DriverIRQHandler
                0x00003a0c       0x28 ./drivers/fsl_uart.o
                0x00003a0c                UART2_DriverIRQHandler
 .text.UART3_DriverIRQHandler
                0x00003a34       0x28 ./drivers/fsl_uart.o
                0x00003a34                UART3_DriverIRQHandler
 .text.UART4_DriverIRQHandler
                0x00003a5c       0x28 ./drivers/fsl_uart.o
                0x00003a5c                UART4_DriverIRQHandler
 .text.SystemInit
                0x00003a84       0x3c ./device/system_MK66F18.o
                0x00003a84                SystemInit
 .text.CLOCK_SetSimSafeDivs
                0x00003ac0       0x24 ./board/clock_config.o
 .text.CLOCK_CONFIG_SetFllExtRefDiv
                0x00003ae4       0x3c ./board/clock_config.o
 .text.BOARD_BootClockRUN
                0x00003b20       0x3c ./board/clock_config.o
                0x00003b20                BOARD_BootClockRUN
 .text.BOARD_ACCEL_I2C_init
                0x00003b5c       0x24 ./board/peripherals.o
                0x00003b5c                BOARD_ACCEL_I2C_init
 .text.BOARD_InitPins
                0x00003b80       0x60 ./board/pin_mux.o
                0x00003b80                BOARD_InitPins
 .text.FXOS_Init
                0x00003be0      0x190 ./accel/fsl_fxos.o
                0x00003be0                FXOS_Init
 .text.FXOS_ReadReg
                0x00003d70       0x58 ./accel/fsl_fxos.o
                0x00003d70                FXOS_ReadReg
 .text.FXOS_WriteReg
                0x00003dc8       0x44 ./accel/fsl_fxos.o
                0x00003dc8                FXOS_WriteReg
 .text.__filbuf
                0x00003e0c      0x178 c:/nxp/mcuxpressoide_11.9.0_2144/ide/plugins/com.nxp.mcuxpresso.tools.win32_11.9.0.202307121226/tools/bin/../lib/gcc/arm-none-eabi/12.3.1/../../../../arm-none-eabi/lib/thumb/v7e-m+fp/hard\libcr_c.a(__fillbuf.o)
                0x00003e0c                __filbuf
 .text._Cwritebuf
                0x00003f84       0x6c c:/nxp/mcuxpressoide_11.9.0_2144/ide/plugins/com.nxp.mcuxpresso.tools.win32_11.9.0.202307121226/tools/bin/../lib/gcc/arm-none-eabi/12.3.1/../../../../arm-none-eabi/lib/thumb/v7e-m+fp/hard\libcr_c.a(_writebuf.o)
                0x00003f84                _Cwritebuf
 .text.malloc   0x00003ff0       0xe8 c:/nxp/mcuxpressoide_11.9.0_2144/ide/plugins/com.nxp.mcuxpresso.tools.win32_11.9.0.202307121226/tools/bin/../lib/gcc/arm-none-eabi/12.3.1/../../../../arm-none-eabi/lib/thumb/v7e-m+fp/hard\libcr_c.a(alloc.o)
                0x00003ff0                malloc
 .text._Csys_alloc
                0x000040d8       0x20 c:/nxp/mcuxpressoide_11.9.0_2144/ide/plugins/com.nxp.mcuxpresso.tools.win32_11.9.0.202307121226/tools/bin/../lib/gcc/arm-none-eabi/12.3.1/../../../../arm-none-eabi/lib/thumb/v7e-m+fp/hard\libcr_c.a(alloc.o)
                0x000040d8                _Csys_alloc
 .text.sprintf  0x000040f8       0x6c c:/nxp/mcuxpressoide_11.9.0_2144/ide/plugins/com.nxp.mcuxpresso.tools.win32_11.9.0.202307121226/tools/bin/../lib/gcc/arm-none-eabi/12.3.1/../../../../arm-none-eabi/lib/thumb/v7e-m+fp/hard\libcr_c.a(fpprintf.o)
                0x000040f8                sprintf
 .text.vsnprintf
                0x00004164       0x68 c:/nxp/mcuxpressoide_11.9.0_2144/ide/plugins/com.nxp.mcuxpresso.tools.win32_11.9.0.202307121226/tools/bin/../lib/gcc/arm-none-eabi/12.3.1/../../../../arm-none-eabi/lib/thumb/v7e-m+fp/hard\libcr_c.a(fpprintf.o)
                0x00004164                vsnprintf
 .text.printf   0x000041cc       0x54 c:/nxp/mcuxpressoide_11.9.0_2144/ide/plugins/com.nxp.mcuxpresso.tools.win32_11.9.0.202307121226/tools/bin/../lib/gcc/arm-none-eabi/12.3.1/../../../../arm-none-eabi/lib/thumb/v7e-m+fp/hard\libcr_c.a(fpprintf.o)
                0x000041cc                printf
 .text.fseek    0x00004220       0xf8 c:/nxp/mcuxpressoide_11.9.0_2144/ide/plugins/com.nxp.mcuxpresso.tools.win32_11.9.0.202307121226/tools/bin/../lib/gcc/arm-none-eabi/12.3.1/../../../../arm-none-eabi/lib/thumb/v7e-m+fp/hard\libcr_c.a(fseek.o)
                0x00004220                fseek
 .text.ftell    0x00004318       0x44 c:/nxp/mcuxpressoide_11.9.0_2144/ide/plugins/com.nxp.mcuxpresso.tools.win32_11.9.0.202307121226/tools/bin/../lib/gcc/arm-none-eabi/12.3.1/../../../../arm-none-eabi/lib/thumb/v7e-m+fp/hard\libcr_c.a(ftell.o)
                0x00004318                ftell
 .text._initio  0x0000435c       0x78 c:/nxp/mcuxpressoide_11.9.0_2144/ide/plugins/com.nxp.mcuxpresso.tools.win32_11.9.0.202307121226/tools/bin/../lib/gcc/arm-none-eabi/12.3.1/../../../../arm-none-eabi/lib/thumb/v7e-m+fp/hard\libcr_c.a(initio.o)
                0x0000435c                _initio
 .text.__vfprintf
                0x000043d4      0xb80 c:/nxp/mcuxpressoide_11.9.0_2144/ide/plugins/com.nxp.mcuxpresso.tools.win32_11.9.0.202307121226/tools/bin/../lib/gcc/arm-none-eabi/12.3.1/../../../../arm-none-eabi/lib/thumb/v7e-m+fp/hard\libcr_c.a(printf.o)
                0x000043d4                __vfprintf
 .text._sbrk    0x00004f54       0x3c c:/nxp/mcuxpressoide_11.9.0_2144/ide/plugins/com.nxp.mcuxpresso.tools.win32_11.9.0.202307121226/tools/bin/../lib/gcc/arm-none-eabi/12.3.1/../../../../arm-none-eabi/lib/thumb/v7e-m+fp/hard\libcr_c.a(_cr_sbrk.o)
                0x00004f54                _sbrk
 .text.fflush   0x00004f90       0x3c c:/nxp/mcuxpressoide_11.9.0_2144/ide/plugins/com.nxp.mcuxpresso.tools.win32_11.9.0.202307121226/tools/bin/../lib/gcc/arm-none-eabi/12.3.1/../../../../arm-none-eabi/lib/thumb/v7e-m+fp/hard\libcr_c.a(fflush.o)
                0x00004f90                fflush
 .text.__check_heap_overflow
                0x00004fcc       0x18 c:/nxp/mcuxpressoide_11.9.0_2144/ide/plugins/com.nxp.mcuxpresso.tools.win32_11.9.0.202307121226/tools/bin/../lib/gcc/arm-none-eabi/12.3.1/../../../../arm-none-eabi/lib/thumb/v7e-m+fp/hard\libcr_c.a(_cr_check_heap.o)
                0x00004fcc                __check_heap_overflow
 .text.__aeabi_dmul
                0x00004fe4       0xfc c:/nxp/mcuxpressoide_11.9.0_2144/ide/plugins/com.nxp.mcuxpresso.tools.win32_11.9.0.202307121226/tools/bin/../lib/gcc/arm-none-eabi/12.3.1/thumb/v7e-m+fp/hard\libcr_eabihelpers.a(double.o)
                0x00004fe4                __aeabi_dmul
 .text.__aeabi_ddiv
                0x000050e0      0x12c c:/nxp/mcuxpressoide_11.9.0_2144/ide/plugins/com.nxp.mcuxpresso.tools.win32_11.9.0.202307121226/tools/bin/../lib/gcc/arm-none-eabi/12.3.1/thumb/v7e-m+fp/hard\libcr_eabihelpers.a(double.o)
                0x000050e0                __aeabi_ddiv
 .text.__aeabi_dsub
                0x0000520c      0x1b4 c:/nxp/mcuxpressoide_11.9.0_2144/ide/plugins/com.nxp.mcuxpresso.tools.win32_11.9.0.202307121226/tools/bin/../lib/gcc/arm-none-eabi/12.3.1/thumb/v7e-m+fp/hard\libcr_eabihelpers.a(double.o)
                0x0000520c                __aeabi_dsub
 .text.__aeabi_dadd
                0x000053c0      0x138 c:/nxp/mcuxpressoide_11.9.0_2144/ide/plugins/com.nxp.mcuxpresso.tools.win32_11.9.0.202307121226/tools/bin/../lib/gcc/arm-none-eabi/12.3.1/thumb/v7e-m+fp/hard\libcr_eabihelpers.a(double.o)
                0x000053c0                __aeabi_dadd
 .text.__sys_appexit
                0x000054f8        0xc c:/nxp/mcuxpressoide_11.9.0_2144/ide/plugins/com.nxp.mcuxpresso.tools.win32_11.9.0.202307121226/tools/bin/../lib/gcc/arm-none-eabi/12.3.1/../../../../arm-none-eabi/lib/thumb/v7e-m+fp/hard\libcr_semihost_nf.a(__sys_appexit.o)
                0x000054f8                __sys_appexit
                0x000054f8                __exit
 .text.DMA0_DMA16_IRQHandler
                0x00005504        0x8 ./startup/startup_mk66f18.o
                0x00005504                DMA0_DMA16_IRQHandler
 .text.DMA1_DMA17_IRQHandler
                0x0000550c        0x8 ./startup/startup_mk66f18.o
                0x0000550c                DMA1_DMA17_IRQHandler
 .text.DMA2_DMA18_IRQHandler
                0x00005514        0x8 ./startup/startup_mk66f18.o
                0x00005514                DMA2_DMA18_IRQHandler
 .text.DMA3_DMA19_IRQHandler
                0x0000551c        0x8 ./startup/startup_mk66f18.o
                0x0000551c                DMA3_DMA19_IRQHandler
 .text.DMA4_DMA20_IRQHandler
                0x00005524        0x8 ./startup/startup_mk66f18.o
                0x00005524                DMA4_DMA20_IRQHandler
 .text.DMA5_DMA21_IRQHandler
                0x0000552c        0x8 ./startup/startup_mk66f18.o
                0x0000552c                DMA5_DMA21_IRQHandler
 .text.DMA6_DMA22_IRQHandler
                0x00005534        0x8 ./startup/startup_mk66f18.o
                0x00005534                DMA6_DMA22_IRQHandler
 .text.DMA7_DMA23_IRQHandler
                0x0000553c        0x8 ./startup/startup_mk66f18.o
                0x0000553c                DMA7_DMA23_IRQHandler
 .text.DMA8_DMA24_IRQHandler
                0x00005544        0x8 ./startup/startup_mk66f18.o
                0x00005544                DMA8_DMA24_IRQHandler
 .text.DMA9_DMA25_IRQHandler
                0x0000554c        0x8 ./startup/startup_mk66f18.o
                0x0000554c                DMA9_DMA25_IRQHandler
 .text.DMA10_DMA26_IRQHandler
                0x00005554        0x8 ./startup/startup_mk66f18.o
                0x00005554                DMA10_DMA26_IRQHandler
 .text.DMA11_DMA27_IRQHandler
                0x0000555c        0x8 ./startup/startup_mk66f18.o
                0x0000555c                DMA11_DMA27_IRQHandler
 .text.DMA12_DMA28_IRQHandler
                0x00005564        0x8 ./startup/startup_mk66f18.o
                0x00005564                DMA12_DMA28_IRQHandler
 .text.DMA13_DMA29_IRQHandler
                0x0000556c        0x8 ./startup/startup_mk66f18.o
                0x0000556c                DMA13_DMA29_IRQHandler
 .text.DMA14_DMA30_IRQHandler
                0x00005574        0x8 ./startup/startup_mk66f18.o
                0x00005574                DMA14_DMA30_IRQHandler
 .text.DMA15_DMA31_IRQHandler
                0x0000557c        0x8 ./startup/startup_mk66f18.o
                0x0000557c                DMA15_DMA31_IRQHandler
 .text.DMA_Error_IRQHandler
                0x00005584        0x8 ./startup/startup_mk66f18.o
                0x00005584                DMA_Error_IRQHandler
 .text.MCM_IRQHandler
                0x0000558c        0x8 ./startup/startup_mk66f18.o
                0x0000558c                MCM_IRQHandler
 .text.FTFE_IRQHandler
                0x00005594        0x8 ./startup/startup_mk66f18.o
                0x00005594                FTFE_IRQHandler
 .text.Read_Collision_IRQHandler
                0x0000559c        0x8 ./startup/startup_mk66f18.o
                0x0000559c                Read_Collision_IRQHandler
 .text.LVD_LVW_IRQHandler
                0x000055a4        0x8 ./startup/startup_mk66f18.o
                0x000055a4                LVD_LVW_IRQHandler
 .text.LLWU_IRQHandler
                0x000055ac        0x8 ./startup/startup_mk66f18.o
                0x000055ac                LLWU_IRQHandler
 .text.WDOG_EWM_IRQHandler
                0x000055b4        0x8 ./startup/startup_mk66f18.o
                0x000055b4                WDOG_EWM_IRQHandler
 .text.RNG_IRQHandler
                0x000055bc        0x8 ./startup/startup_mk66f18.o
                0x000055bc                RNG_IRQHandler
 .text.I2C0_IRQHandler
                0x000055c4        0x8 ./startup/startup_mk66f18.o
                0x000055c4                I2C0_IRQHandler
 .text.I2C1_IRQHandler
                0x000055cc        0x8 ./startup/startup_mk66f18.o
                0x000055cc                I2C1_IRQHandler
 .text.SPI0_IRQHandler
                0x000055d4        0x8 ./startup/startup_mk66f18.o
                0x000055d4                SPI0_IRQHandler
 .text.SPI1_IRQHandler
                0x000055dc        0x8 ./startup/startup_mk66f18.o
                0x000055dc                SPI1_IRQHandler
 .text.I2S0_Tx_IRQHandler
                0x000055e4        0x8 ./startup/startup_mk66f18.o
                0x000055e4                I2S0_Tx_IRQHandler
 .text.I2S0_Rx_IRQHandler
                0x000055ec        0x8 ./startup/startup_mk66f18.o
                0x000055ec                I2S0_Rx_IRQHandler
 .text.Reserved46_IRQHandler
                0x000055f4        0x8 ./startup/startup_mk66f18.o
                0x000055f4                Reserved46_IRQHandler
 .text.UART0_RX_TX_IRQHandler
                0x000055fc        0x8 ./startup/startup_mk66f18.o
                0x000055fc                UART0_RX_TX_IRQHandler
 .text.UART0_ERR_IRQHandler
                0x00005604        0x8 ./startup/startup_mk66f18.o
                0x00005604                UART0_ERR_IRQHandler
 .text.UART1_RX_TX_IRQHandler
                0x0000560c        0x8 ./startup/startup_mk66f18.o
                0x0000560c                UART1_RX_TX_IRQHandler
 .text.UART1_ERR_IRQHandler
                0x00005614        0x8 ./startup/startup_mk66f18.o
                0x00005614                UART1_ERR_IRQHandler
 .text.UART2_RX_TX_IRQHandler
                0x0000561c        0x8 ./startup/startup_mk66f18.o
                0x0000561c                UART2_RX_TX_IRQHandler
 .text.UART2_ERR_IRQHandler
                0x00005624        0x8 ./startup/startup_mk66f18.o
                0x00005624                UART2_ERR_IRQHandler
 .text.UART3_RX_TX_IRQHandler
                0x0000562c        0x8 ./startup/startup_mk66f18.o
                0x0000562c                UART3_RX_TX_IRQHandler
 .text.UART3_ERR_IRQHandler
                0x00005634        0x8 ./startup/startup_mk66f18.o
                0x00005634                UART3_ERR_IRQHandler
 .text.ADC0_IRQHandler
                0x0000563c        0x8 ./startup/startup_mk66f18.o
                0x0000563c                ADC0_IRQHandler
 .text.CMP0_IRQHandler
                0x00005644        0x8 ./startup/startup_mk66f18.o
                0x00005644                CMP0_IRQHandler
 .text.CMP1_IRQHandler
                0x0000564c        0x8 ./startup/startup_mk66f18.o
                0x0000564c                CMP1_IRQHandler
 .text.FTM0_IRQHandler
                0x00005654        0x8 ./startup/startup_mk66f18.o
                0x00005654                FTM0_IRQHandler
 .text.FTM1_IRQHandler
                0x0000565c        0x8 ./startup/startup_mk66f18.o
                0x0000565c                FTM1_IRQHandler
 .text.FTM2_IRQHandler
                0x00005664        0x8 ./startup/startup_mk66f18.o
                0x00005664                FTM2_IRQHandler
 .text.CMT_IRQHandler
                0x0000566c        0x8 ./startup/startup_mk66f18.o
                0x0000566c                CMT_IRQHandler
 .text.RTC_IRQHandler
                0x00005674        0x8 ./startup/startup_mk66f18.o
                0x00005674                RTC_IRQHandler
 .text.RTC_Seconds_IRQHandler
                0x0000567c        0x8 ./startup/startup_mk66f18.o
                0x0000567c                RTC_Seconds_IRQHandler
 .text.PIT0_IRQHandler
                0x00005684        0x8 ./startup/startup_mk66f18.o
                0x00005684                PIT0_IRQHandler
 .text.PIT1_IRQHandler
                0x0000568c        0x8 ./startup/startup_mk66f18.o
                0x0000568c                PIT1_IRQHandler
 .text.PIT2_IRQHandler
                0x00005694        0x8 ./startup/startup_mk66f18.o
                0x00005694                PIT2_IRQHandler
 .text.PIT3_IRQHandler
                0x0000569c        0x8 ./startup/startup_mk66f18.o
                0x0000569c                PIT3_IRQHandler
 .text.PDB0_IRQHandler
                0x000056a4        0x8 ./startup/startup_mk66f18.o
                0x000056a4                PDB0_IRQHandler
 .text.USB0_IRQHandler
                0x000056ac        0x8 ./startup/startup_mk66f18.o
                0x000056ac                USB0_IRQHandler
 .text.USBDCD_IRQHandler
                0x000056b4        0x8 ./startup/startup_mk66f18.o
                0x000056b4                USBDCD_IRQHandler
 .text.Reserved71_IRQHandler
                0x000056bc        0x8 ./startup/startup_mk66f18.o
                0x000056bc                Reserved71_IRQHandler
 .text.DAC0_IRQHandler
                0x000056c4        0x8 ./startup/startup_mk66f18.o
                0x000056c4                DAC0_IRQHandler
 .text.MCG_IRQHandler
                0x000056cc        0x8 ./startup/startup_mk66f18.o
                0x000056cc                MCG_IRQHandler
 .text.LPTMR0_IRQHandler
                0x000056d4        0x8 ./startup/startup_mk66f18.o
                0x000056d4                LPTMR0_IRQHandler
 .text.PORTA_IRQHandler
                0x000056dc        0x8 ./startup/startup_mk66f18.o
                0x000056dc                PORTA_IRQHandler
 .text.PORTB_IRQHandler
                0x000056e4        0x8 ./startup/startup_mk66f18.o
                0x000056e4                PORTB_IRQHandler
 .text.PORTC_IRQHandler
                0x000056ec        0x8 ./startup/startup_mk66f18.o
                0x000056ec                PORTC_IRQHandler
 .text.PORTD_IRQHandler
                0x000056f4        0x8 ./startup/startup_mk66f18.o
                0x000056f4                PORTD_IRQHandler
 .text.PORTE_IRQHandler
                0x000056fc        0x8 ./startup/startup_mk66f18.o
                0x000056fc                PORTE_IRQHandler
 .text.SWI_IRQHandler
                0x00005704        0x8 ./startup/startup_mk66f18.o
                0x00005704                SWI_IRQHandler
 .text.SPI2_IRQHandler
                0x0000570c        0x8 ./startup/startup_mk66f18.o
                0x0000570c                SPI2_IRQHandler
 .text.UART4_RX_TX_IRQHandler
                0x00005714        0x8 ./startup/startup_mk66f18.o
                0x00005714                UART4_RX_TX_IRQHandler
 .text.UART4_ERR_IRQHandler
                0x0000571c        0x8 ./startup/startup_mk66f18.o
                0x0000571c                UART4_ERR_IRQHandler
 .text.Reserved84_IRQHandler
                0x00005724        0x8 ./startup/startup_mk66f18.o
                0x00005724                Reserved84_IRQHandler
 .text.Reserved85_IRQHandler
                0x0000572c        0x8 ./startup/startup_mk66f18.o
                0x0000572c                Reserved85_IRQHandler
 .text.CMP2_IRQHandler
                0x00005734        0x8 ./startup/startup_mk66f18.o
                0x00005734                CMP2_IRQHandler
 .text.FTM3_IRQHandler
                0x0000573c        0x8 ./startup/startup_mk66f18.o
                0x0000573c                FTM3_IRQHandler
 .text.DAC1_IRQHandler
                0x00005744        0x8 ./startup/startup_mk66f18.o
                0x00005744                DAC1_IRQHandler
 .text.ADC1_IRQHandler
                0x0000574c        0x8 ./startup/startup_mk66f18.o
                0x0000574c                ADC1_IRQHandler
 .text.I2C2_IRQHandler
                0x00005754        0x8 ./startup/startup_mk66f18.o
                0x00005754                I2C2_IRQHandler
 .text.CAN0_ORed_Message_buffer_IRQHandler
                0x0000575c        0x8 ./startup/startup_mk66f18.o
                0x0000575c                CAN0_ORed_Message_buffer_IRQHandler
 .text.CAN0_Bus_Off_IRQHandler
                0x00005764        0x8 ./startup/startup_mk66f18.o
                0x00005764                CAN0_Bus_Off_IRQHandler
 .text.CAN0_Error_IRQHandler
                0x0000576c        0x8 ./startup/startup_mk66f18.o
                0x0000576c                CAN0_Error_IRQHandler
 .text.CAN0_Tx_Warning_IRQHandler
                0x00005774        0x8 ./startup/startup_mk66f18.o
                0x00005774                CAN0_Tx_Warning_IRQHandler
 .text.CAN0_Rx_Warning_IRQHandler
                0x0000577c        0x8 ./startup/startup_mk66f18.o
                0x0000577c                CAN0_Rx_Warning_IRQHandler
 .text.CAN0_Wake_Up_IRQHandler
                0x00005784        0x8 ./startup/startup_mk66f18.o
                0x00005784                CAN0_Wake_Up_IRQHandler
 .text.SDHC_IRQHandler
                0x0000578c        0x8 ./startup/startup_mk66f18.o
                0x0000578c                SDHC_IRQHandler
 .text.ENET_1588_Timer_IRQHandler
                0x00005794        0x8 ./startup/startup_mk66f18.o
                0x00005794                ENET_1588_Timer_IRQHandler
 .text.ENET_Transmit_IRQHandler
                0x0000579c        0x8 ./startup/startup_mk66f18.o
                0x0000579c                ENET_Transmit_IRQHandler
 .text.ENET_Receive_IRQHandler
                0x000057a4        0x8 ./startup/startup_mk66f18.o
                0x000057a4                ENET_Receive_IRQHandler
 .text.ENET_Error_IRQHandler
                0x000057ac        0x8 ./startup/startup_mk66f18.o
                0x000057ac                ENET_Error_IRQHandler
 .text.LPUART0_IRQHandler
                0x000057b4        0x8 ./startup/startup_mk66f18.o
                0x000057b4                LPUART0_IRQHandler
 .text.TSI0_IRQHandler
                0x000057bc        0x8 ./startup/startup_mk66f18.o
                0x000057bc                TSI0_IRQHandler
 .text.TPM1_IRQHandler
                0x000057c4        0x8 ./startup/startup_mk66f18.o
                0x000057c4                TPM1_IRQHandler
 .text.TPM2_IRQHandler
                0x000057cc        0x8 ./startup/startup_mk66f18.o
                0x000057cc                TPM2_IRQHandler
 .text.USBHSDCD_IRQHandler
                0x000057d4        0x8 ./startup/startup_mk66f18.o
                0x000057d4                USBHSDCD_IRQHandler
 .text.I2C3_IRQHandler
                0x000057dc        0x8 ./startup/startup_mk66f18.o
                0x000057dc                I2C3_IRQHandler
 .text.CMP3_IRQHandler
                0x000057e4        0x8 ./startup/startup_mk66f18.o
                0x000057e4                CMP3_IRQHandler
 .text.USBHS_IRQHandler
                0x000057ec        0x8 ./startup/startup_mk66f18.o
                0x000057ec                USBHS_IRQHandler
 .text.CAN1_ORed_Message_buffer_IRQHandler
                0x000057f4        0x8 ./startup/startup_mk66f18.o
                0x000057f4                CAN1_ORed_Message_buffer_IRQHandler
 .text.CAN1_Bus_Off_IRQHandler
                0x000057fc        0x8 ./startup/startup_mk66f18.o
                0x000057fc                CAN1_Bus_Off_IRQHandler
 .text.CAN1_Error_IRQHandler
                0x00005804        0x8 ./startup/startup_mk66f18.o
                0x00005804                CAN1_Error_IRQHandler
 .text.CAN1_Tx_Warning_IRQHandler
                0x0000580c        0x8 ./startup/startup_mk66f18.o
                0x0000580c                CAN1_Tx_Warning_IRQHandler
 .text.CAN1_Rx_Warning_IRQHandler
                0x00005814        0x8 ./startup/startup_mk66f18.o
                0x00005814                CAN1_Rx_Warning_IRQHandler
 .text.CAN1_Wake_Up_IRQHandler
                0x0000581c        0x8 ./startup/startup_mk66f18.o
                0x0000581c                CAN1_Wake_Up_IRQHandler
 .text.GPIO_PinWrite
                0x00005824       0x36 ./source/ecompass_peripheral.o
 .text.Delay    0x0000585a       0x24 ./source/ecompass_peripheral.o
 .text.HardFault_Handler
                0x0000587e       0x36 ./source/semihost_hardfault.o
                0x0000587e                HardFault_Handler
 .text.CLOCK_GetPll0RefFreq
                0x000058b4        0xe ./drivers/fsl_clock.o
 .text.CLOCK_GetFixedFreqClkFreq
                0x000058c2       0x34 ./drivers/fsl_clock.o
                0x000058c2                CLOCK_GetFixedFreqClkFreq
 .text.CLOCK_EnableClock
                0x000058f6       0x34 ./drivers/fsl_dspi.o
 .text.DSPI_Enable
                0x0000592a       0x38 ./drivers/fsl_dspi.o
 .text.DSPI_GetStatusFlags
                0x00005962       0x18 ./drivers/fsl_dspi.o
 .text.DSPI_ClearStatusFlags
                0x0000597a       0x1c ./drivers/fsl_dspi.o
 .text.DSPI_DisableInterrupts
                0x00005996       0x24 ./drivers/fsl_dspi.o
 .text.DSPI_SetMasterSlaveMode
                0x000059ba       0x2a ./drivers/fsl_dspi.o
 .text.DSPI_IsMaster
                0x000059e4       0x26 ./drivers/fsl_dspi.o
 .text.DSPI_StartTransfer
                0x00005a0a       0x20 ./drivers/fsl_dspi.o
 .text.DSPI_StopTransfer
                0x00005a2a       0x20 ./drivers/fsl_dspi.o
 .text.DSPI_FlushFifo
                0x00005a4a       0x48 ./drivers/fsl_dspi.o
 .text.DSPI_MasterGetFormattedCommand
                0x00005a92       0x4a ./drivers/fsl_dspi.o
 .text.DSPI_ReadData
                0x00005adc       0x18 ./drivers/fsl_dspi.o
 .text.DSPI_SetOnePcsPolarity
                0x00005af4       0x4e ./drivers/fsl_dspi.o
 .text.GPIO_PinWrite
                0x00005b42       0x36 ./drivers/fsl_gpio.o
 .text.CLOCK_EnableClock
                0x00005b78       0x34 ./drivers/fsl_i2c.o
 .text.I2C_MasterClearStatusFlags
                0x00005bac       0x5a ./drivers/fsl_i2c.o
 .text.UART0_RX_TX_DriverIRQHandler
                0x00005c06       0x12 ./drivers/fsl_uart.o
                0x00005c06                UART0_RX_TX_DriverIRQHandler
 .text.UART1_RX_TX_DriverIRQHandler
                0x00005c18       0x12 ./drivers/fsl_uart.o
                0x00005c18                UART1_RX_TX_DriverIRQHandler
 .text.UART2_RX_TX_DriverIRQHandler
                0x00005c2a       0x12 ./drivers/fsl_uart.o
                0x00005c2a                UART2_RX_TX_DriverIRQHandler
 .text.UART3_RX_TX_DriverIRQHandler
                0x00005c3c       0x12 ./drivers/fsl_uart.o
                0x00005c3c                UART3_RX_TX_DriverIRQHandler
 .text.UART4_RX_TX_DriverIRQHandler
                0x00005c4e       0x12 ./drivers/fsl_uart.o
                0x00005c4e                UART4_RX_TX_DriverIRQHandler
 .text.SystemInitHook
                0x00005c60        0xe ./device/system_MK66F18.o
                0x00005c60                SystemInitHook
 .text.DbgConsole_Init
                0x00005c6e       0x20 ./board/board.o
 .text.BOARD_InitDebugConsole
                0x00005c8e       0x22 ./board/board.o
                0x00005c8e                BOARD_InitDebugConsole
 .text.BOARD_InitBootClocks
                0x00005cb0        0xc ./board/clock_config.o
                0x00005cb0                BOARD_InitBootClocks
 .text.BOARD_InitPeripherals
                0x00005cbc        0xc ./board/peripherals.o
                0x00005cbc                BOARD_InitPeripherals
 .text.CLOCK_EnableClock
                0x00005cc8       0x34 ./board/pin_mux.o
 .text.PORT_SetPinMux
                0x00005cfc       0x3a ./board/pin_mux.o
 .text.BOARD_InitBootPins
                0x00005d36        0xc ./board/pin_mux.o
                0x00005d36                BOARD_InitBootPins
 .text.FXOS_ReadSensorData
                0x00005d42       0x9e ./accel/fsl_fxos.o
                0x00005d42                FXOS_ReadSensorData
 .text.__main   0x00005de0        0xe c:/nxp/mcuxpressoide_11.9.0_2144/ide/plugins/com.nxp.mcuxpresso.tools.win32_11.9.0.202307121226/tools/bin/../lib/gcc/arm-none-eabi/12.3.1/../../../../arm-none-eabi/lib/thumb/v7e-m+fp/hard\libcr_semihost_nf.a(_cr__main.o)
                0x00005de0                __CR_SEMIHOST
                0x00005de0                __main
 .text.memcpy   0x00005dee        0x4 c:/nxp/mcuxpressoide_11.9.0_2144/ide/plugins/com.nxp.mcuxpresso.tools.win32_11.9.0.202307121226/tools/bin/../lib/gcc/arm-none-eabi/12.3.1/../../../../arm-none-eabi/lib/thumb/v7e-m+fp/hard\libcr_c.a(memcpy.o)
                0x00005dee                memcpy
 .text.memset   0x00005df2        0x4 c:/nxp/mcuxpressoide_11.9.0_2144/ide/plugins/com.nxp.mcuxpresso.tools.win32_11.9.0.202307121226/tools/bin/../lib/gcc/arm-none-eabi/12.3.1/../../../../arm-none-eabi/lib/thumb/v7e-m+fp/hard\libcr_c.a(memset.o)
                0x00005df2                memset
 .text._Csys_read_
                0x00005df6       0x22 c:/nxp/mcuxpressoide_11.9.0_2144/ide/plugins/com.nxp.mcuxpresso.tools.win32_11.9.0.202307121226/tools/bin/../lib/gcc/arm-none-eabi/12.3.1/../../../../arm-none-eabi/lib/thumb/v7e-m+fp/hard\libcr_c.a(__fillbuf.o)
                0x00005df6                _Csys_read_
 .text._deferredlazyseek
                0x00005e18       0x40 c:/nxp/mcuxpressoide_11.9.0_2144/ide/plugins/com.nxp.mcuxpresso.tools.win32_11.9.0.202307121226/tools/bin/../lib/gcc/arm-none-eabi/12.3.1/../../../../arm-none-eabi/lib/thumb/v7e-m+fp/hard\libcr_c.a(_deferredlazyseek.o)
                0x00005e18                _deferredlazyseek
 .text.__flsbuf
                0x00005e58      0x140 c:/nxp/mcuxpressoide_11.9.0_2144/ide/plugins/com.nxp.mcuxpresso.tools.win32_11.9.0.202307121226/tools/bin/../lib/gcc/arm-none-eabi/12.3.1/../../../../arm-none-eabi/lib/thumb/v7e-m+fp/hard\libcr_c.a(_deferredlazyseek.o)
                0x00005e58                __flsbuf
 .text._fflush  0x00005f98       0x52 c:/nxp/mcuxpressoide_11.9.0_2144/ide/plugins/com.nxp.mcuxpresso.tools.win32_11.9.0.202307121226/tools/bin/../lib/gcc/arm-none-eabi/12.3.1/../../../../arm-none-eabi/lib/thumb/v7e-m+fp/hard\libcr_c.a(_fflush.o)
                0x00005f98                _fflush
 .text.free     0x00005fea       0x30 c:/nxp/mcuxpressoide_11.9.0_2144/ide/plugins/com.nxp.mcuxpresso.tools.win32_11.9.0.202307121226/tools/bin/../lib/gcc/arm-none-eabi/12.3.1/../../../../arm-none-eabi/lib/thumb/v7e-m+fp/hard\libcr_c.a(alloc.o)
                0x00005fea                free
 .text.fabs     0x0000601a       0x20 c:/nxp/mcuxpressoide_11.9.0_2144/ide/plugins/com.nxp.mcuxpresso.tools.win32_11.9.0.202307121226/tools/bin/../lib/gcc/arm-none-eabi/12.3.1/../../../../arm-none-eabi/lib/thumb/v7e-m+fp/hard\libcr_c.a(fabs.o)
                0x0000601a                fabs
 .text.fp_round
                0x0000603a       0x4e c:/nxp/mcuxpressoide_11.9.0_2144/ide/plugins/com.nxp.mcuxpresso.tools.win32_11.9.0.202307121226/tools/bin/../lib/gcc/arm-none-eabi/12.3.1/../../../../arm-none-eabi/lib/thumb/v7e-m+fp/hard\libcr_c.a(fpprintf.o)
 .text.pr_dec.constprop.0
                0x00006088       0x24 c:/nxp/mcuxpressoide_11.9.0_2144/ide/plugins/com.nxp.mcuxpresso.tools.win32_11.9.0.202307121226/tools/bin/../lib/gcc/arm-none-eabi/12.3.1/../../../../arm-none-eabi/lib/thumb/v7e-m+fp/hard\libcr_c.a(fpprintf.o)
 .text.setvbuf  0x000060ac       0x3e c:/nxp/mcuxpressoide_11.9.0_2144/ide/plugins/com.nxp.mcuxpresso.tools.win32_11.9.0.202307121226/tools/bin/../lib/gcc/arm-none-eabi/12.3.1/../../../../arm-none-eabi/lib/thumb/v7e-m+fp/hard\libcr_c.a(setvbuf.o)
                0x000060ac                setvbuf
 .text.sin      0x000060ea       0x3e c:/nxp/mcuxpressoide_11.9.0_2144/ide/plugins/com.nxp.mcuxpresso.tools.win32_11.9.0.202307121226/tools/bin/../lib/gcc/arm-none-eabi/12.3.1/../../../../arm-none-eabi/lib/thumb/v7e-m+fp/hard\libcr_c.a(sin.o)
                0x000060ea                sin
 .text.strlen   0x00006128       0x4e c:/nxp/mcuxpressoide_11.9.0_2144/ide/plugins/com.nxp.mcuxpresso.tools.win32_11.9.0.202307121226/tools/bin/../lib/gcc/arm-none-eabi/12.3.1/../../../../arm-none-eabi/lib/thumb/v7e-m+fp/hard\libcr_c.a(strlen.o)
                0x00006128                strlen
 .text._fdopen  0x00006176       0x68 c:/nxp/mcuxpressoide_11.9.0_2144/ide/plugins/com.nxp.mcuxpresso.tools.win32_11.9.0.202307121226/tools/bin/../lib/gcc/arm-none-eabi/12.3.1/../../../../arm-none-eabi/lib/thumb/v7e-m+fp/hard\libcr_c.a(_fdopen.o)
                0x00006176                _fdopen
 .text.fclose   0x000061de       0x58 c:/nxp/mcuxpressoide_11.9.0_2144/ide/plugins/com.nxp.mcuxpresso.tools.win32_11.9.0.202307121226/tools/bin/../lib/gcc/arm-none-eabi/12.3.1/../../../../arm-none-eabi/lib/thumb/v7e-m+fp/hard\libcr_c.a(fclose.o)
                0x000061de                fclose
 .text.remove   0x00006236       0x14 c:/nxp/mcuxpressoide_11.9.0_2144/ide/plugins/com.nxp.mcuxpresso.tools.win32_11.9.0.202307121226/tools/bin/../lib/gcc/arm-none-eabi/12.3.1/../../../../arm-none-eabi/lib/thumb/v7e-m+fp/hard\libcr_c.a(remove.o)
                0x00006236                remove
 .text._do_fflush
                0x0000624a       0x40 c:/nxp/mcuxpressoide_11.9.0_2144/ide/plugins/com.nxp.mcuxpresso.tools.win32_11.9.0.202307121226/tools/bin/../lib/gcc/arm-none-eabi/12.3.1/../../../../arm-none-eabi/lib/thumb/v7e-m+fp/hard\libcr_c.a(_do_fflush.o)
                0x0000624a                _do_fflush
 .text.__aeabi_d2iz
                0x0000628a       0x42 c:/nxp/mcuxpressoide_11.9.0_2144/ide/plugins/com.nxp.mcuxpresso.tools.win32_11.9.0.202307121226/tools/bin/../lib/gcc/arm-none-eabi/12.3.1/thumb/v7e-m+fp/hard\libcr_eabihelpers.a(double.o)
                0x0000628a                __aeabi_d2iz
 .text.__bhs_ui2d
                0x000062cc       0x46 c:/nxp/mcuxpressoide_11.9.0_2144/ide/plugins/com.nxp.mcuxpresso.tools.win32_11.9.0.202307121226/tools/bin/../lib/gcc/arm-none-eabi/12.3.1/thumb/v7e-m+fp/hard\libcr_eabihelpers.a(double.o)
                0x000062cc                __bhs_ui2d
 .text.__aeabi_i2d
                0x00006312       0x10 c:/nxp/mcuxpressoide_11.9.0_2144/ide/plugins/com.nxp.mcuxpresso.tools.win32_11.9.0.202307121226/tools/bin/../lib/gcc/arm-none-eabi/12.3.1/thumb/v7e-m+fp/hard\libcr_eabihelpers.a(double.o)
                0x00006312                __aeabi_i2d
 .text.__aeabi_dcmpeq
                0x00006322       0x3e c:/nxp/mcuxpressoide_11.9.0_2144/ide/plugins/com.nxp.mcuxpresso.tools.win32_11.9.0.202307121226/tools/bin/../lib/gcc/arm-none-eabi/12.3.1/thumb/v7e-m+fp/hard\libcr_eabihelpers.a(double.o)
                0x00006322                __aeabi_dcmpeq
 .text.__aeabi_dcmplt
                0x00006360       0x5a c:/nxp/mcuxpressoide_11.9.0_2144/ide/plugins/com.nxp.mcuxpresso.tools.win32_11.9.0.202307121226/tools/bin/../lib/gcc/arm-none-eabi/12.3.1/thumb/v7e-m+fp/hard\libcr_eabihelpers.a(double.o)
                0x00006360                __aeabi_dcmplt
 .text.__aeabi_dcmpgt
                0x000063ba       0x56 c:/nxp/mcuxpressoide_11.9.0_2144/ide/plugins/com.nxp.mcuxpresso.tools.win32_11.9.0.202307121226/tools/bin/../lib/gcc/arm-none-eabi/12.3.1/thumb/v7e-m+fp/hard\libcr_eabihelpers.a(double.o)
                0x000063ba                __aeabi_dcmpgt
 .text.__aeabi_dcmple
                0x00006410       0x5a c:/nxp/mcuxpressoide_11.9.0_2144/ide/plugins/com.nxp.mcuxpresso.tools.win32_11.9.0.202307121226/tools/bin/../lib/gcc/arm-none-eabi/12.3.1/thumb/v7e-m+fp/hard\libcr_eabihelpers.a(double.o)
                0x00006410                __aeabi_dcmple
 .text.__aeabi_dcmpge
                0x0000646a       0x5a c:/nxp/mcuxpressoide_11.9.0_2144/ide/plugins/com.nxp.mcuxpresso.tools.win32_11.9.0.202307121226/tools/bin/../lib/gcc/arm-none-eabi/12.3.1/thumb/v7e-m+fp/hard\libcr_eabihelpers.a(double.o)
                0x0000646a                __aeabi_dcmpge
 .text.__aeabi_memcpy
                0x000064c4       0x34 c:/nxp/mcuxpressoide_11.9.0_2144/ide/plugins/com.nxp.mcuxpresso.tools.win32_11.9.0.202307121226/tools/bin/../lib/gcc/arm-none-eabi/12.3.1/thumb/v7e-m+fp/hard\libcr_eabihelpers.a(memcpy.o)
                0x000064c4                __aeabi_memcpy
                0x000064ce                __aeabi_memcpy8
                0x000064ce                __aeabi_memcpy4
 .text.__aeabi_memset_lowlevel
                0x000064f8       0x32 c:/nxp/mcuxpressoide_11.9.0_2144/ide/plugins/com.nxp.mcuxpresso.tools.win32_11.9.0.202307121226/tools/bin/../lib/gcc/arm-none-eabi/12.3.1/thumb/v7e-m+fp/hard\libcr_eabihelpers.a(memcpy.o)
                0x000064f8                __aeabi_lowlevel_memset
 .text.__sys_close
                0x0000652a        0xc c:/nxp/mcuxpressoide_11.9.0_2144/ide/plugins/com.nxp.mcuxpresso.tools.win32_11.9.0.202307121226/tools/bin/../lib/gcc/arm-none-eabi/12.3.1/../../../../arm-none-eabi/lib/thumb/v7e-m+fp/hard\libcr_semihost_nf.a(__sys_close.o)
                0x0000652a                __sys_close
 .text.__sys_flen
                0x00006536        0xc c:/nxp/mcuxpressoide_11.9.0_2144/ide/plugins/com.nxp.mcuxpresso.tools.win32_11.9.0.202307121226/tools/bin/../lib/gcc/arm-none-eabi/12.3.1/../../../../arm-none-eabi/lib/thumb/v7e-m+fp/hard\libcr_semihost_nf.a(__sys_flen.o)
                0x00006536                __sys_flen
 .text.__sys_istty
                0x00006542        0xc c:/nxp/mcuxpressoide_11.9.0_2144/ide/plugins/com.nxp.mcuxpresso.tools.win32_11.9.0.202307121226/tools/bin/../lib/gcc/arm-none-eabi/12.3.1/../../../../arm-none-eabi/lib/thumb/v7e-m+fp/hard\libcr_semihost_nf.a(__sys_istty.o)
                0x00006542                __sys_istty
 .text.__sys_read
                0x0000654e        0xc c:/nxp/mcuxpressoide_11.9.0_2144/ide/plugins/com.nxp.mcuxpresso.tools.win32_11.9.0.202307121226/tools/bin/../lib/gcc/arm-none-eabi/12.3.1/../../../../arm-none-eabi/lib/thumb/v7e-m+fp/hard\libcr_semihost_nf.a(__sys_read.o)
                0x0000654e                __sys_read
 .text.__sys_readc
                0x0000655a        0x8 c:/nxp/mcuxpressoide_11.9.0_2144/ide/plugins/com.nxp.mcuxpresso.tools.win32_11.9.0.202307121226/tools/bin/../lib/gcc/arm-none-eabi/12.3.1/../../../../arm-none-eabi/lib/thumb/v7e-m+fp/hard\libcr_semihost_nf.a(__sys_readc.o)
                0x0000655a                __sys_readc
                0x0000655a                __readc
 .text.__sys_remove
                0x00006562        0xc c:/nxp/mcuxpressoide_11.9.0_2144/ide/plugins/com.nxp.mcuxpresso.tools.win32_11.9.0.202307121226/tools/bin/../lib/gcc/arm-none-eabi/12.3.1/../../../../arm-none-eabi/lib/thumb/v7e-m+fp/hard\libcr_semihost_nf.a(__sys_remove.o)
                0x00006562                __sys_remove
 .text.__sys_seek
                0x0000656e        0xc c:/nxp/mcuxpressoide_11.9.0_2144/ide/plugins/com.nxp.mcuxpresso.tools.win32_11.9.0.202307121226/tools/bin/../lib/gcc/arm-none-eabi/12.3.1/../../../../arm-none-eabi/lib/thumb/v7e-m+fp/hard\libcr_semihost_nf.a(__sys_seek.o)
                0x0000656e                __sys_seek
 .text.__sys_tmpnam
                0x0000657a        0xc c:/nxp/mcuxpressoide_11.9.0_2144/ide/plugins/com.nxp.mcuxpresso.tools.win32_11.9.0.202307121226/tools/bin/../lib/gcc/arm-none-eabi/12.3.1/../../../../arm-none-eabi/lib/thumb/v7e-m+fp/hard\libcr_semihost_nf.a(__sys_tmpnam.o)
                0x0000657a                __sys_tmpnam
 .text.__sys_write
                0x00006586        0xc c:/nxp/mcuxpressoide_11.9.0_2144/ide/plugins/com.nxp.mcuxpresso.tools.win32_11.9.0.202307121226/tools/bin/../lib/gcc/arm-none-eabi/12.3.1/../../../../arm-none-eabi/lib/thumb/v7e-m+fp/hard\libcr_semihost_nf.a(__sys_write.o)
                0x00006586                __sys_write
 *(SORT_BY_ALIGNMENT(.rodata) SORT_BY_ALIGNMENT(.rodata.*) SORT_BY_ALIGNMENT(.constdata) SORT_BY_ALIGNMENT(.constdata.*))
 *fill*         0x00006592        0x6 ff
 .rodata.a.0    0x00006598       0x20 c:/nxp/mcuxpressoide_11.9.0_2144/ide/plugins/com.nxp.mcuxpresso.tools.win32_11.9.0.202307121226/tools/bin/../lib/gcc/arm-none-eabi/12.3.1/../../../../arm-none-eabi/lib/thumb/v7e-m+fp/hard\libcr_c.a(atan.o)
 .rodata.__assertion_failed.str1.4
                0x000065b8       0x14 ./utilities/fsl_assert.o
 .rodata.Sensor_ReadData.str1.4
                0x000065cc       0x24 ./source/ecompass_peripheral.o
 .rodata.Magnetometer_Calibrate.str1.4
                0x000065f0       0xbf ./source/ecompass_peripheral.o
 *fill*         0x000066af        0x1 ff
 .rodata.SPI_write.str1.4
                0x000066b0       0x34 ./source/ecompass_peripheral.o
 .rodata.main.str1.4
                0x000066e4       0xe8 ./source/ecompass_peripheral.o
 .rodata.CLOCK_GetMcgExtClkFreq.str1.4
                0x000067cc       0x49 ./drivers/fsl_clock.o
 *fill*         0x00006815        0x3 ff
 .rodata.CLOCK_GetOsc0ErClkUndivFreq.str1.4
                0x00006818       0x1e ./drivers/fsl_clock.o
 *fill*         0x00006836        0x2 ff
 .rodata.CLOCK_GetOsc0ErClkDivFreq.str1.4
                0x00006838       0x1e ./drivers/fsl_clock.o
 *fill*         0x00006856        0x2 ff
 .rodata.CLOCK_GetEr32kClkFreq.str1.4
                0x00006858       0x1f ./drivers/fsl_clock.o
 *fill*         0x00006877        0x1 ff
 .rodata.CLOCK_GetPll0Freq.str1.4
                0x00006878       0x1d ./drivers/fsl_clock.o
 *fill*         0x00006895        0x3 ff
 .rodata.fllFactorTable.1
                0x00006898       0x10 ./drivers/fsl_clock.o
 .rodata.s_baudratePrescaler
                0x000068a8       0x10 ./drivers/fsl_dspi.o
 .rodata.s_baudrateScaler
                0x000068b8       0x40 ./drivers/fsl_dspi.o
 .rodata.s_delayPrescaler
                0x000068f8       0x10 ./drivers/fsl_dspi.o
 .rodata.s_delayScaler
                0x00006908       0x40 ./drivers/fsl_dspi.o
 .rodata.s_dspiBases
                0x00006948        0xc ./drivers/fsl_dspi.o
 .rodata.s_dspiClock
                0x00006954        0xc ./drivers/fsl_dspi.o
 .rodata.DSPI_GetInstance.str1.4
                0x00006960       0x34 ./drivers/fsl_dspi.o
 .rodata.DSPI_MasterInit.str1.4
                0x00006994       0x3f ./drivers/fsl_dspi.o
 *fill*         0x000069d3        0x1 ff
 .rodata.DSPI_MasterSetDelayScaler.str1.4
                0x000069d4       0x17 ./drivers/fsl_dspi.o
 *fill*         0x000069eb        0x1 ff
 .rodata.DSPI_MasterTransferBlocking.str1.4
                0x000069ec       0x22 ./drivers/fsl_dspi.o
 *fill*         0x00006a0e        0x2 ff
 .rodata.SPI0_DriverIRQHandler.str1.4
                0x00006a10       0x2a ./drivers/fsl_dspi.o
 *fill*         0x00006a3a        0x2 ff
 .rodata.SPI1_DriverIRQHandler.str1.4
                0x00006a3c       0x2a ./drivers/fsl_dspi.o
 *fill*         0x00006a66        0x2 ff
 .rodata.SPI2_DriverIRQHandler.str1.4
                0x00006a68       0x2a ./drivers/fsl_dspi.o
 *fill*         0x00006a92        0x2 ff
 .rodata.GPIO_PinInit.str1.4
                0x00006a94       0x20 ./drivers/fsl_gpio.o
 .rodata.s_i2cDividerTable
                0x00006ab4       0x80 ./drivers/fsl_i2c.o
 .rodata.s_i2cClocks
                0x00006b34       0x10 ./drivers/fsl_i2c.o
 .rodata.s_i2cBases
                0x00006b44       0x10 ./drivers/fsl_i2c.o
 .rodata.I2C_GetInstance.str1.4
                0x00006b54       0x32 ./drivers/fsl_i2c.o
 *fill*         0x00006b86        0x2 ff
 .rodata.I2C_MasterInit.str1.4
                0x00006b88       0x4a ./drivers/fsl_i2c.o
 *fill*         0x00006bd2        0x2 ff
 .rodata.simConfig_BOARD_BootClockRUN
                0x00006bd4        0x8 ./board/clock_config.o
                0x00006bd4                simConfig_BOARD_BootClockRUN
 .rodata.BOARD_ACCEL_I2C_config
                0x00006bdc        0xc ./board/peripherals.o
                0x00006bdc                BOARD_ACCEL_I2C_config
 .rodata.FXOS_Init.str1.4
                0x00006be8       0x81 ./accel/fsl_fxos.o
 *fill*         0x00006c69        0x3 ff
 .rodata.FXOS_ReadReg.str1.4
                0x00006c6c       0x2d ./accel/fsl_fxos.o
 *fill*         0x00006c99        0x3 ff
 .rodata.FXOS_WriteReg.str1.4
                0x00006c9c       0x18 ./accel/fsl_fxos.o
 .rodata.__num_Ciob_streams
                0x00006cb4        0x4 c:/nxp/mcuxpressoide_11.9.0_2144/ide/plugins/com.nxp.mcuxpresso.tools.win32_11.9.0.202307121226/tools/bin/../lib/gcc/arm-none-eabi/12.3.1/../../../../arm-none-eabi/lib/thumb/v7e-m+fp/hard\libcr_semihost_nf.a(__ciob.o)
                0x00006cb4                __num_Ciob_streams
 .rodata._Csys_alloc.str1.1
                0x00006cb8       0x18 c:/nxp/mcuxpressoide_11.9.0_2144/ide/plugins/com.nxp.mcuxpresso.tools.win32_11.9.0.202307121226/tools/bin/../lib/gcc/arm-none-eabi/12.3.1/../../../../arm-none-eabi/lib/thumb/v7e-m+fp/hard\libcr_c.a(alloc.o)
 .rodata.fp_display.str1.1
                0x00006cd0       0x34 c:/nxp/mcuxpressoide_11.9.0_2144/ide/plugins/com.nxp.mcuxpresso.tools.win32_11.9.0.202307121226/tools/bin/../lib/gcc/arm-none-eabi/12.3.1/../../../../arm-none-eabi/lib/thumb/v7e-m+fp/hard\libcr_c.a(fpprintf.o)
                                 0x35 (size before relaxing)
 .rodata._initio.str1.1
                0x00006d04        0x4 c:/nxp/mcuxpressoide_11.9.0_2144/ide/plugins/com.nxp.mcuxpresso.tools.win32_11.9.0.202307121226/tools/bin/../lib/gcc/arm-none-eabi/12.3.1/../../../../arm-none-eabi/lib/thumb/v7e-m+fp/hard\libcr_c.a(initio.o)
 .rodata.__vfprintf.str1.1
                0x00006d08       0x31 c:/nxp/mcuxpressoide_11.9.0_2144/ide/plugins/com.nxp.mcuxpresso.tools.win32_11.9.0.202307121226/tools/bin/../lib/gcc/arm-none-eabi/12.3.1/../../../../arm-none-eabi/lib/thumb/v7e-m+fp/hard\libcr_c.a(printf.o)
                                 0x38 (size before relaxing)
                0x00006d40                        . = ALIGN (0x8)
 *fill*         0x00006d39        0x7 ff

.glue_7         0x00006d40        0x0
 .glue_7        0x00006d40        0x0 linker stubs

.glue_7t        0x00006d40        0x0
 .glue_7t       0x00006d40        0x0 linker stubs

.vfp11_veneer   0x00006d40        0x0
 .vfp11_veneer  0x00006d40        0x0 linker stubs

.v4_bx          0x00006d40        0x0
 .v4_bx         0x00006d40        0x0 linker stubs

.iplt           0x00006d40        0x0
 .iplt          0x00006d40        0x0 ./utilities/fsl_assert.o

.rel.dyn        0x00006d40        0x0
 .rel.iplt      0x00006d40        0x0 ./utilities/fsl_assert.o

.ARM.extab
 *(SORT_BY_ALIGNMENT(.ARM.extab*) SORT_BY_ALIGNMENT(.gnu.linkonce.armextab.*))

.ARM.exidx      0x00006d40        0x0
                0x00006d40                        __exidx_start = .
 *(SORT_BY_ALIGNMENT(.ARM.exidx*) SORT_BY_ALIGNMENT(.gnu.linkonce.armexidx.*))
                0x00006d40                        __exidx_end = .
                0x00006d40                        _etext = .

.m_usb_data
 *(SORT_BY_ALIGNMENT(m_usb_bdt))

.data_RAM2      0x1fff0000        0x0 load address 0x00006d40
 FILL mask 0xff
                [!provide]                        PROVIDE (__start_data_RAM2 = .)
                [!provide]                        PROVIDE (__start_data_SRAM_LOWER = .)
 *(SORT_BY_ALIGNMENT(.ramfunc.$RAM2))
 *(SORT_BY_ALIGNMENT(.ramfunc.$SRAM_LOWER))
 *(SORT_BY_ALIGNMENT(NonCacheable.init))
 *(SORT_BY_ALIGNMENT(.data.$RAM2))
 *(SORT_BY_ALIGNMENT(.data.$SRAM_LOWER))
 *(SORT_BY_ALIGNMENT(.data.$RAM2.*))
 *(SORT_BY_ALIGNMENT(.data.$SRAM_LOWER.*))
                0x1fff0000                        . = ALIGN (0x8)
                [!provide]                        PROVIDE (__end_data_RAM2 = .)
                [!provide]                        PROVIDE (__end_data_SRAM_LOWER = .)

.data_RAM3      0x14000000        0x0 load address 0x00006d40
 FILL mask 0xff
                [!provide]                        PROVIDE (__start_data_RAM3 = .)
                [!provide]                        PROVIDE (__start_data_FLEX_RAM = .)
 *(SORT_BY_ALIGNMENT(.ramfunc.$RAM3))
 *(SORT_BY_ALIGNMENT(.ramfunc.$FLEX_RAM))
 *(SORT_BY_ALIGNMENT(.data.$RAM3))
 *(SORT_BY_ALIGNMENT(.data.$FLEX_RAM))
 *(SORT_BY_ALIGNMENT(.data.$RAM3.*))
 *(SORT_BY_ALIGNMENT(.data.$FLEX_RAM.*))
                0x14000000                        . = ALIGN (0x8)
                [!provide]                        PROVIDE (__end_data_RAM3 = .)
                [!provide]                        PROVIDE (__end_data_FLEX_RAM = .)

.uninit_RESERVED
                0x20000000        0x0
                0x20000000                        _start_uninit_RESERVED = .
 *(SORT_BY_ALIGNMENT(.bss.$RESERVED*))
                0x20000000                        . = ALIGN (0x8)
                0x20000000                        _end_uninit_RESERVED = .

.data           0x20000000       0x10 load address 0x00006d40
 FILL mask 0xff
                0x20000000                        _data = .
                [!provide]                        PROVIDE (__start_data_RAM = .)
                [!provide]                        PROVIDE (__start_data_SRAM_UPPER = .)
 *(SORT_BY_ALIGNMENT(vtable))
 *(SORT_BY_ALIGNMENT(.ramfunc*))
 *(SORT_BY_ALIGNMENT(CodeQuickAccess))
 *(SORT_BY_ALIGNMENT(DataQuickAccess))
 *(SORT_BY_ALIGNMENT(RamFunction))
 *(SORT_BY_ALIGNMENT(.data*))
 .data.s_slowIrcFreq
                0x20000000        0x4 ./drivers/fsl_clock.o
 .data.s_fastIrcFreq
                0x20000004        0x4 ./drivers/fsl_clock.o
 .data.SystemCoreClock
                0x20000008        0x4 ./device/system_MK66F18.o
                0x20000008                SystemCoreClock
 .data.g_FirstRun
                0x2000000c        0x1 ./source/ecompass_peripheral.o
                0x2000000c                g_FirstRun
                0x20000010                        . = ALIGN (0x8)
 *fill*         0x2000000d        0x3 ff
                0x20000010                        _edata = .
                [!provide]                        PROVIDE (__end_data_RAM = .)
                [!provide]                        PROVIDE (__end_data_SRAM_UPPER = .)

.igot.plt       0x20000010        0x0 load address 0x00006d50
 .igot.plt      0x20000010        0x0 ./utilities/fsl_assert.o

.bss_RAM2       0x1fff0000        0x0
                [!provide]                        PROVIDE (__start_bss_RAM2 = .)
                [!provide]                        PROVIDE (__start_bss_SRAM_LOWER = .)
 *(SORT_BY_ALIGNMENT(NonCacheable))
 *(SORT_BY_ALIGNMENT(.bss.$RAM2))
 *(SORT_BY_ALIGNMENT(.bss.$SRAM_LOWER))
 *(SORT_BY_ALIGNMENT(.bss.$RAM2.*))
 *(SORT_BY_ALIGNMENT(.bss.$SRAM_LOWER.*))
                0x1fff0000                        . = ALIGN ((. != 0x0)?0x8:0x1)
                [!provide]                        PROVIDE (__end_bss_RAM2 = .)
                [!provide]                        PROVIDE (__end_bss_SRAM_LOWER = .)

.bss_RAM3       0x14000000        0x0
                [!provide]                        PROVIDE (__start_bss_RAM3 = .)
                [!provide]                        PROVIDE (__start_bss_FLEX_RAM = .)
 *(SORT_BY_ALIGNMENT(.bss.$RAM3))
 *(SORT_BY_ALIGNMENT(.bss.$FLEX_RAM))
 *(SORT_BY_ALIGNMENT(.bss.$RAM3.*))
 *(SORT_BY_ALIGNMENT(.bss.$FLEX_RAM.*))
                0x14000000                        . = ALIGN ((. != 0x0)?0x8:0x1)
                [!provide]                        PROVIDE (__end_bss_RAM3 = .)
                [!provide]                        PROVIDE (__end_bss_FLEX_RAM = .)

.bss            0x20000010      0x250
                0x20000010                        _bss = .
                [!provide]                        PROVIDE (__start_bss_RAM = .)
                [!provide]                        PROVIDE (__start_bss_SRAM_UPPER = .)
 *(SORT_BY_ALIGNMENT(.bss*))
 .bss.g_Ax      0x20000010        0x8 ./source/ecompass_peripheral.o
                0x20000010                g_Ax
 .bss.g_Ay      0x20000018        0x8 ./source/ecompass_peripheral.o
                0x20000018                g_Ay
 .bss.g_Az      0x20000020        0x8 ./source/ecompass_peripheral.o
                0x20000020                g_Az
 .bss.g_Mx      0x20000028        0x8 ./source/ecompass_peripheral.o
                0x20000028                g_Mx
 .bss.g_My      0x20000030        0x8 ./source/ecompass_peripheral.o
                0x20000030                g_My
 .bss.g_Mz      0x20000038        0x8 ./source/ecompass_peripheral.o
                0x20000038                g_Mz
 .bss.g_Mx_LP   0x20000040        0x8 ./source/ecompass_peripheral.o
                0x20000040                g_Mx_LP
 .bss.g_My_LP   0x20000048        0x8 ./source/ecompass_peripheral.o
                0x20000048                g_My_LP
 .bss.g_Mz_LP   0x20000050        0x8 ./source/ecompass_peripheral.o
                0x20000050                g_Mz_LP
 .bss.g_Yaw     0x20000058        0x8 ./source/ecompass_peripheral.o
                0x20000058                g_Yaw
 .bss.g_Yaw_LP  0x20000060        0x8 ./source/ecompass_peripheral.o
                0x20000060                g_Yaw_LP
 .bss.g_Pitch   0x20000068        0x8 ./source/ecompass_peripheral.o
                0x20000068                g_Pitch
 .bss.g_Roll    0x20000070        0x8 ./source/ecompass_peripheral.o
                0x20000070                g_Roll
 .bss.g_fxosHandle
                0x20000078       0x14 ./source/ecompass_peripheral.o
                0x20000078                g_fxosHandle
 .bss.g_Ax_buff
                0x2000008c       0x32 ./source/ecompass_peripheral.o
                0x2000008c                g_Ax_buff
 *fill*         0x200000be        0x2 
 .bss.g_Ay_buff
                0x200000c0       0x32 ./source/ecompass_peripheral.o
                0x200000c0                g_Ay_buff
 *fill*         0x200000f2        0x2 
 .bss.g_Az_buff
                0x200000f4       0x32 ./source/ecompass_peripheral.o
                0x200000f4                g_Az_buff
 *fill*         0x20000126        0x2 
 .bss.s_extPllFreq
                0x20000128        0x4 ./drivers/fsl_clock.o
 .bss.g_xtal0Freq
                0x2000012c        0x4 ./drivers/fsl_clock.o
                0x2000012c                g_xtal0Freq
 .bss.g_xtal32Freq
                0x20000130        0x4 ./drivers/fsl_clock.o
                0x20000130                g_xtal32Freq
 .bss.g_dspiHandle
                0x20000134        0xc ./drivers/fsl_dspi.o
 .bss.s_dspiMasterIsr
                0x20000140        0x4 ./drivers/fsl_dspi.o
 .bss.s_dspiSlaveIsr
                0x20000144        0x4 ./drivers/fsl_dspi.o
 .bss.g_dspiDummyData
                0x20000148        0x3 ./drivers/fsl_dspi.o
                0x20000148                g_dspiDummyData
 *fill*         0x2000014b        0x1 
 .bss.s_i2cHandle
                0x2000014c       0x10 ./drivers/fsl_i2c.o
 .bss.s_i2cMasterIsr
                0x2000015c        0x4 ./drivers/fsl_i2c.o
 .bss.s_i2cSlaveIsr
                0x20000160        0x4 ./drivers/fsl_i2c.o
 .bss.s_lpuartHandle
                0x20000164        0x4 ./drivers/fsl_lpuart.o
                0x20000164                s_lpuartHandle
 .bss.s_lpuartIsr
                0x20000168        0x4 ./drivers/fsl_lpuart.o
                0x20000168                s_lpuartIsr
 .bss.s_uartHandle
                0x2000016c       0x14 ./drivers/fsl_uart.o
                0x2000016c                s_uartHandle
 .bss.s_uartIsr
                0x20000180        0x4 ./drivers/fsl_uart.o
                0x20000180                s_uartIsr
 .bss.__Ciob    0x20000184       0xb4 c:/nxp/mcuxpressoide_11.9.0_2144/ide/plugins/com.nxp.mcuxpresso.tools.win32_11.9.0.202307121226/tools/bin/../lib/gcc/arm-none-eabi/12.3.1/../../../../arm-none-eabi/lib/thumb/v7e-m+fp/hard\libcr_semihost_nf.a(__ciob.o)
                0x20000184                __Ciob
 .bss.errno     0x20000238        0x4 c:/nxp/mcuxpressoide_11.9.0_2144/ide/plugins/com.nxp.mcuxpresso.tools.win32_11.9.0.202307121226/tools/bin/../lib/gcc/arm-none-eabi/12.3.1/../../../../arm-none-eabi/lib/thumb/v7e-m+fp/hard\libcr_c.a(errno.o)
                0x20000238                errno
 .bss.__end_of_heap
                0x2000023c        0x4 c:/nxp/mcuxpressoide_11.9.0_2144/ide/plugins/com.nxp.mcuxpresso.tools.win32_11.9.0.202307121226/tools/bin/../lib/gcc/arm-none-eabi/12.3.1/../../../../arm-none-eabi/lib/thumb/v7e-m+fp/hard\libcr_c.a(__init_alloc.o)
                0x2000023c                __end_of_heap
 .bss.__heaps   0x20000240        0x4 c:/nxp/mcuxpressoide_11.9.0_2144/ide/plugins/com.nxp.mcuxpresso.tools.win32_11.9.0.202307121226/tools/bin/../lib/gcc/arm-none-eabi/12.3.1/../../../../arm-none-eabi/lib/thumb/v7e-m+fp/hard\libcr_c.a(__init_alloc.o)
                0x20000240                __heaps
 .bss.SampleEventFlag
                0x20000244        0x2 ./source/ecompass_peripheral.o
                0x20000244                SampleEventFlag
 .bss.g_Ax_Raw  0x20000246        0x2 ./source/ecompass_peripheral.o
                0x20000246                g_Ax_Raw
 .bss.g_Ay_Raw  0x20000248        0x2 ./source/ecompass_peripheral.o
                0x20000248                g_Ay_Raw
 .bss.g_Az_Raw  0x2000024a        0x2 ./source/ecompass_peripheral.o
                0x2000024a                g_Az_Raw
 .bss.g_Mx_Raw  0x2000024c        0x2 ./source/ecompass_peripheral.o
                0x2000024c                g_Mx_Raw
 .bss.g_My_Raw  0x2000024e        0x2 ./source/ecompass_peripheral.o
                0x2000024e                g_My_Raw
 .bss.g_Mz_Raw  0x20000250        0x2 ./source/ecompass_peripheral.o
                0x20000250                g_Mz_Raw
 .bss.g_Mx_Offset
                0x20000252        0x2 ./source/ecompass_peripheral.o
                0x20000252                g_Mx_Offset
 .bss.g_My_Offset
                0x20000254        0x2 ./source/ecompass_peripheral.o
                0x20000254                g_My_Offset
 .bss.g_Mz_Offset
                0x20000256        0x2 ./source/ecompass_peripheral.o
                0x20000256                g_Mz_Offset
 .bss.g_sensorRange
                0x20000258        0x1 ./source/ecompass_peripheral.o
                0x20000258                g_sensorRange
 .bss.g_dataScale
                0x20000259        0x1 ./source/ecompass_peripheral.o
                0x20000259                g_dataScale
 *(SORT_BY_ALIGNMENT(COMMON))
                0x20000260                        . = ALIGN (0x8)
 *fill*         0x2000025a        0x6 
                0x20000260                        _ebss = .
                [!provide]                        PROVIDE (__end_bss_RAM = .)
                [!provide]                        PROVIDE (__end_bss_SRAM_UPPER = .)
                [!provide]                        PROVIDE (end = .)

.noinit_RAM2    0x1fff0000        0x0
                [!provide]                        PROVIDE (__start_noinit_RAM2 = .)
                [!provide]                        PROVIDE (__start_noinit_SRAM_LOWER = .)
 *(SORT_BY_ALIGNMENT(.noinit.$RAM2))
 *(SORT_BY_ALIGNMENT(.noinit.$SRAM_LOWER))
 *(SORT_BY_ALIGNMENT(.noinit.$RAM2.*))
 *(SORT_BY_ALIGNMENT(.noinit.$SRAM_LOWER.*))
                0x1fff0000                        . = ALIGN (0x8)
                [!provide]                        PROVIDE (__end_noinit_RAM2 = .)
                [!provide]                        PROVIDE (__end_noinit_SRAM_LOWER = .)

.noinit_RAM3    0x14000000        0x0
                [!provide]                        PROVIDE (__start_noinit_RAM3 = .)
                [!provide]                        PROVIDE (__start_noinit_FLEX_RAM = .)
 *(SORT_BY_ALIGNMENT(.noinit.$RAM3))
 *(SORT_BY_ALIGNMENT(.noinit.$FLEX_RAM))
 *(SORT_BY_ALIGNMENT(.noinit.$RAM3.*))
 *(SORT_BY_ALIGNMENT(.noinit.$FLEX_RAM.*))
                0x14000000                        . = ALIGN (0x8)
                [!provide]                        PROVIDE (__end_noinit_RAM3 = .)
                [!provide]                        PROVIDE (__end_noinit_FLEX_RAM = .)

.noinit         0x20000260        0x0
                0x20000260                        _noinit = .
                [!provide]                        PROVIDE (__start_noinit_RAM = .)
                [!provide]                        PROVIDE (__start_noinit_SRAM_UPPER = .)
 *(SORT_BY_ALIGNMENT(.noinit*))
                0x20000260                        . = ALIGN (0x8)
                0x20000260                        _end_noinit = .
                [!provide]                        PROVIDE (__end_noinit_RAM = .)
                [!provide]                        PROVIDE (__end_noinit_SRAM_UPPER = .)
                0x00001000                        _HeapSize = 0x1000

.heap           0x20000260     0x1000
                0x20000260                        _pvHeapStart = .
                0x20001260                        . = (. + _HeapSize)
 *fill*         0x20000260     0x1000 
                0x20001260                        . = ALIGN (0x8)
                0x20001260                        _pvHeapLimit = .
                0x00001000                        _StackSize = 0x1000

.heap2stackfill
                0x20001260     0x1000
                0x20002260                        . = (. + _StackSize)
 *fill*         0x20001260     0x1000 

.stack          0x2002f000        0x0
                0x2002f000                        _vStackBase = .
                0x2002f000                        . = ALIGN (0x8)
                0x20030000                        _vStackTop = (. + _StackSize)
                0x00000000                        _image_start = LOADADDR (.text)
                0x00006d50                        _image_end = (LOADADDR (.data) + SIZEOF (.data))
                0x00006d50                        _image_size = (_image_end - _image_start)
OUTPUT(frdmk66f_ecompass_peripheral_Q5.axf elf32-littlearm)
LOAD linker stubs

.debug_info     0x00000000    0x1965e
 .debug_info    0x00000000       0xd1 ./utilities/fsl_assert.o
 .debug_info    0x000000d1      0xe90 ./startup/startup_mk66f18.o
 .debug_info    0x00000f61     0x1c57 ./source/ecompass_peripheral.o
 .debug_info    0x00002bb8       0x3c ./source/semihost_hardfault.o
 .debug_info    0x00002bf4     0x296f ./drivers/fsl_clock.o
 .debug_info    0x00005563     0x26c4 ./drivers/fsl_dspi.o
 .debug_info    0x00007c27      0x6bb ./drivers/fsl_gpio.o
 .debug_info    0x000082e2     0x1f92 ./drivers/fsl_i2c.o
 .debug_info    0x0000a274     0x1e86 ./drivers/fsl_lpuart.o
 .debug_info    0x0000c0fa     0x20dd ./drivers/fsl_uart.o
 .debug_info    0x0000e1d7      0xa4e ./device/system_MK66F18.o
 .debug_info    0x0000ec25      0x7bf ./board/board.o
 .debug_info    0x0000f3e4      0xdfb ./board/clock_config.o
 .debug_info    0x000101df      0x5e2 ./board/peripherals.o
 .debug_info    0x000107c1      0x83c ./board/pin_mux.o
 .debug_info    0x00010ffd      0x4c9 ./accel/fsl_fxos.o
 .debug_info    0x000114c6      0x18b c:/nxp/mcuxpressoide_11.9.0_2144/ide/plugins/com.nxp.mcuxpresso.tools.win32_11.9.0.202307121226/tools/bin/../lib/gcc/arm-none-eabi/12.3.1/../../../../arm-none-eabi/lib/thumb/v7e-m+fp/hard\libcr_semihost_nf.a(__ciob.o)
 .debug_info    0x00011651       0x85 c:/nxp/mcuxpressoide_11.9.0_2144/ide/plugins/com.nxp.mcuxpresso.tools.win32_11.9.0.202307121226/tools/bin/../lib/gcc/arm-none-eabi/12.3.1/../../../../arm-none-eabi/lib/thumb/v7e-m+fp/hard\libcr_semihost_nf.a(_cr__main.o)
 .debug_info    0x000116d6      0x119 c:/nxp/mcuxpressoide_11.9.0_2144/ide/plugins/com.nxp.mcuxpresso.tools.win32_11.9.0.202307121226/tools/bin/../lib/gcc/arm-none-eabi/12.3.1/../../../../arm-none-eabi/lib/thumb/v7e-m+fp/hard\libcr_c.a(memcpy.o)
 .debug_info    0x000117ef       0xe3 c:/nxp/mcuxpressoide_11.9.0_2144/ide/plugins/com.nxp.mcuxpresso.tools.win32_11.9.0.202307121226/tools/bin/../lib/gcc/arm-none-eabi/12.3.1/../../../../arm-none-eabi/lib/thumb/v7e-m+fp/hard\libcr_c.a(memset.o)
 .debug_info    0x000118d2      0x45a c:/nxp/mcuxpressoide_11.9.0_2144/ide/plugins/com.nxp.mcuxpresso.tools.win32_11.9.0.202307121226/tools/bin/../lib/gcc/arm-none-eabi/12.3.1/../../../../arm-none-eabi/lib/thumb/v7e-m+fp/hard\libcr_c.a(__fillbuf.o)
 .debug_info    0x00011d2c      0x362 c:/nxp/mcuxpressoide_11.9.0_2144/ide/plugins/com.nxp.mcuxpresso.tools.win32_11.9.0.202307121226/tools/bin/../lib/gcc/arm-none-eabi/12.3.1/../../../../arm-none-eabi/lib/thumb/v7e-m+fp/hard\libcr_c.a(_deferredlazyseek.o)
 .debug_info    0x0001208e      0x1e3 c:/nxp/mcuxpressoide_11.9.0_2144/ide/plugins/com.nxp.mcuxpresso.tools.win32_11.9.0.202307121226/tools/bin/../lib/gcc/arm-none-eabi/12.3.1/../../../../arm-none-eabi/lib/thumb/v7e-m+fp/hard\libcr_c.a(_fflush.o)
 .debug_info    0x00012271      0x282 c:/nxp/mcuxpressoide_11.9.0_2144/ide/plugins/com.nxp.mcuxpresso.tools.win32_11.9.0.202307121226/tools/bin/../lib/gcc/arm-none-eabi/12.3.1/../../../../arm-none-eabi/lib/thumb/v7e-m+fp/hard\libcr_c.a(_writebuf.o)
 .debug_info    0x000124f3      0x506 c:/nxp/mcuxpressoide_11.9.0_2144/ide/plugins/com.nxp.mcuxpresso.tools.win32_11.9.0.202307121226/tools/bin/../lib/gcc/arm-none-eabi/12.3.1/../../../../arm-none-eabi/lib/thumb/v7e-m+fp/hard\libcr_c.a(alloc.o)
 .debug_info    0x000129f9      0x1af c:/nxp/mcuxpressoide_11.9.0_2144/ide/plugins/com.nxp.mcuxpresso.tools.win32_11.9.0.202307121226/tools/bin/../lib/gcc/arm-none-eabi/12.3.1/../../../../arm-none-eabi/lib/thumb/v7e-m+fp/hard\libcr_c.a(atan2.o)
 .debug_info    0x00012ba8       0xe2 c:/nxp/mcuxpressoide_11.9.0_2144/ide/plugins/com.nxp.mcuxpresso.tools.win32_11.9.0.202307121226/tools/bin/../lib/gcc/arm-none-eabi/12.3.1/../../../../arm-none-eabi/lib/thumb/v7e-m+fp/hard\libcr_c.a(cos.o)
 .debug_info    0x00012c8a       0x44 c:/nxp/mcuxpressoide_11.9.0_2144/ide/plugins/com.nxp.mcuxpresso.tools.win32_11.9.0.202307121226/tools/bin/../lib/gcc/arm-none-eabi/12.3.1/../../../../arm-none-eabi/lib/thumb/v7e-m+fp/hard\libcr_c.a(errno.o)
 .debug_info    0x00012cce       0x8f c:/nxp/mcuxpressoide_11.9.0_2144/ide/plugins/com.nxp.mcuxpresso.tools.win32_11.9.0.202307121226/tools/bin/../lib/gcc/arm-none-eabi/12.3.1/../../../../arm-none-eabi/lib/thumb/v7e-m+fp/hard\libcr_c.a(fabs.o)
 .debug_info    0x00012d5d     0x14e8 c:/nxp/mcuxpressoide_11.9.0_2144/ide/plugins/com.nxp.mcuxpresso.tools.win32_11.9.0.202307121226/tools/bin/../lib/gcc/arm-none-eabi/12.3.1/../../../../arm-none-eabi/lib/thumb/v7e-m+fp/hard\libcr_c.a(fpprintf.o)
 .debug_info    0x00014245      0x276 c:/nxp/mcuxpressoide_11.9.0_2144/ide/plugins/com.nxp.mcuxpresso.tools.win32_11.9.0.202307121226/tools/bin/../lib/gcc/arm-none-eabi/12.3.1/../../../../arm-none-eabi/lib/thumb/v7e-m+fp/hard\libcr_c.a(fseek.o)
 .debug_info    0x000144bb      0x190 c:/nxp/mcuxpressoide_11.9.0_2144/ide/plugins/com.nxp.mcuxpresso.tools.win32_11.9.0.202307121226/tools/bin/../lib/gcc/arm-none-eabi/12.3.1/../../../../arm-none-eabi/lib/thumb/v7e-m+fp/hard\libcr_c.a(ftell.o)
 .debug_info    0x0001464b      0x339 c:/nxp/mcuxpressoide_11.9.0_2144/ide/plugins/com.nxp.mcuxpresso.tools.win32_11.9.0.202307121226/tools/bin/../lib/gcc/arm-none-eabi/12.3.1/../../../../arm-none-eabi/lib/thumb/v7e-m+fp/hard\libcr_c.a(initio.o)
 .debug_info    0x00014984     0x1268 c:/nxp/mcuxpressoide_11.9.0_2144/ide/plugins/com.nxp.mcuxpresso.tools.win32_11.9.0.202307121226/tools/bin/../lib/gcc/arm-none-eabi/12.3.1/../../../../arm-none-eabi/lib/thumb/v7e-m+fp/hard\libcr_c.a(printf.o)
 .debug_info    0x00015bec      0x1f6 c:/nxp/mcuxpressoide_11.9.0_2144/ide/plugins/com.nxp.mcuxpresso.tools.win32_11.9.0.202307121226/tools/bin/../lib/gcc/arm-none-eabi/12.3.1/../../../../arm-none-eabi/lib/thumb/v7e-m+fp/hard\libcr_c.a(setvbuf.o)
 .debug_info    0x00015de2       0xbe c:/nxp/mcuxpressoide_11.9.0_2144/ide/plugins/com.nxp.mcuxpresso.tools.win32_11.9.0.202307121226/tools/bin/../lib/gcc/arm-none-eabi/12.3.1/../../../../arm-none-eabi/lib/thumb/v7e-m+fp/hard\libcr_c.a(sin.o)
 .debug_info    0x00015ea0       0xda c:/nxp/mcuxpressoide_11.9.0_2144/ide/plugins/com.nxp.mcuxpresso.tools.win32_11.9.0.202307121226/tools/bin/../lib/gcc/arm-none-eabi/12.3.1/../../../../arm-none-eabi/lib/thumb/v7e-m+fp/hard\libcr_c.a(strlen.o)
 .debug_info    0x00015f7a       0xd4 c:/nxp/mcuxpressoide_11.9.0_2144/ide/plugins/com.nxp.mcuxpresso.tools.win32_11.9.0.202307121226/tools/bin/../lib/gcc/arm-none-eabi/12.3.1/../../../../arm-none-eabi/lib/thumb/v7e-m+fp/hard\libcr_c.a(__init_alloc.o)
 .debug_info    0x0001604e      0x100 c:/nxp/mcuxpressoide_11.9.0_2144/ide/plugins/com.nxp.mcuxpresso.tools.win32_11.9.0.202307121226/tools/bin/../lib/gcc/arm-none-eabi/12.3.1/../../../../arm-none-eabi/lib/thumb/v7e-m+fp/hard\libcr_c.a(_cr_sbrk.o)
 .debug_info    0x0001614e      0x244 c:/nxp/mcuxpressoide_11.9.0_2144/ide/plugins/com.nxp.mcuxpresso.tools.win32_11.9.0.202307121226/tools/bin/../lib/gcc/arm-none-eabi/12.3.1/../../../../arm-none-eabi/lib/thumb/v7e-m+fp/hard\libcr_c.a(_fdopen.o)
 .debug_info    0x00016392      0x166 c:/nxp/mcuxpressoide_11.9.0_2144/ide/plugins/com.nxp.mcuxpresso.tools.win32_11.9.0.202307121226/tools/bin/../lib/gcc/arm-none-eabi/12.3.1/../../../../arm-none-eabi/lib/thumb/v7e-m+fp/hard\libcr_c.a(_frexpl.o)
 .debug_info    0x000164f8      0x14e c:/nxp/mcuxpressoide_11.9.0_2144/ide/plugins/com.nxp.mcuxpresso.tools.win32_11.9.0.202307121226/tools/bin/../lib/gcc/arm-none-eabi/12.3.1/../../../../arm-none-eabi/lib/thumb/v7e-m+fp/hard\libcr_c.a(_ldexpl.o)
 .debug_info    0x00016646      0x299 c:/nxp/mcuxpressoide_11.9.0_2144/ide/plugins/com.nxp.mcuxpresso.tools.win32_11.9.0.202307121226/tools/bin/../lib/gcc/arm-none-eabi/12.3.1/../../../../arm-none-eabi/lib/thumb/v7e-m+fp/hard\libcr_c.a(_sincos.o)
 .debug_info    0x000168df      0x291 c:/nxp/mcuxpressoide_11.9.0_2144/ide/plugins/com.nxp.mcuxpresso.tools.win32_11.9.0.202307121226/tools/bin/../lib/gcc/arm-none-eabi/12.3.1/../../../../arm-none-eabi/lib/thumb/v7e-m+fp/hard\libcr_c.a(atan.o)
 .debug_info    0x00016b70      0x318 c:/nxp/mcuxpressoide_11.9.0_2144/ide/plugins/com.nxp.mcuxpresso.tools.win32_11.9.0.202307121226/tools/bin/../lib/gcc/arm-none-eabi/12.3.1/../../../../arm-none-eabi/lib/thumb/v7e-m+fp/hard\libcr_c.a(fclose.o)
 .debug_info    0x00016e88      0x202 c:/nxp/mcuxpressoide_11.9.0_2144/ide/plugins/com.nxp.mcuxpresso.tools.win32_11.9.0.202307121226/tools/bin/../lib/gcc/arm-none-eabi/12.3.1/../../../../arm-none-eabi/lib/thumb/v7e-m+fp/hard\libcr_c.a(fflush.o)
 .debug_info    0x0001708a      0x1ca c:/nxp/mcuxpressoide_11.9.0_2144/ide/plugins/com.nxp.mcuxpresso.tools.win32_11.9.0.202307121226/tools/bin/../lib/gcc/arm-none-eabi/12.3.1/../../../../arm-none-eabi/lib/thumb/v7e-m+fp/hard\libcr_c.a(remove.o)
 .debug_info    0x00017254       0x71 c:/nxp/mcuxpressoide_11.9.0_2144/ide/plugins/com.nxp.mcuxpresso.tools.win32_11.9.0.202307121226/tools/bin/../lib/gcc/arm-none-eabi/12.3.1/../../../../arm-none-eabi/lib/thumb/v7e-m+fp/hard\libcr_c.a(_cr_check_heap.o)
 .debug_info    0x000172c5      0x23a c:/nxp/mcuxpressoide_11.9.0_2144/ide/plugins/com.nxp.mcuxpresso.tools.win32_11.9.0.202307121226/tools/bin/../lib/gcc/arm-none-eabi/12.3.1/../../../../arm-none-eabi/lib/thumb/v7e-m+fp/hard\libcr_c.a(_do_fflush.o)
 .debug_info    0x000174ff     0x215f c:/nxp/mcuxpressoide_11.9.0_2144/ide/plugins/com.nxp.mcuxpresso.tools.win32_11.9.0.202307121226/tools/bin/../lib/gcc/arm-none-eabi/12.3.1/thumb/v7e-m+fp/hard\libcr_eabihelpers.a(double.o)

.debug_abbrev   0x00000000     0x4e8d
 .debug_abbrev  0x00000000       0x97 ./utilities/fsl_assert.o
 .debug_abbrev  0x00000097      0x17a ./startup/startup_mk66f18.o
 .debug_abbrev  0x00000211      0x3db ./source/ecompass_peripheral.o
 .debug_abbrev  0x000005ec       0x31 ./source/semihost_hardfault.o
 .debug_abbrev  0x0000061d      0x381 ./drivers/fsl_clock.o
 .debug_abbrev  0x0000099e      0x3b0 ./drivers/fsl_dspi.o
 .debug_abbrev  0x00000d4e      0x1a5 ./drivers/fsl_gpio.o
 .debug_abbrev  0x00000ef3      0x392 ./drivers/fsl_i2c.o
 .debug_abbrev  0x00001285      0x43f ./drivers/fsl_lpuart.o
 .debug_abbrev  0x000016c4      0x45d ./drivers/fsl_uart.o
 .debug_abbrev  0x00001b21      0x148 ./device/system_MK66F18.o
 .debug_abbrev  0x00001c69      0x1d3 ./board/board.o
 .debug_abbrev  0x00001e3c      0x247 ./board/clock_config.o
 .debug_abbrev  0x00002083      0x160 ./board/peripherals.o
 .debug_abbrev  0x000021e3      0x22b ./board/pin_mux.o
 .debug_abbrev  0x0000240e      0x130 ./accel/fsl_fxos.o
 .debug_abbrev  0x0000253e       0xb5 c:/nxp/mcuxpressoide_11.9.0_2144/ide/plugins/com.nxp.mcuxpresso.tools.win32_11.9.0.202307121226/tools/bin/../lib/gcc/arm-none-eabi/12.3.1/../../../../arm-none-eabi/lib/thumb/v7e-m+fp/hard\libcr_semihost_nf.a(__ciob.o)
 .debug_abbrev  0x000025f3       0x70 c:/nxp/mcuxpressoide_11.9.0_2144/ide/plugins/com.nxp.mcuxpresso.tools.win32_11.9.0.202307121226/tools/bin/../lib/gcc/arm-none-eabi/12.3.1/../../../../arm-none-eabi/lib/thumb/v7e-m+fp/hard\libcr_semihost_nf.a(_cr__main.o)
 .debug_abbrev  0x00002663       0xb6 c:/nxp/mcuxpressoide_11.9.0_2144/ide/plugins/com.nxp.mcuxpresso.tools.win32_11.9.0.202307121226/tools/bin/../lib/gcc/arm-none-eabi/12.3.1/../../../../arm-none-eabi/lib/thumb/v7e-m+fp/hard\libcr_c.a(memcpy.o)
 .debug_abbrev  0x00002719       0xa8 c:/nxp/mcuxpressoide_11.9.0_2144/ide/plugins/com.nxp.mcuxpresso.tools.win32_11.9.0.202307121226/tools/bin/../lib/gcc/arm-none-eabi/12.3.1/../../../../arm-none-eabi/lib/thumb/v7e-m+fp/hard\libcr_c.a(memset.o)
 .debug_abbrev  0x000027c1      0x228 c:/nxp/mcuxpressoide_11.9.0_2144/ide/plugins/com.nxp.mcuxpresso.tools.win32_11.9.0.202307121226/tools/bin/../lib/gcc/arm-none-eabi/12.3.1/../../../../arm-none-eabi/lib/thumb/v7e-m+fp/hard\libcr_c.a(__fillbuf.o)
 .debug_abbrev  0x000029e9      0x152 c:/nxp/mcuxpressoide_11.9.0_2144/ide/plugins/com.nxp.mcuxpresso.tools.win32_11.9.0.202307121226/tools/bin/../lib/gcc/arm-none-eabi/12.3.1/../../../../arm-none-eabi/lib/thumb/v7e-m+fp/hard\libcr_c.a(_deferredlazyseek.o)
 .debug_abbrev  0x00002b3b       0xf1 c:/nxp/mcuxpressoide_11.9.0_2144/ide/plugins/com.nxp.mcuxpresso.tools.win32_11.9.0.202307121226/tools/bin/../lib/gcc/arm-none-eabi/12.3.1/../../../../arm-none-eabi/lib/thumb/v7e-m+fp/hard\libcr_c.a(_fflush.o)
 .debug_abbrev  0x00002c2c      0x126 c:/nxp/mcuxpressoide_11.9.0_2144/ide/plugins/com.nxp.mcuxpresso.tools.win32_11.9.0.202307121226/tools/bin/../lib/gcc/arm-none-eabi/12.3.1/../../../../arm-none-eabi/lib/thumb/v7e-m+fp/hard\libcr_c.a(_writebuf.o)