C:\Users\safeerr\Documents\4DS4-group30-lab1\frdmk66f_hello_world\drivers/fsl_clock.h:1045:20:CLOCK_SetSimSafeDivs	4	static
C:\Users\safeerr\Documents\4DS4-group30-lab1\frdmk66f_hello_world\drivers/fsl_clock.h:1428:20:CLOCK_SetXtal0Freq	16	static
C:\Users\safeerr\Documents\4DS4-group30-lab1\frdmk66f_hello_world\drivers/fsl_smc.h:256:20:SMC_SetPowerModeProtection	16	static
C:\Users\safeerr\Documents\4DS4-group30-lab1\frdmk66f_hello_world\drivers/fsl_smc.h:275:33:SMC_GetPowerModeState	16	static
../board/clock_config.c:82:13:CLOCK_CONFIG_SetFllExtRefDiv	16	static
../board/clock_config.c:90:6:BOARD_InitBootClocks	8	static
../board/clock_config.c:94:6:BOARD_BootClockRUN	8	static
../board/clock_config.c:204:6:BOARD_BootClockHSRUN	8	static
../board/clock_config.c:313:6:BOARD_BootClockVLPR	8	static
