Archive member included to satisfy reference by file (symbol)

c:/nxp/mcuxpressoide_11.9.0_2144/ide/plugins/com.nxp.mcuxpresso.tools.win32_11.9.0.202307121226/tools/bin/../lib/gcc/arm-none-eabi/12.3.1/../../../../arm-none-eabi/lib/thumb/v7e-m+fp/hard\libcr_semihost_nf.a(_cr__main.o)
                              ./startup/startup_mk66f18.o (__main)
c:/nxp/mcuxpressoide_11.9.0_2144/ide/plugins/com.nxp.mcuxpresso.tools.win32_11.9.0.202307121226/tools/bin/../lib/gcc/arm-none-eabi/12.3.1/../../../../arm-none-eabi/lib/thumb/v7e-m+fp/hard\libcr_c.a(memcpy.o)
                              ./source/hello_world.o (memcpy)
c:/nxp/mcuxpressoide_11.9.0_2144/ide/plugins/com.nxp.mcuxpresso.tools.win32_11.9.0.202307121226/tools/bin/../lib/gcc/arm-none-eabi/12.3.1/../../../../arm-none-eabi/lib/thumb/v7e-m+fp/hard\libcr_c.a(memset.o)
                              ./drivers/fsl_dspi.o (memset)
c:/nxp/mcuxpressoide_11.9.0_2144/ide/plugins/com.nxp.mcuxpresso.tools.win32_11.9.0.202307121226/tools/bin/../lib/gcc/arm-none-eabi/12.3.1/../../../../arm-none-eabi/lib/thumb/v7e-m+fp/hard\libcr_c.a(alloc.o)
                              ./source/hello_world.o (malloc)
c:/nxp/mcuxpressoide_11.9.0_2144/ide/plugins/com.nxp.mcuxpresso.tools.win32_11.9.0.202307121226/tools/bin/../lib/gcc/arm-none-eabi/12.3.1/../../../../arm-none-eabi/lib/thumb/v7e-m+fp/hard\libcr_c.a(initio.o)
                              c:/nxp/mcuxpressoide_11.9.0_2144/ide/plugins/com.nxp.mcuxpresso.tools.win32_11.9.0.202307121226/tools/bin/../lib/gcc/arm-none-eabi/12.3.1/../../../../arm-none-eabi/lib/thumb/v7e-m+fp/hard\libcr_semihost_nf.a(_cr__main.o) (_initio)
c:/nxp/mcuxpressoide_11.9.0_2144/ide/plugins/com.nxp.mcuxpresso.tools.win32_11.9.0.202307121226/tools/bin/../lib/gcc/arm-none-eabi/12.3.1/../../../../arm-none-eabi/lib/thumb/v7e-m+fp/hard\libcr_c.a(printf.o)
                              ./utilities/fsl_assert.o (_printf)
c:/nxp/mcuxpressoide_11.9.0_2144/ide/plugins/com.nxp.mcuxpresso.tools.win32_11.9.0.202307121226/tools/bin/../lib/gcc/arm-none-eabi/12.3.1/../../../../arm-none-eabi/lib/thumb/v7e-m+fp/hard\libcr_c.a(setvbuf.o)
                              c:/nxp/mcuxpressoide_11.9.0_2144/ide/plugins/com.nxp.mcuxpresso.tools.win32_11.9.0.202307121226/tools/bin/../lib/gcc/arm-none-eabi/12.3.1/../../../../arm-none-eabi/lib/thumb/v7e-m+fp/hard\libcr_c.a(initio.o) (setvbuf)
c:/nxp/mcuxpressoide_11.9.0_2144/ide/plugins/com.nxp.mcuxpresso.tools.win32_11.9.0.202307121226/tools/bin/../lib/gcc/arm-none-eabi/12.3.1/../../../../arm-none-eabi/lib/thumb/v7e-m+fp/hard\libcr_c.a(strlen.o)
                              c:/nxp/mcuxpressoide_11.9.0_2144/ide/plugins/com.nxp.mcuxpresso.tools.win32_11.9.0.202307121226/tools/bin/../lib/gcc/arm-none-eabi/12.3.1/../../../../arm-none-eabi/lib/thumb/v7e-m+fp/hard\libcr_c.a(printf.o) (strlen)
c:/nxp/mcuxpressoide_11.9.0_2144/ide/plugins/com.nxp.mcuxpresso.tools.win32_11.9.0.202307121226/tools/bin/../lib/gcc/arm-none-eabi/12.3.1/../../../../arm-none-eabi/lib/thumb/v7e-m+fp/hard\libcr_c.a(__init_alloc.o)
                              c:/nxp/mcuxpressoide_11.9.0_2144/ide/plugins/com.nxp.mcuxpresso.tools.win32_11.9.0.202307121226/tools/bin/../lib/gcc/arm-none-eabi/12.3.1/../../../../arm-none-eabi/lib/thumb/v7e-m+fp/hard\libcr_c.a(alloc.o) (__heaps)
c:/nxp/mcuxpressoide_11.9.0_2144/ide/plugins/com.nxp.mcuxpresso.tools.win32_11.9.0.202307121226/tools/bin/../lib/gcc/arm-none-eabi/12.3.1/../../../../arm-none-eabi/lib/thumb/v7e-m+fp/hard\libcr_c.a(_cr_sbrk.o)
                              c:/nxp/mcuxpressoide_11.9.0_2144/ide/plugins/com.nxp.mcuxpresso.tools.win32_11.9.0.202307121226/tools/bin/../lib/gcc/arm-none-eabi/12.3.1/../../../../arm-none-eabi/lib/thumb/v7e-m+fp/hard\libcr_c.a(alloc.o) (_sbrk)
c:/nxp/mcuxpressoide_11.9.0_2144/ide/plugins/com.nxp.mcuxpresso.tools.win32_11.9.0.202307121226/tools/bin/../lib/gcc/arm-none-eabi/12.3.1/../../../../arm-none-eabi/lib/thumb/v7e-m+fp/hard\libcr_c.a(_deferredlazyseek.o)
                              c:/nxp/mcuxpressoide_11.9.0_2144/ide/plugins/com.nxp.mcuxpresso.tools.win32_11.9.0.202307121226/tools/bin/../lib/gcc/arm-none-eabi/12.3.1/../../../../arm-none-eabi/lib/thumb/v7e-m+fp/hard\libcr_c.a(printf.o) (__flsbuf)
c:/nxp/mcuxpressoide_11.9.0_2144/ide/plugins/com.nxp.mcuxpresso.tools.win32_11.9.0.202307121226/tools/bin/../lib/gcc/arm-none-eabi/12.3.1/../../../../arm-none-eabi/lib/thumb/v7e-m+fp/hard\libcr_c.a(_fdopen.o)
                              c:/nxp/mcuxpressoide_11.9.0_2144/ide/plugins/com.nxp.mcuxpresso.tools.win32_11.9.0.202307121226/tools/bin/../lib/gcc/arm-none-eabi/12.3.1/../../../../arm-none-eabi/lib/thumb/v7e-m+fp/hard\libcr_c.a(initio.o) (_fdopen)
c:/nxp/mcuxpressoide_11.9.0_2144/ide/plugins/com.nxp.mcuxpresso.tools.win32_11.9.0.202307121226/tools/bin/../lib/gcc/arm-none-eabi/12.3.1/../../../../arm-none-eabi/lib/thumb/v7e-m+fp/hard\libcr_c.a(_fflush.o)
[...]
Memory Configuration

Name             Origin             Length             Attributes
PROGRAM_FLASH    0x00000000         0x00200000         xr
SRAM_UPPER       0x20000000         0x00030000         xrw
SRAM_LOWER       0x1fff0000         0x00010000         xrw
FLEX_RAM         0x14000000         0x00001000         xrw
*default*        0x00000000         0xffffffff

Linker script and memory map

LOAD ./utilities/fsl_assert.o
LOAD ./utilities/fsl_debug_console.o
LOAD ./startup/startup_mk66f18.o
LOAD ./source/hello_world.o
LOAD ./source/semihost_hardfault.o
LOAD ./drivers/fsl_clock.o
LOAD ./drivers/fsl_common.o
LOAD ./drivers/fsl_common_arm.o
LOAD ./drivers/fsl_dspi.o
LOAD ./drivers/fsl_ftfx_cache.o
LOAD ./drivers/fsl_ftfx_controller.o
LOAD ./drivers/fsl_ftfx_flash.o
LOAD ./drivers/fsl_ftfx_flexnvm.o
LOAD ./drivers/fsl_gpio.o
LOAD ./drivers/fsl_lpuart.o
LOAD ./drivers/fsl_smc.o
LOAD ./drivers/fsl_uart.o
LOAD ./device/system_MK66F18.o
LOAD ./component/uart/fsl_adapter_uart.o
LOAD ./component/lists/fsl_component_generic_list.o
LOAD ./board/board.o
LOAD ./board/clock_config.o
LOAD ./board/pin_mux.o
START GROUP
LOAD c:/nxp/mcuxpressoide_11.9.0_2144/ide/plugins/com.nxp.mcuxpresso.tools.win32_11.9.0.202307121226/tools/bin/../lib/gcc/arm-none-eabi/12.3.1/../../../../arm-none-eabi/lib/thumb/v7e-m+fp/hard\libcr_semihost_nf.a
LOAD c:/nxp/mcuxpressoide_11.9.0_2144/ide/plugins/com.nxp.mcuxpresso.tools.win32_11.9.0.202307121226/tools/bin/../lib/gcc/arm-none-eabi/12.3.1/../../../../arm-none-eabi/lib/thumb/v7e-m+fp/hard\libcr_c.a
LOAD c:/nxp/mcuxpressoide_11.9.0_2144/ide/plugins/com.nxp.mcuxpresso.tools.win32_11.9.0.202307121226/tools/bin/../lib/gcc/arm-none-eabi/12.3.1/thumb/v7e-m+fp/hard\libcr_eabihelpers.a
LOAD c:/nxp/mcuxpressoide_11.9.0_2144/ide/plugins/com.nxp.mcuxpresso.tools.win32_11.9.0.202307121226/tools/bin/../lib/gcc/arm-none-eabi/12.3.1/thumb/v7e-m+fp/hard\libgcc.a
END GROUP
                0x00000000                        __base_PROGRAM_FLASH = 0x0
                0x00000000                        __base_Flash = 0x0
                0x00200000                        __top_PROGRAM_FLASH = 0x200000
                0x00200000                        __top_Flash = 0x200000
                0x20000000                        __base_SRAM_UPPER = 0x20000000
                0x20000000                        __base_RAM = 0x20000000
                0x20030000                        __top_SRAM_UPPER = 0x20030000
                0x20030000                        __top_RAM = 0x20030000
                0x1fff0000                        __base_SRAM_LOWER = 0x1fff0000
                0x1fff0000                        __base_RAM2 = 0x1fff0000
                0x20000000                        __top_SRAM_LOWER = 0x20000000
                0x20000000                        __top_RAM2 = 0x20000000
                0x14000000                        __base_FLEX_RAM = 0x14000000
                0x14000000                        __base_RAM3 = 0x14000000
                0x14001000                        __top_FLEX_RAM = 0x14001000
                0x14001000                        __top_RAM3 = 0x14001000

.text           0x00000000     0x3b70
 FILL mask 0xff
                0x00000000                        __vectors_start__ = ABSOLUTE (.)
 *(SORT_BY_ALIGNMENT(.isr_vector))
 .isr_vector    0x00000000      0x1d0 ./startup/startup_mk66f18.o
                0x00000000                g_pfnVectors
                0x00000000                __Vectors
                0x000001d0                        . = ALIGN (0x4)
                0x000001d0                        __section_table_start = .
                0x000001d0                        __data_section_table = .
                0x000001d0        0x4 LONG 0x3b70 LOADADDR (.data)
                0x000001d4        0x4 LONG 0x20000000 ADDR (.data)
                0x000001d8        0x4 LONG 0x10 SIZEOF (.data)
                0x000001dc        0x4 LONG 0x3b70 LOADADDR (.data_RAM2)
                0x000001e0        0x4 LONG 0x1fff0000 ADDR (.data_RAM2)
                0x000001e4        0x4 LONG 0x0 SIZEOF (.data_RAM2)
                0x000001e8        0x4 LONG 0x3b70 LOADADDR (.data_RAM3)
                0x000001ec        0x4 LONG 0x14000000 ADDR (.data_RAM3)
                0x000001f0        0x4 LONG 0x0 SIZEOF (.data_RAM3)
                0x000001f4                        __data_section_table_end = .
                0x000001f4                        __bss_section_table = .
                0x000001f4        0x4 LONG 0x20000010 ADDR (.bss)
                0x000001f8        0x4 LONG 0x108 SIZEOF (.bss)
                0x000001fc        0x4 LONG 0x1fff0000 ADDR (.bss_RAM2)
                0x00000200        0x4 LONG 0x0 SIZEOF (.bss_RAM2)
                0x00000204        0x4 LONG 0x14000000 ADDR (.bss_RAM3)
                0x00000208        0x4 LONG 0x0 SIZEOF (.bss_RAM3)
                0x0000020c                        __bss_section_table_end = .
                0x0000020c                        __section_table_end = .
 *(SORT_BY_ALIGNMENT(.after_vectors*))
 .after_vectors.reset
                0x0000020c       0x4c ./startup/startup_mk66f18.o
                0x0000020c                ResetISR
 .after_vectors.init_data
                0x00000258       0x1e ./startup/startup_mk66f18.o
                0x00000258                data_init
 .after_vectors.init_bss
                0x00000276       0x12 ./startup/startup_mk66f18.o
                0x00000276                bss_init
 .after_vectors
                0x00000288       0x14 ./startup/startup_mk66f18.o
                0x00000288                NMI_Handler
                0x0000028c                MemManage_Handler
                0x0000028e                BusFault_Handler
                0x00000290                UsageFault_Handler
                0x00000292                SVC_Handler
                0x00000294                DebugMon_Handler
                0x00000296                PendSV_Handler
                0x00000298                SysTick_Handler
                0x0000029a                FTM1_DriverIRQHandler
                0x0000029a                FTM2_DriverIRQHandler
                0x0000029a                PIT2_DriverIRQHandler
                0x0000029a                TPM2_DriverIRQHandler
                0x0000029a                SDHC_DriverIRQHandler
                0x0000029a                DMA7_DMA23_DriverIRQHandler
                0x0000029a                I2C3_DriverIRQHandler
                0x0000029a                I2S0_Tx_DriverIRQHandler
                0x0000029a                TSI0_DriverIRQHandler
                0x0000029a                RTC_Seconds_DriverIRQHandler
                0x0000029a                CMP3_DriverIRQHandler
                0x0000029a                LLWU_DriverIRQHandler
                0x0000029a                MCM_DriverIRQHandler
                0x0000029a                DMA14_DMA30_DriverIRQHandler
                0x0000029a                MCG_DriverIRQHandler
                0x0000029a                ENET_1588_Timer_DriverIRQHandler
                0x0000029a                I2C2_DriverIRQHandler
                0x0000029a                DAC1_DriverIRQHandler
                0x0000029a                DMA_Error_DriverIRQHandler
                0x0000029a                CMP1_DriverIRQHandler
                0x0000029a                USBHSDCD_DriverIRQHandler
                0x0000029a                DMA0_DMA16_DriverIRQHandler
                0x0000029a                FTM0_DriverIRQHandler
                0x0000029a                IntDefaultHandler
                0x0000029a                USB0_DriverIRQHandler
                0x0000029a                PORTC_DriverIRQHandler
                0x0000029a                DMA2_DMA18_DriverIRQHandler
                0x0000029a                DAC0_DriverIRQHandler
                0x0000029a                CMP2_DriverIRQHandler
                0x0000029a                UART2_ERR_DriverIRQHandler
                0x0000029a                LVD_LVW_DriverIRQHandler
                0x0000029a                Reserved84_DriverIRQHandler
                0x0000029a                LPTMR0_DriverIRQHandler
                0x0000029a                RNG_DriverIRQHandler
                0x0000029a                USBDCD_DriverIRQHandler
                0x0000029a                UART3_ERR_DriverIRQHandler
                0x0000029a                DMA12_DMA28_DriverIRQHandler
                0x0000029a                DMA10_DMA26_DriverIRQHandler
                0x0000029a                UART0_ERR_DriverIRQHandler
                0x0000029a                CMT_DriverIRQHandler
                0x0000029a                Reserved71_DriverIRQHandler
                0x0000029a                ADC1_DriverIRQHandler
                0x0000029a                PORTA_DriverIRQHandler
                0x0000029a                DMA1_DMA17_DriverIRQHandler
                0x0000029a                PIT3_DriverIRQHandler
                0x0000029a                PIT1_DriverIRQHandler
                0x0000029a                TPM1_DriverIRQHandler
                0x0000029a                WDOG_EWM_DriverIRQHandler
                0x0000029a                PDB0_DriverIRQHandler
                0x0000029a                DMA8_DMA24_DriverIRQHandler
                0x0000029a                DMA6_DMA22_DriverIRQHandler
                0x0000029a                RTC_DriverIRQHandler
                0x0000029a                I2S0_Rx_DriverIRQHandler
                0x0000029a                Read_Collision_DriverIRQHandler
                0x0000029a                SWI_DriverIRQHandler
                0x0000029a                UART4_ERR_DriverIRQHandler
                0x0000029a                PORTB_DriverIRQHandler
                0x0000029a                DMA13_DMA29_DriverIRQHandler
                0x0000029a                DMA11_DMA27_DriverIRQHandler
                0x0000029a                DMA4_DMA20_DriverIRQHandler
                0x0000029a                DMA9_DMA25_DriverIRQHandler
                0x0000029a                I2C1_DriverIRQHandler
                0x0000029a                ENET_Receive_DriverIRQHandler
                0x0000029a                DMA3_DMA19_DriverIRQHandler
                0x0000029a                ENET_Error_DriverIRQHandler
                0x0000029a                Reserved85_DriverIRQHandler
                0x0000029a                ADC0_DriverIRQHandler
                0x0000029a                USBHS_DriverIRQHandler
                0x0000029a                CMP0_DriverIRQHandler
                0x0000029a                CAN0_DriverIRQHandler
                0x0000029a                FTM3_DriverIRQHandler
                0x0000029a                DMA5_DMA21_DriverIRQHandler
                0x0000029a                PIT0_DriverIRQHandler
                0x0000029a                DMA15_DMA31_DriverIRQHandler
                0x0000029a                UART1_ERR_DriverIRQHandler
                0x0000029a                ENET_Transmit_DriverIRQHandler
                0x0000029a                PORTD_DriverIRQHandler
                0x0000029a                Reserved46_DriverIRQHandler
                0x0000029a                PORTE_DriverIRQHandler
                0x0000029a                FTFE_DriverIRQHandler
                0x0000029a                I2C0_DriverIRQHandler
                0x0000029a                CAN1_DriverIRQHandler
                0x00000400                        . = 0x400
 *fill*         0x0000029c      0x164 ff
                0x00000400                        PROVIDE (__FLASH_CONFIG_START__ = .)
 *(SORT_BY_ALIGNMENT(.FlashConfig))
 .FlashConfig   0x00000400       0x10 ./startup/startup_mk66f18.o
                0x00000400                Flash_Config
                0x00000410                        PROVIDE (__FLASH_CONFIG_END__ = .)
                0x00000001                        ASSERT (! ((__FLASH_CONFIG_START__ == __FLASH_CONFIG_END__)), Linker Flash Config Support Enabled, but no .FlashConfig section provided within application)
 *(SORT_BY_ALIGNMENT(.text*))
 .text.__assertion_failed
                0x00000410       0x18 ./utilities/fsl_assert.o
                0x00000410                __assertion_failed
 .text.setupSPI
                0x00000428       0x70 ./source/hello_world.o
                0x00000428                setupSPI
 .text.voltageRegulatorEnable
                0x00000498       0x30 ./source/hello_world.o
                0x00000498                voltageRegulatorEnable
 .text.accelerometerEnable
                0x000004c8       0x30 ./source/hello_world.o
                0x000004c8                accelerometerEnable
 .text.SPI_read
                0x000004f8       0x8c ./source/hello_world.o
                0x000004f8                SPI_read
 .text.main     0x00000584       0x54 ./source/hello_world.o
                0x00000584                main
 .text.CLOCK_SetEr32kClock
                0x000005d8       0x30 ./drivers/fsl_clock.o
 .text.CLOCK_SetPllFllSelClock
                0x00000608       0x54 ./drivers/fsl_clock.o
 .text.CLOCK_GetMcgExtClkFreq
                0x0000065c       0x7c ./drivers/fsl_clock.o
 .text.CLOCK_GetFllExtRefClkFreq
                0x000006d8       0xb0 ./drivers/fsl_clock.o
 .text.CLOCK_GetInternalRefClkSelectFreq
                0x00000788       0x4c ./drivers/fsl_clock.o
 .text.CLOCK_GetFllRefClkFreq
                0x000007d4       0x34 ./drivers/fsl_clock.o
 .text.CLOCK_GetOscRangeFromFreq
                0x00000808       0x3c ./drivers/fsl_clock.o
 .text.CLOCK_GetCoreSysClkFreq
                0x00000844       0x28 ./drivers/fsl_clock.o
                0x00000844                CLOCK_GetCoreSysClkFreq
 .text.CLOCK_SetSimConfig
                0x0000086c       0x40 ./drivers/fsl_clock.o
                0x0000086c                CLOCK_SetSimConfig
 .text.CLOCK_GetOutClkFreq
                0x000008ac       0x90 ./drivers/fsl_clock.o
                0x000008ac                CLOCK_GetOutClkFreq
 .text.CLOCK_GetFllFreq
                0x0000093c       0x84 ./drivers/fsl_clock.o
                0x0000093c                CLOCK_GetFllFreq
 .text.CLOCK_GetPll0Freq
                0x000009c0       0x7c ./drivers/fsl_clock.o
                0x000009c0                CLOCK_GetPll0Freq
 .text.CLOCK_GetExtPllFreq
                0x00000a3c       0x18 ./drivers/fsl_clock.o
                0x00000a3c                CLOCK_GetExtPllFreq
 .text.CLOCK_SetExternalRefClkConfig
                0x00000a54       0x6c ./drivers/fsl_clock.o
                0x00000a54                CLOCK_SetExternalRefClkConfig
 .text.CLOCK_SetInternalRefClkConfig
                0x00000ac0      0x104 ./drivers/fsl_clock.o
                0x00000ac0                CLOCK_SetInternalRefClkConfig
 .text.CLOCK_EnablePll0
                0x00000bc4       0x88 ./drivers/fsl_clock.o
                0x00000bc4                CLOCK_EnablePll0
 .text.CLOCK_InitOsc0
                0x00000c4c       0x8c ./drivers/fsl_clock.o
                0x00000c4c                CLOCK_InitOsc0
 .text.CLOCK_SetPbeMode
                0x00000cd8       0xe8 ./drivers/fsl_clock.o
                0x00000cd8                CLOCK_SetPbeMode
 .text.CLOCK_BootToPeeMode
                0x00000dc0       0x68 ./drivers/fsl_clock.o
                0x00000dc0                CLOCK_BootToPeeMode
 .text.DSPI_GetInstance
                0x00000e28       0x4c ./drivers/fsl_dspi.o
                0x00000e28                DSPI_GetInstance
 .text.DSPI_GetDummyDataInstance
                0x00000e74       0x24 ./drivers/fsl_dspi.o
                0x00000e74                DSPI_GetDummyDataInstance
 .text.DSPI_SetDummyData
                0x00000e98       0x2c ./drivers/fsl_dspi.o
                0x00000e98                DSPI_SetDummyData
 .text.DSPI_MasterInit
                0x00000ec4      0x16c ./drivers/fsl_dspi.o
                0x00000ec4                DSPI_MasterInit
 .text.DSPI_MasterSetBaudRate
                0x00001030      0x12c ./drivers/fsl_dspi.o
                0x00001030                DSPI_MasterSetBaudRate
 .text.DSPI_MasterSetDelayScaler
                0x0000115c       0xe8 ./drivers/fsl_dspi.o
                0x0000115c                DSPI_MasterSetDelayScaler
 .text.DSPI_MasterSetDelayTimes
                0x00001244      0x130 ./drivers/fsl_dspi.o
                0x00001244                DSPI_MasterSetDelayTimes
 .text.DSPI_MasterTransferBlocking
                0x00001374      0x488 ./drivers/fsl_dspi.o
                0x00001374                DSPI_MasterTransferBlocking
 .text.DSPI_CommonIRQHandler
                0x000017fc       0x44 ./drivers/fsl_dspi.o
 .text.SPI0_DriverIRQHandler
                0x00001840       0x30 ./drivers/fsl_dspi.o
                0x00001840                SPI0_DriverIRQHandler
 .text.SPI1_DriverIRQHandler
                0x00001870       0x30 ./drivers/fsl_dspi.o
                0x00001870                SPI1_DriverIRQHandler
 .text.SPI2_DriverIRQHandler
                0x000018a0       0x30 ./drivers/fsl_dspi.o
                0x000018a0                SPI2_DriverIRQHandler
 .text.GPIO_PinInit
                0x000018d0       0x64 ./drivers/fsl_gpio.o
                0x000018d0                GPIO_PinInit
 .text.LPUART0_DriverIRQHandler
                0x00001934       0x28 ./drivers/fsl_lpuart.o
                0x00001934                LPUART0_DriverIRQHandler
 .text.UART0_DriverIRQHandler
                0x0000195c       0x28 ./drivers/fsl_uart.o
                0x0000195c                UART0_DriverIRQHandler
 .text.UART1_DriverIRQHandler
                0x00001984       0x28 ./drivers/fsl_uart.o
                0x00001984                UART1_DriverIRQHandler
 .text.UART2_DriverIRQHandler
                0x000019ac       0x28 ./drivers/fsl_uart.o
                0x000019ac                UART2_DriverIRQHandler
 .text.UART3_DriverIRQHandler
                0x000019d4       0x28 ./drivers/fsl_uart.o
                0x000019d4                UART3_DriverIRQHandler
 .text.UART4_DriverIRQHandler
                0x000019fc       0x28 ./drivers/fsl_uart.o
                0x000019fc                UART4_DriverIRQHandler
 .text.SystemInit
                0x00001a24       0x3c ./device/system_MK66F18.o
                0x00001a24                SystemInit
 .text.CLOCK_SetSimSafeDivs
                0x00001a60       0x24 ./board/clock_config.o
 .text.CLOCK_SetXtal0Freq
                0x00001a84       0x20 ./board/clock_config.o
 .text.CLOCK_CONFIG_SetFllExtRefDiv
                0x00001aa4       0x3c ./board/clock_config.o
 .text.BOARD_BootClockRUN
                0x00001ae0       0x60 ./board/clock_config.o
                0x00001ae0                BOARD_BootClockRUN
 .text.BOARD_InitPins
                0x00001b40       0x60 ./board/pin_mux.o
                0x00001b40                BOARD_InitPins
 .text.malloc   0x00001ba0       0xe8 c:/nxp/mcuxpressoide_11.9.0_2144/ide/plugins/com.nxp.mcuxpresso.tools.win32_11.9.0.202307121226/tools/bin/../lib/gcc/arm-none-eabi/12.3.1/../../../../arm-none-eabi/lib/thumb/v7e-m+fp/hard\libcr_c.a(alloc.o)
                0x00001ba0                malloc
 .text._Csys_alloc
                0x00001c88       0x20 c:/nxp/mcuxpressoide_11.9.0_2144/ide/plugins/com.nxp.mcuxpresso.tools.win32_11.9.0.202307121226/tools/bin/../lib/gcc/arm-none-eabi/12.3.1/../../../../arm-none-eabi/lib/thumb/v7e-m+fp/hard\libcr_c.a(alloc.o)
                0x00001c88                _Csys_alloc
 .text._initio  0x00001ca8       0x78 c:/nxp/mcuxpressoide_11.9.0_2144/ide/plugins/com.nxp.mcuxpresso.tools.win32_11.9.0.202307121226/tools/bin/../lib/gcc/arm-none-eabi/12.3.1/../../../../arm-none-eabi/lib/thumb/v7e-m+fp/hard\libcr_c.a(initio.o)
                0x00001ca8                _initio
 .text.__vfprintf
                0x00001d20      0xb80 c:/nxp/mcuxpressoide_11.9.0_2144/ide/plugins/com.nxp.mcuxpresso.tools.win32_11.9.0.202307121226/tools/bin/../lib/gcc/arm-none-eabi/12.3.1/../../../../arm-none-eabi/lib/thumb/v7e-m+fp/hard\libcr_c.a(printf.o)
                0x00001d20                __vfprintf
 .text._vsnprintf
                0x000028a0       0x68 c:/nxp/mcuxpressoide_11.9.0_2144/ide/plugins/com.nxp.mcuxpresso.tools.win32_11.9.0.202307121226/tools/bin/../lib/gcc/arm-none-eabi/12.3.1/../../../../arm-none-eabi/lib/thumb/v7e-m+fp/hard\libcr_c.a(printf.o)
                0x000028a0                _vsnprintf
 .text._printf  0x00002908       0x54 c:/nxp/mcuxpressoide_11.9.0_2144/ide/plugins/com.nxp.mcuxpresso.tools.win32_11.9.0.202307121226/tools/bin/../lib/gcc/arm-none-eabi/12.3.1/../../../../arm-none-eabi/lib/thumb/v7e-m+fp/hard\libcr_c.a(printf.o)
                0x00002908                _printf
 .text._sbrk    0x0000295c       0x3c c:/nxp/mcuxpressoide_11.9.0_2144/ide/plugins/com.nxp.mcuxpresso.tools.win32_11.9.0.202307121226/tools/bin/../lib/gcc/arm-none-eabi/12.3.1/../../../../arm-none-eabi/lib/thumb/v7e-m+fp/hard\libcr_c.a(_cr_sbrk.o)
                0x0000295c                _sbrk
 .text._Cwritebuf
                0x00002998       0x6c c:/nxp/mcuxpressoide_11.9.0_2144/ide/plugins/com.nxp.mcuxpresso.tools.win32_11.9.0.202307121226/tools/bin/../lib/gcc/arm-none-eabi/12.3.1/../../../../arm-none-eabi/lib/thumb/v7e-m+fp/hard\libcr_c.a(_writebuf.o)
                0x00002998                _Cwritebuf
 .text.fflush   0x00002a04       0x3c c:/nxp/mcuxpressoide_11.9.0_2144/ide/plugins/com.nxp.mcuxpresso.tools.win32_11.9.0.202307121226/tools/bin/../lib/gcc/arm-none-eabi/12.3.1/../../../../arm-none-eabi/lib/thumb/v7e-m+fp/hard\libcr_c.a(fflush.o)
                0x00002a04                fflush
 .text.fseek    0x00002a40       0xf8 c:/nxp/mcuxpressoide_11.9.0_2144/ide/plugins/com.nxp.mcuxpresso.tools.win32_11.9.0.202307121226/tools/bin/../lib/gcc/arm-none-eabi/12.3.1/../../../../arm-none-eabi/lib/thumb/v7e-m+fp/hard\libcr_c.a(fseek.o)
                0x00002a40                fseek
 .text.ftell    0x00002b38       0x44 c:/nxp/mcuxpressoide_11.9.0_2144/ide/plugins/com.nxp.mcuxpresso.tools.win32_11.9.0.202307121226/tools/bin/../lib/gcc/arm-none-eabi/12.3.1/../../../../arm-none-eabi/lib/thumb/v7e-m+fp/hard\libcr_c.a(ftell.o)
                0x00002b38                ftell
 .text.__check_heap_overflow
                0x00002b7c       0x18 c:/nxp/mcuxpressoide_11.9.0_2144/ide/plugins/com.nxp.mcuxpresso.tools.win32_11.9.0.202307121226/tools/bin/../lib/gcc/arm-none-eabi/12.3.1/../../../../arm-none-eabi/lib/thumb/v7e-m+fp/hard\libcr_c.a(_cr_check_heap.o)
                0x00002b7c                __check_heap_overflow
 .text.__sys_appexit
                0x00002b94        0xc c:/nxp/mcuxpressoide_11.9.0_2144/ide/plugins/com.nxp.mcuxpresso.tools.win32_11.9.0.202307121226/tools/bin/../lib/gcc/arm-none-eabi/12.3.1/../../../../arm-none-eabi/lib/thumb/v7e-m+fp/hard\libcr_semihost_nf.a(__sys_appexit.o)
                0x00002b94                __sys_appexit
                0x00002b94                __exit
 .text.DMA0_DMA16_IRQHandler
                0x00002ba0        0x8 ./startup/startup_mk66f18.o
                0x00002ba0                DMA0_DMA16_IRQHandler
 .text.DMA1_DMA17_IRQHandler
                0x00002ba8        0x8 ./startup/startup_mk66f18.o
                0x00002ba8                DMA1_DMA17_IRQHandler
 .text.DMA2_DMA18_IRQHandler
                0x00002bb0        0x8 ./startup/startup_mk66f18.o
                0x00002bb0                DMA2_DMA18_IRQHandler
 .text.DMA3_DMA19_IRQHandler
                0x00002bb8        0x8 ./startup/startup_mk66f18.o
                0x00002bb8                DMA3_DMA19_IRQHandler
 .text.DMA4_DMA20_IRQHandler
                0x00002bc0        0x8 ./startup/startup_mk66f18.o
                0x00002bc0                DMA4_DMA20_IRQHandler
 .text.DMA5_DMA21_IRQHandler
                0x00002bc8        0x8 ./startup/startup_mk66f18.o
                0x00002bc8                DMA5_DMA21_IRQHandler
 .text.DMA6_DMA22_IRQHandler
                0x00002bd0        0x8 ./startup/startup_mk66f18.o
                0x00002bd0                DMA6_DMA22_IRQHandler
 .text.DMA7_DMA23_IRQHandler
                0x00002bd8        0x8 ./startup/startup_mk66f18.o
                0x00002bd8                DMA7_DMA23_IRQHandler
 .text.DMA8_DMA24_IRQHandler
                0x00002be0        0x8 ./startup/startup_mk66f18.o
                0x00002be0                DMA8_DMA24_IRQHandler
 .text.DMA9_DMA25_IRQHandler
                0x00002be8        0x8 ./startup/startup_mk66f18.o
                0x00002be8                DMA9_DMA25_IRQHandler
 .text.DMA10_DMA26_IRQHandler
                0x00002bf0        0x8 ./startup/startup_mk66f18.o
                0x00002bf0                DMA10_DMA26_IRQHandler
 .text.DMA11_DMA27_IRQHandler
                0x00002bf8        0x8 ./startup/startup_mk66f18.o
                0x00002bf8                DMA11_DMA27_IRQHandler
 .text.DMA12_DMA28_IRQHandler
                0x00002c00        0x8 ./startup/startup_mk66f18.o
                0x00002c00                DMA12_DMA28_IRQHandler
 .text.DMA13_DMA29_IRQHandler
                0x00002c08        0x8 ./startup/startup_mk66f18.o
                0x00002c08                DMA13_DMA29_IRQHandler
 .text.DMA14_DMA30_IRQHandler
                0x00002c10        0x8 ./startup/startup_mk66f18.o
                0x00002c10                DMA14_DMA30_IRQHandler
 .text.DMA15_DMA31_IRQHandler
                0x00002c18        0x8 ./startup/startup_mk66f18.o
                0x00002c18                DMA15_DMA31_IRQHandler
 .text.DMA_Error_IRQHandler
                0x00002c20        0x8 ./startup/startup_mk66f18.o
                0x00002c20                DMA_Error_IRQHandler
 .text.MCM_IRQHandler
                0x00002c28        0x8 ./startup/startup_mk66f18.o
                0x00002c28                MCM_IRQHandler
 .text.FTFE_IRQHandler
                0x00002c30        0x8 ./startup/startup_mk66f18.o
                0x00002c30                FTFE_IRQHandler
 .text.Read_Collision_IRQHandler
                0x00002c38        0x8 ./startup/startup_mk66f18.o
                0x00002c38                Read_Collision_IRQHandler
 .text.LVD_LVW_IRQHandler
                0x00002c40        0x8 ./startup/startup_mk66f18.o
                0x00002c40                LVD_LVW_IRQHandler
 .text.LLWU_IRQHandler
                0x00002c48        0x8 ./startup/startup_mk66f18.o
                0x00002c48                LLWU_IRQHandler
 .text.WDOG_EWM_IRQHandler
                0x00002c50        0x8 ./startup/startup_mk66f18.o
                0x00002c50                WDOG_EWM_IRQHandler
 .text.RNG_IRQHandler
                0x00002c58        0x8 ./startup/startup_mk66f18.o
                0x00002c58                RNG_IRQHandler
 .text.I2C0_IRQHandler
                0x00002c60        0x8 ./startup/startup_mk66f18.o
                0x00002c60                I2C0_IRQHandler
 .text.I2C1_IRQHandler
                0x00002c68        0x8 ./startup/startup_mk66f18.o
                0x00002c68                I2C1_IRQHandler
 .text.SPI0_IRQHandler
                0x00002c70        0x8 ./startup/startup_mk66f18.o
                0x00002c70                SPI0_IRQHandler
 .text.SPI1_IRQHandler
                0x00002c78        0x8 ./startup/startup_mk66f18.o
                0x00002c78                SPI1_IRQHandler
 .text.I2S0_Tx_IRQHandler
                0x00002c80        0x8 ./startup/startup_mk66f18.o
                0x00002c80                I2S0_Tx_IRQHandler
 .text.I2S0_Rx_IRQHandler
                0x00002c88        0x8 ./startup/startup_mk66f18.o
                0x00002c88                I2S0_Rx_IRQHandler
 .text.Reserved46_IRQHandler
                0x00002c90        0x8 ./startup/startup_mk66f18.o
                0x00002c90                Reserved46_IRQHandler
 .text.UART0_RX_TX_IRQHandler
                0x00002c98        0x8 ./startup/startup_mk66f18.o
                0x00002c98                UART0_RX_TX_IRQHandler
 .text.UART0_ERR_IRQHandler
                0x00002ca0        0x8 ./startup/startup_mk66f18.o
                0x00002ca0                UART0_ERR_IRQHandler
 .text.UART1_RX_TX_IRQHandler
                0x00002ca8        0x8 ./startup/startup_mk66f18.o
                0x00002ca8                UART1_RX_TX_IRQHandler
 .text.UART1_ERR_IRQHandler
                0x00002cb0        0x8 ./startup/startup_mk66f18.o
                0x00002cb0                UART1_ERR_IRQHandler
 .text.UART2_RX_TX_IRQHandler
                0x00002cb8        0x8 ./startup/startup_mk66f18.o
                0x00002cb8                UART2_RX_TX_IRQHandler
 .text.UART2_ERR_IRQHandler
                0x00002cc0        0x8 ./startup/startup_mk66f18.o
                0x00002cc0                UART2_ERR_IRQHandler
 .text.UART3_RX_TX_IRQHandler
                0x00002cc8        0x8 ./startup/startup_mk66f18.o
                0x00002cc8                UART3_RX_TX_IRQHandler
 .text.UART3_ERR_IRQHandler
                0x00002cd0        0x8 ./startup/startup_mk66f18.o
                0x00002cd0                UART3_ERR_IRQHandler
 .text.ADC0_IRQHandler
                0x00002cd8        0x8 ./startup/startup_mk66f18.o
                0x00002cd8                ADC0_IRQHandler
 .text.CMP0_IRQHandler
                0x00002ce0        0x8 ./startup/startup_mk66f18.o
                0x00002ce0                CMP0_IRQHandler
 .text.CMP1_IRQHandler
                0x00002ce8        0x8 ./startup/startup_mk66f18.o
                0x00002ce8                CMP1_IRQHandler
 .text.FTM0_IRQHandler
                0x00002cf0        0x8 ./startup/startup_mk66f18.o
                0x00002cf0                FTM0_IRQHandler
 .text.FTM1_IRQHandler
                0x00002cf8        0x8 ./startup/startup_mk66f18.o
                0x00002cf8                FTM1_IRQHandler
 .text.FTM2_IRQHandler
                0x00002d00        0x8 ./startup/startup_mk66f18.o
                0x00002d00                FTM2_IRQHandler
 .text.CMT_IRQHandler
                0x00002d08        0x8 ./startup/startup_mk66f18.o
                0x00002d08                CMT_IRQHandler
 .text.RTC_IRQHandler
                0x00002d10        0x8 ./startup/startup_mk66f18.o
                0x00002d10                RTC_IRQHandler
 .text.RTC_Seconds_IRQHandler
                0x00002d18        0x8 ./startup/startup_mk66f18.o
                0x00002d18                RTC_Seconds_IRQHandler
 .text.PIT0_IRQHandler
                0x00002d20        0x8 ./startup/startup_mk66f18.o
                0x00002d20                PIT0_IRQHandler
 .text.PIT1_IRQHandler
                0x00002d28        0x8 ./startup/startup_mk66f18.o
                0x00002d28                PIT1_IRQHandler
 .text.PIT2_IRQHandler
                0x00002d30        0x8 ./startup/startup_mk66f18.o
                0x00002d30                PIT2_IRQHandler
 .text.PIT3_IRQHandler
                0x00002d38        0x8 ./startup/startup_mk66f18.o
                0x00002d38                PIT3_IRQHandler
 .text.PDB0_IRQHandler
                0x00002d40        0x8 ./startup/startup_mk66f18.o
                0x00002d40                PDB0_IRQHandler
 .text.USB0_IRQHandler
                0x00002d48        0x8 ./startup/startup_mk66f18.o
                0x00002d48                USB0_IRQHandler
 .text.USBDCD_IRQHandler
                0x00002d50        0x8 ./startup/startup_mk66f18.o
                0x00002d50                USBDCD_IRQHandler
 .text.Reserved71_IRQHandler
                0x00002d58        0x8 ./startup/startup_mk66f18.o
                0x00002d58                Reserved71_IRQHandler
 .text.DAC0_IRQHandler
                0x00002d60        0x8 ./startup/startup_mk66f18.o
                0x00002d60                DAC0_IRQHandler
 .text.MCG_IRQHandler
                0x00002d68        0x8 ./startup/startup_mk66f18.o
                0x00002d68                MCG_IRQHandler
 .text.LPTMR0_IRQHandler
                0x00002d70        0x8 ./startup/startup_mk66f18.o
                0x00002d70                LPTMR0_IRQHandler
 .text.PORTA_IRQHandler
                0x00002d78        0x8 ./startup/startup_mk66f18.o
                0x00002d78                PORTA_IRQHandler
 .text.PORTB_IRQHandler
                0x00002d80        0x8 ./startup/startup_mk66f18.o
                0x00002d80                PORTB_IRQHandler
 .text.PORTC_IRQHandler
                0x00002d88        0x8 ./startup/startup_mk66f18.o
                0x00002d88                PORTC_IRQHandler
 .text.PORTD_IRQHandler
                0x00002d90        0x8 ./startup/startup_mk66f18.o
                0x00002d90                PORTD_IRQHandler
 .text.PORTE_IRQHandler
                0x00002d98        0x8 ./startup/startup_mk66f18.o
                0x00002d98                PORTE_IRQHandler
 .text.SWI_IRQHandler
                0x00002da0        0x8 ./startup/startup_mk66f18.o
                0x00002da0                SWI_IRQHandler
 .text.SPI2_IRQHandler
                0x00002da8        0x8 ./startup/startup_mk66f18.o
                0x00002da8                SPI2_IRQHandler
 .text.UART4_RX_TX_IRQHandler
                0x00002db0        0x8 ./startup/startup_mk66f18.o
                0x00002db0                UART4_RX_TX_IRQHandler
 .text.UART4_ERR_IRQHandler
                0x00002db8        0x8 ./startup/startup_mk66f18.o
                0x00002db8                UART4_ERR_IRQHandler
 .text.Reserved84_IRQHandler
                0x00002dc0        0x8 ./startup/startup_mk66f18.o
                0x00002dc0                Reserved84_IRQHandler
 .text.Reserved85_IRQHandler
                0x00002dc8        0x8 ./startup/startup_mk66f18.o
                0x00002dc8                Reserved85_IRQHandler
 .text.CMP2_IRQHandler
                0x00002dd0        0x8 ./startup/startup_mk66f18.o
                0x00002dd0                CMP2_IRQHandler
 .text.FTM3_IRQHandler
                0x00002dd8        0x8 ./startup/startup_mk66f18.o
                0x00002dd8                FTM3_IRQHandler
 .text.DAC1_IRQHandler
                0x00002de0        0x8 ./startup/startup_mk66f18.o
                0x00002de0                DAC1_IRQHandler
 .text.ADC1_IRQHandler
                0x00002de8        0x8 ./startup/startup_mk66f18.o
                0x00002de8                ADC1_IRQHandler
 .text.I2C2_IRQHandler
                0x00002df0        0x8 ./startup/startup_mk66f18.o
                0x00002df0                I2C2_IRQHandler
 .text.CAN0_ORed_Message_buffer_IRQHandler
                0x00002df8        0x8 ./startup/startup_mk66f18.o
                0x00002df8                CAN0_ORed_Message_buffer_IRQHandler
 .text.CAN0_Bus_Off_IRQHandler
                0x00002e00        0x8 ./startup/startup_mk66f18.o
                0x00002e00                CAN0_Bus_Off_IRQHandler
 .text.CAN0_Error_IRQHandler
                0x00002e08        0x8 ./startup/startup_mk66f18.o
                0x00002e08                CAN0_Error_IRQHandler
 .text.CAN0_Tx_Warning_IRQHandler
                0x00002e10        0x8 ./startup/startup_mk66f18.o
                0x00002e10                CAN0_Tx_Warning_IRQHandler
 .text.CAN0_Rx_Warning_IRQHandler
                0x00002e18        0x8 ./startup/startup_mk66f18.o
                0x00002e18                CAN0_Rx_Warning_IRQHandler
 .text.CAN0_Wake_Up_IRQHandler
                0x00002e20        0x8 ./startup/startup_mk66f18.o
                0x00002e20                CAN0_Wake_Up_IRQHandler
 .text.SDHC_IRQHandler
                0x00002e28        0x8 ./startup/startup_mk66f18.o
                0x00002e28                SDHC_IRQHandler
 .text.ENET_1588_Timer_IRQHandler
                0x00002e30        0x8 ./startup/startup_mk66f18.o
                0x00002e30                ENET_1588_Timer_IRQHandler
 .text.ENET_Transmit_IRQHandler
                0x00002e38        0x8 ./startup/startup_mk66f18.o
                0x00002e38                ENET_Transmit_IRQHandler
 .text.ENET_Receive_IRQHandler
                0x00002e40        0x8 ./startup/startup_mk66f18.o
                0x00002e40                ENET_Receive_IRQHandler
 .text.ENET_Error_IRQHandler
                0x00002e48        0x8 ./startup/startup_mk66f18.o
                0x00002e48                ENET_Error_IRQHandler
 .text.LPUART0_IRQHandler
                0x00002e50        0x8 ./startup/startup_mk66f18.o
                0x00002e50                LPUART0_IRQHandler
 .text.TSI0_IRQHandler
                0x00002e58        0x8 ./startup/startup_mk66f18.o
                0x00002e58                TSI0_IRQHandler
 .text.TPM1_IRQHandler
                0x00002e60        0x8 ./startup/startup_mk66f18.o
                0x00002e60                TPM1_IRQHandler
 .text.TPM2_IRQHandler
                0x00002e68        0x8 ./startup/startup_mk66f18.o
                0x00002e68                TPM2_IRQHandler
 .text.USBHSDCD_IRQHandler
                0x00002e70        0x8 ./startup/startup_mk66f18.o
                0x00002e70                USBHSDCD_IRQHandler
 .text.I2C3_IRQHandler
                0x00002e78        0x8 ./startup/startup_mk66f18.o
                0x00002e78                I2C3_IRQHandler
 .text.CMP3_IRQHandler
                0x00002e80        0x8 ./startup/startup_mk66f18.o
                0x00002e80                CMP3_IRQHandler
 .text.USBHS_IRQHandler
                0x00002e88        0x8 ./startup/startup_mk66f18.o
                0x00002e88                USBHS_IRQHandler
 .text.CAN1_ORed_Message_buffer_IRQHandler
                0x00002e90        0x8 ./startup/startup_mk66f18.o
                0x00002e90                CAN1_ORed_Message_buffer_IRQHandler
 .text.CAN1_Bus_Off_IRQHandler
                0x00002e98        0x8 ./startup/startup_mk66f18.o
                0x00002e98                CAN1_Bus_Off_IRQHandler
 .text.CAN1_Error_IRQHandler
                0x00002ea0        0x8 ./startup/startup_mk66f18.o
                0x00002ea0                CAN1_Error_IRQHandler
 .text.CAN1_Tx_Warning_IRQHandler
                0x00002ea8        0x8 ./startup/startup_mk66f18.o
                0x00002ea8                CAN1_Tx_Warning_IRQHandler
 .text.CAN1_Rx_Warning_IRQHandler
                0x00002eb0        0x8 ./startup/startup_mk66f18.o
                0x00002eb0                CAN1_Rx_Warning_IRQHandler
 .text.CAN1_Wake_Up_IRQHandler
                0x00002eb8        0x8 ./startup/startup_mk66f18.o
                0x00002eb8                CAN1_Wake_Up_IRQHandler
 .text.GPIO_PinWrite
                0x00002ec0       0x36 ./source/hello_world.o
 .text.HardFault_Handler
                0x00002ef6       0x36 ./source/semihost_hardfault.o
                0x00002ef6                HardFault_Handler
 .text.OSC_SetExtRefClkConfig
                0x00002f2c       0x40 ./drivers/fsl_clock.o
 .text.OSC_SetCapLoad
                0x00002f6c       0x34 ./drivers/fsl_clock.o
 .text.CLOCK_GetPll0RefFreq
                0x00002fa0        0xe ./drivers/fsl_clock.o
 .text.CLOCK_EnableClock
                0x00002fae       0x34 ./drivers/fsl_dspi.o
 .text.DSPI_Enable
                0x00002fe2       0x38 ./drivers/fsl_dspi.o
 .text.DSPI_GetStatusFlags
                0x0000301a       0x18 ./drivers/fsl_dspi.o
 .text.DSPI_ClearStatusFlags
                0x00003032       0x1c ./drivers/fsl_dspi.o
 .text.DSPI_DisableInterrupts
                0x0000304e       0x24 ./drivers/fsl_dspi.o
 .text.DSPI_SetMasterSlaveMode
                0x00003072       0x2a ./drivers/fsl_dspi.o
 .text.DSPI_IsMaster
                0x0000309c       0x26 ./drivers/fsl_dspi.o
 .text.DSPI_StartTransfer
                0x000030c2       0x20 ./drivers/fsl_dspi.o
 .text.DSPI_StopTransfer
                0x000030e2       0x20 ./drivers/fsl_dspi.o
 .text.DSPI_FlushFifo
                0x00003102       0x48 ./drivers/fsl_dspi.o
 .text.DSPI_MasterGetFormattedCommand
                0x0000314a       0x4a ./drivers/fsl_dspi.o
 .text.DSPI_ReadData
                0x00003194       0x18 ./drivers/fsl_dspi.o
 .text.DSPI_SetOnePcsPolarity
                0x000031ac       0x4e ./drivers/fsl_dspi.o
 .text.GPIO_PinWrite
                0x000031fa       0x36 ./drivers/fsl_gpio.o
 .text.UART0_RX_TX_DriverIRQHandler
                0x00003230       0x12 ./drivers/fsl_uart.o
                0x00003230                UART0_RX_TX_DriverIRQHandler
 .text.UART1_RX_TX_DriverIRQHandler
                0x00003242       0x12 ./drivers/fsl_uart.o
                0x00003242                UART1_RX_TX_DriverIRQHandler
 .text.UART2_RX_TX_DriverIRQHandler
                0x00003254       0x12 ./drivers/fsl_uart.o
                0x00003254                UART2_RX_TX_DriverIRQHandler
 .text.UART3_RX_TX_DriverIRQHandler
                0x00003266       0x12 ./drivers/fsl_uart.o
                0x00003266                UART3_RX_TX_DriverIRQHandler
 .text.UART4_RX_TX_DriverIRQHandler
                0x00003278       0x12 ./drivers/fsl_uart.o
                0x00003278                UART4_RX_TX_DriverIRQHandler
 .text.SystemInitHook
                0x0000328a        0xe ./device/system_MK66F18.o
                0x0000328a                SystemInitHook
 .text.DbgConsole_Init
                0x00003298       0x20 ./board/board.o
 .text.BOARD_InitDebugConsole
                0x000032b8       0x22 ./board/board.o
                0x000032b8                BOARD_InitDebugConsole
 .text.BOARD_InitBootClocks
                0x000032da        0xc ./board/clock_config.o
                0x000032da                BOARD_InitBootClocks
 .text.CLOCK_EnableClock
                0x000032e6       0x34 ./board/pin_mux.o
 .text.PORT_SetPinMux
                0x0000331a       0x3a ./board/pin_mux.o
 .text.BOARD_InitBootPins
                0x00003354        0xc ./board/pin_mux.o
                0x00003354                BOARD_InitBootPins
 .text.__main   0x00003360        0xe c:/nxp/mcuxpressoide_11.9.0_2144/ide/plugins/com.nxp.mcuxpresso.tools.win32_11.9.0.202307121226/tools/bin/../lib/gcc/arm-none-eabi/12.3.1/../../../../arm-none-eabi/lib/thumb/v7e-m+fp/hard\libcr_semihost_nf.a(_cr__main.o)
                0x00003360                __CR_SEMIHOST
                0x00003360                __main
 .text.memcpy   0x0000336e        0x4 c:/nxp/mcuxpressoide_11.9.0_2144/ide/plugins/com.nxp.mcuxpresso.tools.win32_11.9.0.202307121226/tools/bin/../lib/gcc/arm-none-eabi/12.3.1/../../../../arm-none-eabi/lib/thumb/v7e-m+fp/hard\libcr_c.a(memcpy.o)
                0x0000336e                memcpy
 .text.memset   0x00003372        0x4 c:/nxp/mcuxpressoide_11.9.0_2144/ide/plugins/com.nxp.mcuxpresso.tools.win32_11.9.0.202307121226/tools/bin/../lib/gcc/arm-none-eabi/12.3.1/../../../../arm-none-eabi/lib/thumb/v7e-m+fp/hard\libcr_c.a(memset.o)
                0x00003372                memset
 .text.free     0x00003376       0x30 c:/nxp/mcuxpressoide_11.9.0_2144/ide/plugins/com.nxp.mcuxpresso.tools.win32_11.9.0.202307121226/tools/bin/../lib/gcc/arm-none-eabi/12.3.1/../../../../arm-none-eabi/lib/thumb/v7e-m+fp/hard\libcr_c.a(alloc.o)
                0x00003376                free
 .text.no_fp_display
                0x000033a6        0x4 c:/nxp/mcuxpressoide_11.9.0_2144/ide/plugins/com.nxp.mcuxpresso.tools.win32_11.9.0.202307121226/tools/bin/../lib/gcc/arm-none-eabi/12.3.1/../../../../arm-none-eabi/lib/thumb/v7e-m+fp/hard\libcr_c.a(printf.o)
 .text.setvbuf  0x000033aa       0x3e c:/nxp/mcuxpressoide_11.9.0_2144/ide/plugins/com.nxp.mcuxpresso.tools.win32_11.9.0.202307121226/tools/bin/../lib/gcc/arm-none-eabi/12.3.1/../../../../arm-none-eabi/lib/thumb/v7e-m+fp/hard\libcr_c.a(setvbuf.o)
                0x000033aa                setvbuf
 .text.strlen   0x000033e8       0x4e c:/nxp/mcuxpressoide_11.9.0_2144/ide/plugins/com.nxp.mcuxpresso.tools.win32_11.9.0.202307121226/tools/bin/../lib/gcc/arm-none-eabi/12.3.1/../../../../arm-none-eabi/lib/thumb/v7e-m+fp/hard\libcr_c.a(strlen.o)
                0x000033e8                strlen
 .text._deferredlazyseek
                0x00003436       0x40 c:/nxp/mcuxpressoide_11.9.0_2144/ide/plugins/com.nxp.mcuxpresso.tools.win32_11.9.0.202307121226/tools/bin/../lib/gcc/arm-none-eabi/12.3.1/../../../../arm-none-eabi/lib/thumb/v7e-m+fp/hard\libcr_c.a(_deferredlazyseek.o)
                0x00003436                _deferredlazyseek
 .text.__flsbuf
                0x00003476      0x140 c:/nxp/mcuxpressoide_11.9.0_2144/ide/plugins/com.nxp.mcuxpresso.tools.win32_11.9.0.202307121226/tools/bin/../lib/gcc/arm-none-eabi/12.3.1/../../../../arm-none-eabi/lib/thumb/v7e-m+fp/hard\libcr_c.a(_deferredlazyseek.o)
                0x00003476                __flsbuf
 .text._fdopen  0x000035b6       0x68 c:/nxp/mcuxpressoide_11.9.0_2144/ide/plugins/com.nxp.mcuxpresso.tools.win32_11.9.0.202307121226/tools/bin/../lib/gcc/arm-none-eabi/12.3.1/../../../../arm-none-eabi/lib/thumb/v7e-m+fp/hard\libcr_c.a(_fdopen.o)
                0x000035b6                _fdopen
 .text._fflush  0x0000361e       0x52 c:/nxp/mcuxpressoide_11.9.0_2144/ide/plugins/com.nxp.mcuxpresso.tools.win32_11.9.0.202307121226/tools/bin/../lib/gcc/arm-none-eabi/12.3.1/../../../../arm-none-eabi/lib/thumb/v7e-m+fp/hard\libcr_c.a(_fflush.o)
                0x0000361e                _fflush
 .text.fclose   0x00003670       0x58 c:/nxp/mcuxpressoide_11.9.0_2144/ide/plugins/com.nxp.mcuxpresso.tools.win32_11.9.0.202307121226/tools/bin/../lib/gcc/arm-none-eabi/12.3.1/../../../../arm-none-eabi/lib/thumb/v7e-m+fp/hard\libcr_c.a(fclose.o)
                0x00003670                fclose
 .text.remove   0x000036c8       0x14 c:/nxp/mcuxpressoide_11.9.0_2144/ide/plugins/com.nxp.mcuxpresso.tools.win32_11.9.0.202307121226/tools/bin/../lib/gcc/arm-none-eabi/12.3.1/../../../../arm-none-eabi/lib/thumb/v7e-m+fp/hard\libcr_c.a(remove.o)
                0x000036c8                remove
 .text._do_fflush
                0x000036dc       0x40 c:/nxp/mcuxpressoide_11.9.0_2144/ide/plugins/com.nxp.mcuxpresso.tools.win32_11.9.0.202307121226/tools/bin/../lib/gcc/arm-none-eabi/12.3.1/../../../../arm-none-eabi/lib/thumb/v7e-m+fp/hard\libcr_c.a(_do_fflush.o)
                0x000036dc                _do_fflush
 .text.__aeabi_memcpy
                0x0000371c       0x34 c:/nxp/mcuxpressoide_11.9.0_2144/ide/plugins/com.nxp.mcuxpresso.tools.win32_11.9.0.202307121226/tools/bin/../lib/gcc/arm-none-eabi/12.3.1/thumb/v7e-m+fp/hard\libcr_eabihelpers.a(memcpy.o)
                0x0000371c                __aeabi_memcpy
                0x00003726                __aeabi_memcpy8
                0x00003726                __aeabi_memcpy4
 .text.__aeabi_memset_lowlevel
                0x00003750       0x32 c:/nxp/mcuxpressoide_11.9.0_2144/ide/plugins/com.nxp.mcuxpresso.tools.win32_11.9.0.202307121226/tools/bin/../lib/gcc/arm-none-eabi/12.3.1/thumb/v7e-m+fp/hard\libcr_eabihelpers.a(memcpy.o)
                0x00003750                __aeabi_lowlevel_memset
 .text.__sys_close
                0x00003782        0xc c:/nxp/mcuxpressoide_11.9.0_2144/ide/plugins/com.nxp.mcuxpresso.tools.win32_11.9.0.202307121226/tools/bin/../lib/gcc/arm-none-eabi/12.3.1/../../../../arm-none-eabi/lib/thumb/v7e-m+fp/hard\libcr_semihost_nf.a(__sys_close.o)
                0x00003782                __sys_close
 .text.__sys_flen
                0x0000378e        0xc c:/nxp/mcuxpressoide_11.9.0_2144/ide/plugins/com.nxp.mcuxpresso.tools.win32_11.9.0.202307121226/tools/bin/../lib/gcc/arm-none-eabi/12.3.1/../../../../arm-none-eabi/lib/thumb/v7e-m+fp/hard\libcr_semihost_nf.a(__sys_flen.o)
                0x0000378e                __sys_flen
 .text.__sys_istty
                0x0000379a        0xc c:/nxp/mcuxpressoide_11.9.0_2144/ide/plugins/com.nxp.mcuxpresso.tools.win32_11.9.0.202307121226/tools/bin/../lib/gcc/arm-none-eabi/12.3.1/../../../../arm-none-eabi/lib/thumb/v7e-m+fp/hard\libcr_semihost_nf.a(__sys_istty.o)
                0x0000379a                __sys_istty
 .text.__sys_remove
                0x000037a6        0xc c:/nxp/mcuxpressoide_11.9.0_2144/ide/plugins/com.nxp.mcuxpresso.tools.win32_11.9.0.202307121226/tools/bin/../lib/gcc/arm-none-eabi/12.3.1/../../../../arm-none-eabi/lib/thumb/v7e-m+fp/hard\libcr_semihost_nf.a(__sys_remove.o)
                0x000037a6                __sys_remove
 .text.__sys_seek
                0x000037b2        0xc c:/nxp/mcuxpressoide_11.9.0_2144/ide/plugins/com.nxp.mcuxpresso.tools.win32_11.9.0.202307121226/tools/bin/../lib/gcc/arm-none-eabi/12.3.1/../../../../arm-none-eabi/lib/thumb/v7e-m+fp/hard\libcr_semihost_nf.a(__sys_seek.o)
                0x000037b2                __sys_seek
 .text.__sys_tmpnam
                0x000037be        0xc c:/nxp/mcuxpressoide_11.9.0_2144/ide/plugins/com.nxp.mcuxpresso.tools.win32_11.9.0.202307121226/tools/bin/../lib/gcc/arm-none-eabi/12.3.1/../../../../arm-none-eabi/lib/thumb/v7e-m+fp/hard\libcr_semihost_nf.a(__sys_tmpnam.o)
                0x000037be                __sys_tmpnam
 .text.__sys_write
                0x000037ca        0xc c:/nxp/mcuxpressoide_11.9.0_2144/ide/plugins/com.nxp.mcuxpresso.tools.win32_11.9.0.202307121226/tools/bin/../lib/gcc/arm-none-eabi/12.3.1/../../../../arm-none-eabi/lib/thumb/v7e-m+fp/hard\libcr_semihost_nf.a(__sys_write.o)
                0x000037ca                __sys_write
 *(SORT_BY_ALIGNMENT(.rodata) SORT_BY_ALIGNMENT(.rodata.*) SORT_BY_ALIGNMENT(.constdata) SORT_BY_ALIGNMENT(.constdata.*))
 *fill*         0x000037d6        0x2 ff
 .rodata.__assertion_failed.str1.4
                0x000037d8       0x14 ./utilities/fsl_assert.o
 .rodata.main.str1.4
                0x000037ec       0x34 ./source/hello_world.o
 .rodata.CLOCK_GetMcgExtClkFreq.str1.4
                0x00003820       0x49 ./drivers/fsl_clock.o
 *fill*         0x00003869        0x3 ff
 .rodata.CLOCK_GetPll0Freq.str1.4
                0x0000386c       0x1d ./drivers/fsl_clock.o
 *fill*         0x00003889        0x3 ff
 .rodata.CLOCK_EnablePll0.str1.4
                0x0000388c       0x1a ./drivers/fsl_clock.o
 *fill*         0x000038a6        0x2 ff
 .rodata.CLOCK_SetPbeMode.str1.4
                0x000038a8       0x1a ./drivers/fsl_clock.o
 *fill*         0x000038c2        0x2 ff
 .rodata.CLOCK_BootToPeeMode.str1.4
                0x000038c4       0x1a ./drivers/fsl_clock.o
 *fill*         0x000038de        0x2 ff
 .rodata.fllFactorTable.1
                0x000038e0       0x10 ./drivers/fsl_clock.o
 .rodata.s_baudratePrescaler
                0x000038f0       0x10 ./drivers/fsl_dspi.o
 .rodata.s_baudrateScaler
                0x00003900       0x40 ./drivers/fsl_dspi.o
 .rodata.s_delayPrescaler
                0x00003940       0x10 ./drivers/fsl_dspi.o
 .rodata.s_delayScaler
                0x00003950       0x40 ./drivers/fsl_dspi.o
 .rodata.s_dspiBases
                0x00003990        0xc ./drivers/fsl_dspi.o
 .rodata.s_dspiClock
                0x0000399c        0xc ./drivers/fsl_dspi.o
 .rodata.DSPI_GetInstance.str1.4
                0x000039a8       0x34 ./drivers/fsl_dspi.o
 .rodata.DSPI_MasterInit.str1.4
                0x000039dc       0x3f ./drivers/fsl_dspi.o
 *fill*         0x00003a1b        0x1 ff
 .rodata.DSPI_MasterSetDelayScaler.str1.4
                0x00003a1c       0x17 ./drivers/fsl_dspi.o
 *fill*         0x00003a33        0x1 ff
 .rodata.DSPI_MasterTransferBlocking.str1.4
                0x00003a34       0x22 ./drivers/fsl_dspi.o
 *fill*         0x00003a56        0x2 ff
 .rodata.SPI0_DriverIRQHandler.str1.4
                0x00003a58       0x2a ./drivers/fsl_dspi.o
 *fill*         0x00003a82        0x2 ff
 .rodata.SPI1_DriverIRQHandler.str1.4
                0x00003a84       0x2a ./drivers/fsl_dspi.o
 *fill*         0x00003aae        0x2 ff
 .rodata.SPI2_DriverIRQHandler.str1.4
                0x00003ab0       0x2a ./drivers/fsl_dspi.o
 *fill*         0x00003ada        0x2 ff
 .rodata.GPIO_PinInit.str1.4
                0x00003adc       0x20 ./drivers/fsl_gpio.o
 .rodata.mcgConfig_BOARD_BootClockRUN
                0x00003afc        0xc ./board/clock_config.o
                0x00003afc                mcgConfig_BOARD_BootClockRUN
 .rodata.simConfig_BOARD_BootClockRUN
                0x00003b08        0x8 ./board/clock_config.o
                0x00003b08                simConfig_BOARD_BootClockRUN
 .rodata.oscConfig_BOARD_BootClockRUN
                0x00003b10        0x8 ./board/clock_config.o
                0x00003b10                oscConfig_BOARD_BootClockRUN
 .rodata.__num_Ciob_streams
                0x00003b18        0x4 c:/nxp/mcuxpressoide_11.9.0_2144/ide/plugins/com.nxp.mcuxpresso.tools.win32_11.9.0.202307121226/tools/bin/../lib/gcc/arm-none-eabi/12.3.1/../../../../arm-none-eabi/lib/thumb/v7e-m+fp/hard\libcr_semihost_nf.a(__ciob.o)
                0x00003b18                __num_Ciob_streams
 .rodata._Csys_alloc.str1.1
                0x00003b1c       0x18 c:/nxp/mcuxpressoide_11.9.0_2144/ide/plugins/com.nxp.mcuxpresso.tools.win32_11.9.0.202307121226/tools/bin/../lib/gcc/arm-none-eabi/12.3.1/../../../../arm-none-eabi/lib/thumb/v7e-m+fp/hard\libcr_c.a(alloc.o)
 .rodata._initio.str1.1
                0x00003b34        0x4 c:/nxp/mcuxpressoide_11.9.0_2144/ide/plugins/com.nxp.mcuxpresso.tools.win32_11.9.0.202307121226/tools/bin/../lib/gcc/arm-none-eabi/12.3.1/../../../../arm-none-eabi/lib/thumb/v7e-m+fp/hard\libcr_c.a(initio.o)
 .rodata.__vfprintf.str1.1
                0x00003b38       0x37 c:/nxp/mcuxpressoide_11.9.0_2144/ide/plugins/com.nxp.mcuxpresso.tools.win32_11.9.0.202307121226/tools/bin/../lib/gcc/arm-none-eabi/12.3.1/../../../../arm-none-eabi/lib/thumb/v7e-m+fp/hard\libcr_c.a(printf.o)
                                 0x38 (size before relaxing)
                0x00003b70                        . = ALIGN (0x8)
 *fill*         0x00003b6f        0x1 ff

.glue_7         0x00003b70        0x0
 .glue_7        0x00003b70        0x0 linker stubs

.glue_7t        0x00003b70        0x0
 .glue_7t       0x00003b70        0x0 linker stubs

.vfp11_veneer   0x00003b70        0x0
 .vfp11_veneer  0x00003b70        0x0 linker stubs

.v4_bx          0x00003b70        0x0
 .v4_bx         0x00003b70        0x0 linker stubs

.iplt           0x00003b70        0x0
 .iplt          0x00003b70        0x0 ./utilities/fsl_assert.o

.rel.dyn        0x00003b70        0x0
 .rel.iplt      0x00003b70        0x0 ./utilities/fsl_assert.o

.ARM.extab
 *(SORT_BY_ALIGNMENT(.ARM.extab*) SORT_BY_ALIGNMENT(.gnu.linkonce.armextab.*))

.ARM.exidx      0x00003b70        0x0
                0x00003b70                        __exidx_start = .
 *(SORT_BY_ALIGNMENT(.ARM.exidx*) SORT_BY_ALIGNMENT(.gnu.linkonce.armexidx.*))
                0x00003b70                        __exidx_end = .
                0x00003b70                        _etext = .

.m_usb_data
 *(SORT_BY_ALIGNMENT(m_usb_bdt))

.data_RAM2      0x1fff0000        0x0 load address 0x00003b70
 FILL mask 0xff
                [!provide]                        PROVIDE (__start_data_RAM2 = .)
                [!provide]                        PROVIDE (__start_data_SRAM_LOWER = .)
 *(SORT_BY_ALIGNMENT(.ramfunc.$RAM2))
 *(SORT_BY_ALIGNMENT(.ramfunc.$SRAM_LOWER))
 *(SORT_BY_ALIGNMENT(NonCacheable.init))
 *(SORT_BY_ALIGNMENT(.data.$RAM2))
 *(SORT_BY_ALIGNMENT(.data.$SRAM_LOWER))
 *(SORT_BY_ALIGNMENT(.data.$RAM2.*))
 *(SORT_BY_ALIGNMENT(.data.$SRAM_LOWER.*))
                0x1fff0000                        . = ALIGN (0x8)
                [!provide]                        PROVIDE (__end_data_RAM2 = .)
                [!provide]                        PROVIDE (__end_data_SRAM_LOWER = .)

.data_RAM3      0x14000000        0x0 load address 0x00003b70
 FILL mask 0xff
                [!provide]                        PROVIDE (__start_data_RAM3 = .)
                [!provide]                        PROVIDE (__start_data_FLEX_RAM = .)
 *(SORT_BY_ALIGNMENT(.ramfunc.$RAM3))
 *(SORT_BY_ALIGNMENT(.ramfunc.$FLEX_RAM))
 *(SORT_BY_ALIGNMENT(.data.$RAM3))
 *(SORT_BY_ALIGNMENT(.data.$FLEX_RAM))
 *(SORT_BY_ALIGNMENT(.data.$RAM3.*))
 *(SORT_BY_ALIGNMENT(.data.$FLEX_RAM.*))
                0x14000000                        . = ALIGN (0x8)
                [!provide]                        PROVIDE (__end_data_RAM3 = .)
                [!provide]                        PROVIDE (__end_data_FLEX_RAM = .)

.uninit_RESERVED
                0x20000000        0x0
                0x20000000                        _start_uninit_RESERVED = .
 *(SORT_BY_ALIGNMENT(.bss.$RESERVED*))
                0x20000000                        . = ALIGN (0x8)
                0x20000000                        _end_uninit_RESERVED = .

.data           0x20000000       0x10 load address 0x00003b70
 FILL mask 0xff
                0x20000000                        _data = .
                [!provide]                        PROVIDE (__start_data_RAM = .)
                [!provide]                        PROVIDE (__start_data_SRAM_UPPER = .)
 *(SORT_BY_ALIGNMENT(vtable))
 *(SORT_BY_ALIGNMENT(.ramfunc*))
 *(SORT_BY_ALIGNMENT(CodeQuickAccess))
 *(SORT_BY_ALIGNMENT(DataQuickAccess))
 *(SORT_BY_ALIGNMENT(RamFunction))
 *(SORT_BY_ALIGNMENT(.data*))
 .data.s_slowIrcFreq
                0x20000000        0x4 ./drivers/fsl_clock.o
 .data.s_fastIrcFreq
                0x20000004        0x4 ./drivers/fsl_clock.o
 .data.SystemCoreClock
                0x20000008        0x4 ./device/system_MK66F18.o
                0x20000008                SystemCoreClock
                0x20000010                        . = ALIGN (0x8)
 *fill*         0x2000000c        0x4 ff
                0x20000010                        _edata = .
                [!provide]                        PROVIDE (__end_data_RAM = .)
                [!provide]                        PROVIDE (__end_data_SRAM_UPPER = .)

.igot.plt       0x20000010        0x0 load address 0x00003b80
 .igot.plt      0x20000010        0x0 ./utilities/fsl_assert.o

.bss_RAM2       0x1fff0000        0x0
                [!provide]                        PROVIDE (__start_bss_RAM2 = .)
                [!provide]                        PROVIDE (__start_bss_SRAM_LOWER = .)
 *(SORT_BY_ALIGNMENT(NonCacheable))
 *(SORT_BY_ALIGNMENT(.bss.$RAM2))
 *(SORT_BY_ALIGNMENT(.bss.$SRAM_LOWER))
 *(SORT_BY_ALIGNMENT(.bss.$RAM2.*))
 *(SORT_BY_ALIGNMENT(.bss.$SRAM_LOWER.*))
                0x1fff0000                        . = ALIGN ((. != 0x0)?0x8:0x1)
                [!provide]                        PROVIDE (__end_bss_RAM2 = .)
                [!provide]                        PROVIDE (__end_bss_SRAM_LOWER = .)

.bss_RAM3       0x14000000        0x0
                [!provide]                        PROVIDE (__start_bss_RAM3 = .)
                [!provide]                        PROVIDE (__start_bss_FLEX_RAM = .)
 *(SORT_BY_ALIGNMENT(.bss.$RAM3))
 *(SORT_BY_ALIGNMENT(.bss.$FLEX_RAM))
 *(SORT_BY_ALIGNMENT(.bss.$RAM3.*))
 *(SORT_BY_ALIGNMENT(.bss.$FLEX_RAM.*))
                0x14000000                        . = ALIGN ((. != 0x0)?0x8:0x1)
                [!provide]                        PROVIDE (__end_bss_RAM3 = .)
                [!provide]                        PROVIDE (__end_bss_FLEX_RAM = .)

.bss            0x20000010      0x108
                0x20000010                        _bss = .
                [!provide]                        PROVIDE (__start_bss_RAM = .)
                [!provide]                        PROVIDE (__start_bss_SRAM_UPPER = .)
 *(SORT_BY_ALIGNMENT(.bss*))
 .bss.s_extPllFreq
                0x20000010        0x4 ./drivers/fsl_clock.o
 .bss.g_xtal0Freq
                0x20000014        0x4 ./drivers/fsl_clock.o
                0x20000014                g_xtal0Freq
 .bss.g_xtal32Freq
                0x20000018        0x4 ./drivers/fsl_clock.o
                0x20000018                g_xtal32Freq
 .bss.g_dspiHandle
                0x2000001c        0xc ./drivers/fsl_dspi.o
 .bss.s_dspiMasterIsr
                0x20000028        0x4 ./drivers/fsl_dspi.o
 .bss.s_dspiSlaveIsr
                0x2000002c        0x4 ./drivers/fsl_dspi.o
 .bss.g_dspiDummyData
                0x20000030        0x3 ./drivers/fsl_dspi.o
                0x20000030                g_dspiDummyData
 *fill*         0x20000033        0x1 
 .bss.s_lpuartHandle
                0x20000034        0x4 ./drivers/fsl_lpuart.o
                0x20000034                s_lpuartHandle
 .bss.s_lpuartIsr
                0x20000038        0x4 ./drivers/fsl_lpuart.o
                0x20000038                s_lpuartIsr
 .bss.s_uartHandle
                0x2000003c       0x14 ./drivers/fsl_uart.o
                0x2000003c                s_uartHandle
 .bss.s_uartIsr
                0x20000050        0x4 ./drivers/fsl_uart.o
                0x20000050                s_uartIsr
 .bss.__end_of_heap
                0x20000054        0x4 c:/nxp/mcuxpressoide_11.9.0_2144/ide/plugins/com.nxp.mcuxpresso.tools.win32_11.9.0.202307121226/tools/bin/../lib/gcc/arm-none-eabi/12.3.1/../../../../arm-none-eabi/lib/thumb/v7e-m+fp/hard\libcr_c.a(__init_alloc.o)
                0x20000054                __end_of_heap
 .bss.__heaps   0x20000058        0x4 c:/nxp/mcuxpressoide_11.9.0_2144/ide/plugins/com.nxp.mcuxpresso.tools.win32_11.9.0.202307121226/tools/bin/../lib/gcc/arm-none-eabi/12.3.1/../../../../arm-none-eabi/lib/thumb/v7e-m+fp/hard\libcr_c.a(__init_alloc.o)
                0x20000058                __heaps
 .bss.errno     0x2000005c        0x4 c:/nxp/mcuxpressoide_11.9.0_2144/ide/plugins/com.nxp.mcuxpresso.tools.win32_11.9.0.202307121226/tools/bin/../lib/gcc/arm-none-eabi/12.3.1/../../../../arm-none-eabi/lib/thumb/v7e-m+fp/hard\libcr_c.a(errno.o)
                0x2000005c                errno
 .bss.__Ciob    0x20000060       0xb4 c:/nxp/mcuxpressoide_11.9.0_2144/ide/plugins/com.nxp.mcuxpresso.tools.win32_11.9.0.202307121226/tools/bin/../lib/gcc/arm-none-eabi/12.3.1/../../../../arm-none-eabi/lib/thumb/v7e-m+fp/hard\libcr_semihost_nf.a(__ciob.o)
                0x20000060                __Ciob
 *(SORT_BY_ALIGNMENT(COMMON))
                0x20000118                        . = ALIGN (0x8)
 *fill*         0x20000114        0x4 
                0x20000118                        _ebss = .
                [!provide]                        PROVIDE (__end_bss_RAM = .)
                [!provide]                        PROVIDE (__end_bss_SRAM_UPPER = .)
                [!provide]                        PROVIDE (end = .)

.noinit_RAM2    0x1fff0000        0x0
                [!provide]                        PROVIDE (__start_noinit_RAM2 = .)
                [!provide]                        PROVIDE (__start_noinit_SRAM_LOWER = .)
 *(SORT_BY_ALIGNMENT(.noinit.$RAM2))
 *(SORT_BY_ALIGNMENT(.noinit.$SRAM_LOWER))
 *(SORT_BY_ALIGNMENT(.noinit.$RAM2.*))
 *(SORT_BY_ALIGNMENT(.noinit.$SRAM_LOWER.*))
                0x1fff0000                        . = ALIGN (0x8)
                [!provide]                        PROVIDE (__end_noinit_RAM2 = .)
                [!provide]                        PROVIDE (__end_noinit_SRAM_LOWER = .)

.noinit_RAM3    0x14000000        0x0
                [!provide]                        PROVIDE (__start_noinit_RAM3 = .)
                [!provide]                        PROVIDE (__start_noinit_FLEX_RAM = .)
 *(SORT_BY_ALIGNMENT(.noinit.$RAM3))
 *(SORT_BY_ALIGNMENT(.noinit.$FLEX_RAM))
 *(SORT_BY_ALIGNMENT(.noinit.$RAM3.*))
 *(SORT_BY_ALIGNMENT(.noinit.$FLEX_RAM.*))
                0x14000000                        . = ALIGN (0x8)
                [!provide]                        PROVIDE (__end_noinit_RAM3 = .)
                [!provide]                        PROVIDE (__end_noinit_FLEX_RAM = .)

.noinit         0x20000118        0x0
                0x20000118                        _noinit = .
                [!provide]                        PROVIDE (__start_noinit_RAM = .)
                [!provide]                        PROVIDE (__start_noinit_SRAM_UPPER = .)
 *(SORT_BY_ALIGNMENT(.noinit*))
                0x20000118                        . = ALIGN (0x8)
                0x20000118                        _end_noinit = .
                [!provide]                        PROVIDE (__end_noinit_RAM = .)
                [!provide]                        PROVIDE (__end_noinit_SRAM_UPPER = .)
                0x00001000                        _HeapSize = 0x1000

.heap           0x20000118     0x1000
                0x20000118                        _pvHeapStart = .
                0x20001118                        . = (. + _HeapSize)
 *fill*         0x20000118     0x1000 
                0x20001118                        . = ALIGN (0x8)
                0x20001118                        _pvHeapLimit = .
                0x00001000                        _StackSize = 0x1000

.heap2stackfill
                0x20001118     0x1000
                0x20002118                        . = (. + _StackSize)
 *fill*         0x20001118     0x1000 

.stack          0x2002f000        0x0
                0x2002f000                        _vStackBase = .
                0x2002f000                        . = ALIGN (0x8)
                0x20030000                        _vStackTop = (. + _StackSize)
                0x00000000                        _image_start = LOADADDR (.text)
                0x00003b80                        _image_end = (LOADADDR (.data) + SIZEOF (.data))
                0x00003b80                        _image_size = (_image_end - _image_start)
OUTPUT(frdmk66f_hello_world_Lab1_Exp4.axf elf32-littlearm)
LOAD linker stubs

.debug_info     0x00000000    0x10961
 .debug_info    0x00000000       0xcc ./utilities/fsl_assert.o
 .debug_info    0x000000cc      0xe90 ./startup/startup_mk66f18.o
 .debug_info    0x00000f5c      0x9a9 ./source/hello_world.o
 .debug_info    0x00001905       0x3c ./source/semihost_hardfault.o
 .debug_info    0x00001941     0x296f ./drivers/fsl_clock.o
 .debug_info    0x000042b0     0x26c4 ./drivers/fsl_dspi.o
 .debug_info    0x00006974      0x6bb ./drivers/fsl_gpio.o
 .debug_info    0x0000702f     0x1e86 ./drivers/fsl_lpuart.o
 .debug_info    0x00008eb5     0x20dd ./drivers/fsl_uart.o
 .debug_info    0x0000af92      0xa4e ./device/system_MK66F18.o
 .debug_info    0x0000b9e0      0x19d ./board/board.o
 .debug_info    0x0000bb7d      0xdfb ./board/clock_config.o
 .debug_info    0x0000c978      0x4ae ./board/pin_mux.o
 .debug_info    0x0000ce26       0x85 c:/nxp/mcuxpressoide_11.9.0_2144/ide/plugins/com.nxp.mcuxpresso.tools.win32_11.9.0.202307121226/tools/bin/../lib/gcc/arm-none-eabi/12.3.1/../../../../arm-none-eabi/lib/thumb/v7e-m+fp/hard\libcr_semihost_nf.a(_cr__main.o)
 .debug_info    0x0000ceab      0x119 c:/nxp/mcuxpressoide_11.9.0_2144/ide/plugins/com.nxp.mcuxpresso.tools.win32_11.9.0.202307121226/tools/bin/../lib/gcc/arm-none-eabi/12.3.1/../../../../arm-none-eabi/lib/thumb/v7e-m+fp/hard\libcr_c.a(memcpy.o)
 .debug_info    0x0000cfc4       0xe3 c:/nxp/mcuxpressoide_11.9.0_2144/ide/plugins/com.nxp.mcuxpresso.tools.win32_11.9.0.202307121226/tools/bin/../lib/gcc/arm-none-eabi/12.3.1/../../../../arm-none-eabi/lib/thumb/v7e-m+fp/hard\libcr_c.a(memset.o)
 .debug_info    0x0000d0a7      0x506 c:/nxp/mcuxpressoide_11.9.0_2144/ide/plugins/com.nxp.mcuxpresso.tools.win32_11.9.0.202307121226/tools/bin/../lib/gcc/arm-none-eabi/12.3.1/../../../../arm-none-eabi/lib/thumb/v7e-m+fp/hard\libcr_c.a(alloc.o)
 .debug_info    0x0000d5ad      0x339 c:/nxp/mcuxpressoide_11.9.0_2144/ide/plugins/com.nxp.mcuxpresso.tools.win32_11.9.0.202307121226/tools/bin/../lib/gcc/arm-none-eabi/12.3.1/../../../../arm-none-eabi/lib/thumb/v7e-m+fp/hard\libcr_c.a(initio.o)
 .debug_info    0x0000d8e6     0x1268 c:/nxp/mcuxpressoide_11.9.0_2144/ide/plugins/com.nxp.mcuxpresso.tools.win32_11.9.0.202307121226/tools/bin/../lib/gcc/arm-none-eabi/12.3.1/../../../../arm-none-eabi/lib/thumb/v7e-m+fp/hard\libcr_c.a(printf.o)
 .debug_info    0x0000eb4e      0x1f6 c:/nxp/mcuxpressoide_11.9.0_2144/ide/plugins/com.nxp.mcuxpresso.tools.win32_11.9.0.202307121226/tools/bin/../lib/gcc/arm-none-eabi/12.3.1/../../../../arm-none-eabi/lib/thumb/v7e-m+fp/hard\libcr_c.a(setvbuf.o)
 .debug_info    0x0000ed44       0xda c:/nxp/mcuxpressoide_11.9.0_2144/ide/plugins/com.nxp.mcuxpresso.tools.win32_11.9.0.202307121226/tools/bin/../lib/gcc/arm-none-eabi/12.3.1/../../../../arm-none-eabi/lib/thumb/v7e-m+fp/hard\libcr_c.a(strlen.o)
 .debug_info    0x0000ee1e       0xd4 c:/nxp/mcuxpressoide_11.9.0_2144/ide/plugins/com.nxp.mcuxpresso.tools.win32_11.9.0.202307121226/tools/bin/../lib/gcc/arm-none-eabi/12.3.1/../../../../arm-none-eabi/lib/thumb/v7e-m+fp/hard\libcr_c.a(__init_alloc.o)
 .debug_info    0x0000eef2      0x100 c:/nxp/mcuxpressoide_11.9.0_2144/ide/plugins/com.nxp.mcuxpresso.tools.win32_11.9.0.202307121226/tools/bin/../lib/gcc/arm-none-eabi/12.3.1/../../../../arm-none-eabi/lib/thumb/v7e-m+fp/hard\libcr_c.a(_cr_sbrk.o)
 .debug_info    0x0000eff2      0x362 c:/nxp/mcuxpressoide_11.9.0_2144/ide/plugins/com.nxp.mcuxpresso.tools.win32_11.9.0.202307121226/tools/bin/../lib/gcc/arm-none-eabi/12.3.1/../../../../arm-none-eabi/lib/thumb/v7e-m+fp/hard\libcr_c.a(_deferredlazyseek.o)
 .debug_info    0x0000f354      0x244 c:/nxp/mcuxpressoide_11.9.0_2144/ide/plugins/com.nxp.mcuxpresso.tools.win32_11.9.0.202307121226/tools/bin/../lib/gcc/arm-none-eabi/12.3.1/../../../../arm-none-eabi/lib/thumb/v7e-m+fp/hard\libcr_c.a(_fdopen.o)
 .debug_info    0x0000f598      0x1e3 c:/nxp/mcuxpressoide_11.9.0_2144/ide/plugins/com.nxp.mcuxpresso.tools.win32_11.9.0.202307121226/tools/bin/../lib/gcc/arm-none-eabi/12.3.1/../../../../arm-none-eabi/lib/thumb/v7e-m+fp/hard\libcr_c.a(_fflush.o)
 .debug_info    0x0000f77b      0x282 c:/nxp/mcuxpressoide_11.9.0_2144/ide/plugins/com.nxp.mcuxpresso.tools.win32_11.9.0.202307121226/tools/bin/../lib/gcc/arm-none-eabi/12.3.1/../../../../arm-none-eabi/lib/thumb/v7e-m+fp/hard\libcr_c.a(_writebuf.o)
 .debug_info    0x0000f9fd       0x44 c:/nxp/mcuxpressoide_11.9.0_2144/ide/plugins/com.nxp.mcuxpresso.tools.win32_11.9.0.202307121226/tools/bin/../lib/gcc/arm-none-eabi/12.3.1/../../../../arm-none-eabi/lib/thumb/v7e-m+fp/hard\libcr_c.a(errno.o)
 .debug_info    0x0000fa41      0x318 c:/nxp/mcuxpressoide_11.9.0_2144/ide/plugins/com.nxp.mcuxpresso.tools.win32_11.9.0.202307121226/tools/bin/../lib/gcc/arm-none-eabi/12.3.1/../../../../arm-none-eabi/lib/thumb/v7e-m+fp/hard\libcr_c.a(fclose.o)
 .debug_info    0x0000fd59      0x202 c:/nxp/mcuxpressoide_11.9.0_2144/ide/plugins/com.nxp.mcuxpresso.tools.win32_11.9.0.202307121226/tools/bin/../lib/gcc/arm-none-eabi/12.3.1/../../../../arm-none-eabi/lib/thumb/v7e-m+fp/hard\libcr_c.a(fflush.o)
 .debug_info    0x0000ff5b      0x276 c:/nxp/mcuxpressoide_11.9.0_2144/ide/plugins/com.nxp.mcuxpresso.tools.win32_11.9.0.202307121226/tools/bin/../lib/gcc/arm-none-eabi/12.3.1/../../../../arm-none-eabi/lib/thumb/v7e-m+fp/hard\libcr_c.a(fseek.o)
 .debug_info    0x000101d1      0x190 c:/nxp/mcuxpressoide_11.9.0_2144/ide/plugins/com.nxp.mcuxpresso.tools.win32_11.9.0.202307121226/tools/bin/../lib/gcc/arm-none-eabi/12.3.1/../../../../arm-none-eabi/lib/thumb/v7e-m+fp/hard\libcr_c.a(ftell.o)
 .debug_info    0x00010361      0x1ca c:/nxp/mcuxpressoide_11.9.0_2144/ide/plugins/com.nxp.mcuxpresso.tools.win32_11.9.0.202307121226/tools/bin/../lib/gcc/arm-none-eabi/12.3.1/../../../../arm-none-eabi/lib/thumb/v7e-m+fp/hard\libcr_c.a(remove.o)
 .debug_info    0x0001052b       0x71 c:/nxp/mcuxpressoide_11.9.0_2144/ide/plugins/com.nxp.mcuxpresso.tools.win32_11.9.0.202307121226/tools/bin/../lib/gcc/arm-none-eabi/12.3.1/../../../../arm-none-eabi/lib/thumb/v7e-m+fp/hard\libcr_c.a(_cr_check_heap.o)
 .debug_info    0x0001059c      0x23a c:/nxp/mcuxpressoide_11.9.0_2144/ide/plugins/com.nxp.mcuxpresso.tools.win32_11.9.0.202307121226/tools/bin/../lib/gcc/arm-none-eabi/12.3.1/../../../../arm-none-eabi/lib/thumb/v7e-m+fp/hard\libcr_c.a(_do_fflush.o)
 .debug_info    0x000107d6      0x18b c:/nxp/mcuxpressoide_11.9.0_2144/ide/plugins/com.nxp.mcuxpresso.tools.win32_11.9.0.202307121226/tools/bin/../lib/gcc/arm-none-eabi/12.3.1/../../../../arm-none-eabi/lib/thumb/v7e-m+fp/hard\libcr_semihost_nf.a(__ciob.o)

.debug_abbrev   0x00000000     0x34b4
 .debug_abbrev  0x00000000       0x90 ./utilities/fsl_assert.o
 .debug_abbrev  0x00000090      0x17a ./startup/startup_mk66f18.o
 .debug_abbrev  0x0000020a      0x262 ./source/hello_world.o
 .debug_abbrev  0x0000046c       0x31 ./source/semihost_hardfault.o
 .debug_abbrev  0x0000049d      0x381 ./drivers/fsl_clock.o
 .debug_abbrev  0x0000081e      0x3b0 ./drivers/fsl_dspi.o
 .debug_abbrev  0x00000bce      0x1a5 ./drivers/fsl_gpio.o
 .debug_abbrev  0x00000d73      0x43f ./drivers/fsl_lpuart.o
 .debug_abbrev  0x000011b2      0x45d ./drivers/fsl_uart.o
 .debug_abbrev  0x0000160f      0x148 ./device/system_MK66F18.o
 .debug_abbrev  0x00001757       0xda ./board/board.o
 .debug_abbrev  0x00001831      0x247 ./board/clock_config.o
 .debug_abbrev  0x00001a78      0x159 ./board/pin_mux.o
 .debug_abbrev  0x00001bd1       0x70 c:/nxp/mcuxpressoide_11.9.0_2144/ide/plugins/com.nxp.mcuxpresso.tools.win32_11.9.0.202307121226/tools/bin/../lib/gcc/arm-none-eabi/12.3.1/../../../../arm-none-eabi/lib/thumb/v7e-m+fp/hard\libcr_semihost_nf.a(_cr__main.o)
 .debug_abbrev  0x00001c41       0xb6 c:/nxp/mcuxpressoide_11.9.0_2144/ide/plugins/com.nxp.mcuxpresso.tools.win32_11.9.0.202307121226/tools/bin/../lib/gcc/arm-none-eabi/12.3.1/../../../../arm-none-eabi/lib/thumb/v7e-m+fp/hard\libcr_c.a(memcpy.o)
 .debug_abbrev  0x00001cf7       0xa8 c:/nxp/mcuxpressoide_11.9.0_2144/ide/plugins/com.nxp.mcuxpresso.tools.win32_11.9.0.202307121226/tools/bin/../lib/gcc/arm-none-eabi/12.3.1/../../../../arm-none-eabi/lib/thumb/v7e-m+fp/hard\libcr_c.a(memset.o)
 .debug_abbrev  0x00001d9f      0x284 c:/nxp/mcuxpressoide_11.9.0_2144/ide/plugins/com.nxp.mcuxpresso.tools.win32_11.9.0.202307121226/tools/bin/../lib/gcc/arm-none-eabi/12.3.1/../../../../arm-none-eabi/lib/thumb/v7e-m+fp/hard\libcr_c.a(alloc.o)
 .debug_abbrev  0x00002023      0x169 c:/nxp/mcuxpressoide_11.9.0_2144/ide/plugins/com.nxp.mcuxpresso.tools.win32_11.9.0.202307121226/tools/bin/../lib/gcc/arm-none-eabi/12.3.1/../../../../arm-none-eabi/lib/thumb/v7e-m+fp/hard\libcr_c.a(initio.o)
 .debug_abbrev  0x0000218c      0x3ba c:/nxp/mcuxpressoide_11.9.0_2144/ide/plugins/com.nxp.mcuxpresso.tools.win32_11.9.0.202307121226/tools/bin/../lib/gcc/arm-none-eabi/12.3.1/../../../../arm-none-eabi/lib/thumb/v7e-m+fp/hard\libcr_c.a(printf.o)
 .debug_abbrev  0x00002546       0xe1 c:/nxp/mcuxpressoide_11.9.0_2144/ide/plugins/com.nxp.mcuxpresso.tools.win32_11.9.0.202307121226/tools/bin/../lib/gcc/arm-none-eabi/12.3.1/../../../../arm-none-eabi/lib/thumb/v7e-m+fp/hard\libcr_c.a(setvbuf.o)
 .debug_abbrev  0x00002627       0xa7 c:/nxp/mcuxpressoide_11.9.0_2144/ide/plugins/com.nxp.mcuxpresso.tools.win32_11.9.0.202307121226/tools/bin/../lib/gcc/arm-none-eabi/12.3.1/../../../../arm-none-eabi/lib/thumb/v7e-m+fp/hard\libcr_c.a(strlen.o)
 .debug_abbrev  0x000026ce       0xaf c:/nxp/mcuxpressoide_11.9.0_2144/ide/plugins/com.nxp.mcuxpresso.tools.win32_11.9.0.202307121226/tools/bin/../lib/gcc/arm-none-eabi/12.3.1/../../../../arm-none-eabi/lib/thumb/v7e-m+fp/hard\libcr_c.a(__init_alloc.o)
 .debug_abbrev  0x0000277d       0xd3 c:/nxp/mcuxpressoide_11.9.0_2144/ide/plugins/com.nxp.mcuxpresso.tools.win32_11.9.0.202307121226/tools/bin/../lib/gcc/arm-none-eabi/12.3.1/../../../../arm-none-eabi/lib/thumb/v7e-m+fp/hard\libcr_c.a(_cr_sbrk.o)
 .debug_abbrev  0x00002850      0x152 c:/nxp/mcuxpressoide_11.9.0_2144/ide/plugins/com.nxp.mcuxpresso.tools.win32_11.9.0.202307121226/tools/bin/../lib/gcc/arm-none-eabi/12.3.1/../../../../arm-none-eabi/lib/thumb/v7e-m+fp/hard\libcr_c.a(_deferredlazyseek.o)
 .debug_abbrev  0x000029a2      0x119 c:/nxp/mcuxpressoide_11.9.0_2144/ide/plugins/com.nxp.mcuxpresso.tools.win32_11.9.0.202307121226/tools/bin/../lib/gcc/arm-none-eabi/12.3.1/../../../../arm-none-eabi/lib/thumb/v7e-m+fp/hard\libcr_c.a(_fdopen.o)
 .debug_abbrev  0x00002abb       0xf1 c:/nxp/mcuxpressoide_11.9.0_2144/ide/plugins/com.nxp.mcuxpresso.tools.win32_11.9.0.202307121226/tools/bin/../lib/gcc/arm-none-eabi/12.3.1/../../../../arm-none-eabi/lib/thumb/v7e-m+fp/hard\libcr_c.a(_fflush.o)
 .debug_abbrev  0x00002bac      0x126 c:/nxp/mcuxpressoide_11.9.0_2144/ide/plugins/com.nxp.mcuxpresso.tools.win32_11.9.0.202307121226/tools/bin/../lib/gcc/arm-none-eabi/12.3.1/../../../../arm-none-eabi/lib/thumb/v7e-m+fp/hard\libcr_c.a(_writebuf.o)
 .debug_abbrev  0x00002cd2       0x44 c:/nxp/mcuxpressoide_11.9.0_2144/ide/plugins/com.nxp.mcuxpresso.tools.win32_11.9.0.202307121226/tools/bin/../lib/gcc/arm-none-eabi/12.3.1/../../../../arm-none-eabi/lib/thumb/v7e-m+fp/hard\libcr_c.a(errno.o)
 .debug_abbrev  0x00002d16      0x155 c:/nxp/mcuxpressoide_11.9.0_2144/ide/plugins/com.nxp.mcuxpresso.tools.win32_11.9.0.202307121226/tools/bin/../lib/gcc/arm-none-eabi/12.3.1/../../../../arm-none-eabi/lib/thumb/v7e-m+fp/hard\libcr_c.a(fclose.o)
 .debug_abbrev  0x00002e6b      0x125 c:/nxp/mcuxpressoide_11.9.0_2144/ide/plugins/com.nxp.mcuxpresso.tools.win32_11.9.0.202307121226/tools/bin/../lib/gcc/arm-none-eabi/12.3.1/../../../../arm-none-eabi/lib/thumb/v7e-m+fp/hard\libcr_c.a(fflush.o)
 .debug_abbrev  0x00002f90      0x11b c:/nxp/mcuxpressoide_11.9.0_2144/ide/plugins/com.nxp.mcuxpresso.tools.win32_11.9.0.202307121226/tools/bin/../lib/gcc/arm-none-eabi/12.3.1/../../../../arm-none-eabi/lib/thumb/v7e-m+fp/hard\libcr_c.a(fseek.o)
 .debug_abbrev  0x000030ab       0xc2 c:/nxp/mcuxpressoide_11.9.0_2144/ide/plugins/com.nxp.mcuxpresso.tools.win32_11.9.0.202307121226/tools/bin/../lib/gcc/arm-none-eabi/12.3.1/../../../../arm-none-eabi/lib/thumb/v7e-m+fp/hard\libcr_c.a(ftell.o)
 .debug_abbrev  0x0000316d       0xfb c:/nxp/mcuxpressoide_11.9.0_2144/ide/plugins/com.nxp.mcuxpresso.tools.win32_11.9.0.202307121226/tools/bin/../lib/gcc/arm-none-eabi/12.3.1/../../../../arm-none-eabi/lib/thumb/v7e-m+fp/hard\libcr_c.a(remove.o)
 .debug_abbrev  0x00003268       0x6b c:/nxp/mcuxpressoide_11.9.0_2144/ide/plugins/com.nxp.mcuxpresso.tools.win32_11.9.0.202307121226/tools/bin/../lib/gcc/arm-none-eabi/12.3.1/../../../../arm-none-eabi/lib/thumb/v7e-m+fp/hard\libcr_c.a(_cr_check_heap.o)
 .debug_abbrev  0x000032d3      0x12c c:/nxp/mcuxpressoide_11.9.0_2144/ide/plugins/com.nxp.mcuxpresso.tools.win32_11.9.0.202307121226/tools/bin/../lib/gcc/arm-none-eabi/12.3.1/../../../../arm-none-eabi/lib/thumb/v7e-m+fp/hard\libcr_c.a(_do_fflush.o)
 .debug_abbrev  0x000033ff       0xb5 c:/nxp/mcuxpressoide_11.9.0_2144/ide/plugins/com.nxp.mcuxpresso.tools.win32_11.9.0.202307121226/tools/bin/../lib/gcc/arm-none-eabi/12.3.1/../../../../arm-none-eabi/lib/thumb/v7e-m+fp/hard\libcr_semihost_nf.a(__ciob.o)

.debug_aranges  0x00000000      0xfc0
 .debug_aranges
                0x00000000       0x20 ./utilities/fsl_assert.o
 .debug_aranges
                0x00000020      0x3a0 ./startup/startup_mk66f18.o
 .debug_aranges
                0x000003c0       0x48 ./source/hello_world.o
 .debug_aranges
                0x00000408       0x20 ./source/semihost_hardfault.o
 .debug_aranges
                0x00000428      0x258 ./drivers/fsl_clock.o
 .debug_aranges
                0x00000680      0x1d8 ./drivers/fsl_dspi.o
 .debug_aranges
                0x00000858       0x40 ./drivers/fsl_gpio.o
 .debug_aranges
                0x00000898      0x138 ./drivers/fsl_lpuart.o
 .debug_aranges
                0x000009d0      0x1a8 ./drivers/fsl_uart.o
 .debug_aranges
                0x00000b78       0x30 ./device/system_MK66F18.o
 .debug_aranges
                0x00000ba8       0x28 ./board/board.o
 .debug_aranges
                0x00000bd0       0x60 ./board/clock_config.o
 .debug_aranges
                0x00000c30       0x38 ./board/pin_mux.o
 .debug_aranges
                0x00000c68       0x20 c:/nxp/mcuxpressoide_11.9.0_2144/ide/plugins/com.nxp.mcuxpresso.tools.win32_11.9.0.202307121226/tools/bin/../lib/gcc/arm-none-eabi/12.3.1/../../../../arm-none-eabi/lib/thumb/v7e-m+fp/hard\libcr_semihost_nf.a(_cr__main.o)
 .debug_aranges
                0x00000c88       0x20 c:/nxp/mcuxpressoide_11.9.0_2144/ide/plugins/com.nxp.mcuxpresso.tools.win32_11.9.0.202307121226/tools/bin/../lib/gcc/arm-none-eabi/12.3.1/../../../../arm-none-eabi/lib/thumb/v7e-m+fp/hard\libcr_c.a(memcpy.o)
 .debug_aranges
                0x00000ca8       0x20 c:/nxp/mcuxpressoide_11.9.0_2144/ide/plugins/com.nxp.mcuxpresso.tools.win32_11.9.0.202307121226/tools/bin/../lib/gcc/arm-none-eabi/12.3.1/../../../../arm-none-eabi/lib/thumb/v7e-m+fp/hard\libcr_c.a(memset.o)
 .debug_aranges
                0x00000cc8       0x40 c:/nxp/mcuxpressoide_11.9.0_2144/ide/plugins/com.nxp.mcuxpresso.tools.win32_11.9.0.202307121226/tools/bin/../lib/gcc/arm-none-eabi/12.3.1/../../../../arm-none-eabi/lib/thumb/v7e-m+fp/hard\libcr_c.a(alloc.o)
 .debug_aranges
                0x00000d08       0x28 c:/nxp/mcuxpressoide_11.9.0_2144/ide/plugins/com.nxp.mcuxpresso.tools.win32_11.9.0.202307121226/tools/bin/../lib/gcc/arm-none-eabi/12.3.1/../../../../arm-none-eabi/lib/thumb/v7e-m+fp/hard\libcr_c.a(initio.o)
 .debug_aranges
                0x00000d30       0x70 c:/nxp/mcuxpressoide_11.9.0_2144/ide/plugins/com.nxp.mcuxpresso.tools.win32_11.9.0.202307121226/tools/bin/../lib/gcc/arm-none-eabi/12.3.1/../../../../arm-none-eabi/lib/thumb/v7e-m+fp/hard\libcr_c.a(printf.o)
 .debug_aranges
                0x00000da0       0x20 c:/nxp/mcuxpressoide_11.9.0_2144/ide/plugins/com.nxp.mcuxpresso.tools.win32_11.9.0.202307121226/tools/bin/../lib/gcc/arm-none-eabi/12.3.1/../../../../arm-none-eabi/lib/thumb/v7e-m+fp/hard\libcr_c.a(setvbuf.o)
 .debug_aranges
                0x00000dc0       0x20 c:/nxp/mcuxpressoide_11.9.0_2144/ide/plugins/com.nxp.mcuxpresso.tools.win32_11.9.0.202307121226/tools/bin/../lib/gcc/arm-none-eabi/12.3.1/../../../../arm-none-eabi/lib/thumb/v7e-m+fp/hard\libcr_c.a(strlen.o)
 .debug_aranges
                0x00000de0       0x20 c:/nxp/mcuxpressoide_11.9.0_2144/ide/plugins/com.nxp.mcuxpresso.tools.win32_11.9.0.202307121226/tools/bin/../lib/gcc/arm-none-eabi/12.3.1/../../../../arm-none-eabi/lib/thumb/v7e-m+fp/hard\libcr_c.a(__init_alloc.o)
 .debug_aranges
                0x00000e00       0x20 c:/nxp/mcuxpressoide_11.9.0_2144/ide/plugins/com.nxp.mcuxpresso.tools.win32_11.9.0.202307121226/tools/bin/../lib/gcc/arm-none-eabi/12.3.1/../../../../arm-none-eabi/lib/thumb/v7e-m+fp/hard\libcr_c.a(_cr_sbrk.o)
 .debug_aranges
                0x00000e20       0x28 c:/nxp/mcuxpressoide_11.9.0_2144/ide/plugins/com.nxp.mcuxpresso.tools.win32_11.9.0.202307121226/tools/bin/../lib/gcc/arm-none-eabi/12.3.1/../../../../arm-none-eabi/lib/thumb/v7e-m+fp/hard\libcr_c.a(_deferredlazyseek.o)
 .debug_aranges
                0x00000e48       0x20 c:/nxp/mcuxpressoide_11.9.0_2144/ide/plugins/com.nxp.mcuxpresso.tools.win32_11.9.0.202307121226/tools/bin/../lib/gcc/arm-none-eabi/12.3.1/../../../../arm-none-eabi/lib/thumb/v7e-m+fp/hard\libcr_c.a(_fdopen.o)
 .debug_aranges
                0x00000e68       0x20 c:/nxp/mcuxpressoide_11.9.0_2144/ide/plugins/com.nxp.mcuxpresso.tools.win32_11.9.0.202307121226/tools/bin/../lib/gcc/arm-none-eabi/12.3.1/../../../../arm-none-eabi/lib/thumb/v7e-m+fp/hard\libcr_c.a(_fflush.o)
 .debug_aranges
                0x00000e88       0x20 c:/nxp/mcuxpressoide_11.9.0_2144/ide/plugins/com.nxp.mcuxpresso.tools.win32_11.9.0.202307121226/tools/bin/../lib/gcc/arm-none-eabi/12.3.1/../../../../arm-none-eabi/lib/thumb/v7e-m+fp/hard\libcr_c.a(_writebuf.o)
 .debug_aranges
                0x00000ea8       0x18 c:/nxp/mcuxpressoide_11.9.0_2144/ide/plugins/com.nxp.mcuxpresso.tools.win32_11.9.0.202307121226/tools/bin/../lib/gcc/arm-none-eabi/12.3.1/../../../../arm-none-eabi/lib/thumb/v7e-m+fp/hard\libcr_c.a(errno.o)
 .debug_aranges
                0x00000ec0       0x20 c:/nxp/mcuxpressoide_11.9.0_2144/ide/plugins/com.nxp.mcuxpresso.tools.win32_11.9.0.202307121226/tools/bin/../lib/gcc/arm-none-eabi/12.3.1/../../../../arm-none-eabi/lib/thumb/v7e-m+fp/hard\libcr_c.a(fclose.o)
 .debug_aranges
                0x00000ee0       0x20 c:/nxp/mcuxpressoide_11.9.0_2144/ide/plugins/com.nxp.mcuxpresso.tools.win32_11.9.0.202307121226/tools/bin/../lib/gcc/arm-none-eabi/12.3.1/../../../../arm-none-eabi/lib/thumb/v7e-m+fp/hard\libcr_c.a(fflush.o)
 .debug_aranges
                0x00000f00       0x20 c:/nxp/mcuxpressoide_11.9.0_2144/ide/plugins/com.nxp.mcuxpresso.tools.win32_11.9.0.202307121226/tools/bin/../lib/gcc/arm-none-eabi/12.3.1/../../../../arm-none-eabi/lib/thumb/v7e-m+fp/hard\libcr_c.a(fseek.o)
 .debug_aranges
                0x00000f20       0x20 c:/nxp/mcuxpressoide_11.9.0_2144/ide/plugins/com.nxp.mcuxpresso.tools.win32_11.9.0.202307121226/tools/bin/../lib/gcc/arm-none-eabi/12.3.1/../../../../arm-none-eabi/lib/thumb/v7e-m+fp/hard\libcr_c.a(ftell.o)
 .debug_aranges
                0x00000f40       0x28 c:/nxp/mcuxpressoide_11.9.0_2144/ide/plugins/com.nxp.mcuxpresso.tools.win32_11.9.0.202307121226/tools/bin/../lib/gcc/arm-none-eabi/12.3.1/../../../../arm-none-eabi/lib/thumb/v7e-m+fp/hard\libcr_c.a(remove.o)
 .debug_aranges
                0x00000f68       0x20 c:/nxp/mcuxpressoide_11.9.0_2144/ide/plugins/com.nxp.mcuxpresso.tools.win32_11.9.0.202307121226/tools/bin/../lib/gcc/arm-none-eabi/12.3.1/../../../../arm-none-eabi/lib/thumb/v7e-m+fp/hard\libcr_c.a(_cr_check_heap.o)
 .debug_aranges
                0x00000f88       0x20 c:/nxp/mcuxpressoide_11.9.0_2144/ide/plugins/com.nxp.mcuxpresso.tools.win32_11.9.0.202307121226/tools/bin/../lib/gcc/arm-none-eabi/12.3.1/../../../../arm-none-eabi/lib/thumb/v7e-m+fp/hard\libcr_c.a(_do_fflush.o)
 .debug_aranges
                0x00000fa8       0x18 c:/nxp/mcuxpressoide_11.9.0_2144/ide/plugins/com.nxp.mcuxpresso.tools.win32_11.9.0.202307121226/tools/bin/../lib/gcc/arm-none-eabi/12.3.1/../../../../arm-none-eabi/lib/thumb/v7e-m+fp/hard\libcr_semihost_nf.a(__ciob.o)

.debug_ranges   0x00000000      0xfc8
 .debug_ranges  0x00000000       0x10 ./utilities/fsl_assert.o
 .debug_ranges  0x00000010      0x390 ./startup/startup_mk66f18.o
 .debug_ranges  0x000003a0       0x38 ./source/hello_world.o
 .debug_ranges  0x000003d8       0x10 ./source/semihost_hardfault.o
 .debug_ranges  0x000003e8      0x248 ./drivers/fsl_clock.o
 .debug_ranges  0x00000630      0x1c8 ./drivers/fsl_dspi.o
 .debug_ranges  0x000007f8       0x30 ./drivers/fsl_gpio.o
 .debug_ranges  0x00000828      0x128 ./drivers/fsl_lpuart.o
 .debug_ranges  0x00000950      0x198 ./drivers/fsl_uart.o
 .debug_ranges  0x00000ae8       0x20 ./device/system_MK66F18.o
 .debug_ranges  0x00000b08       0x18 ./board/board.o
 .debug_ranges  0x00000b20       0x50 ./board/clock_config.o
 .debug_ranges  0x00000b70       0x28 ./board/pin_mux.o
 .debug_ranges  0x00000b98       0x10 c:/nxp/mcuxpressoide_11.9.0_2144/ide/plugins/com.nxp.mcuxpresso.tools.win32_11.9.0.202307121226/tools/bin/../lib/gcc/arm-none-eabi/12.3.1/../../../../arm-none-eabi/lib/thumb/v7e-m+fp/hard\libcr_semihost_nf.a(_cr__main.o)
 .debug_ranges  0x00000ba8       0x10 c:/nxp/mcuxpressoide_11.9.0_2144/ide/plugins/com.nxp.mcuxpresso.tools.win32_11.9.0.202307121226/tools/bin/../lib/gcc/arm-none-eabi/12.3.1/../../../../arm-none-eabi/lib/thumb/v7e-m+fp/hard\libcr_c.a(memcpy.o)
 .debug_ranges  0x00000bb8       0x10 c:/nxp/mcuxpressoide_11.9.0_2144/ide/plugins/com.nxp.mcuxpresso.tools.win32_11.9.0.202307121226/tools/bin/../lib/gcc/arm-none-eabi/12.3.1/../../../../arm-none-eabi/lib/thumb/v7e-m+fp/hard\libcr_c.a(memset.o)
 .debug_ranges  0x00000bc8       0x48 c:/nxp/mcuxpressoide_11.9.0_2144/ide/plugins/com.nxp.mcuxpresso.tools.win32_11.9.0.202307121226/tools/bin/../lib/gcc/arm-none-eabi/12.3.1/../../../../arm-none-eabi/lib/thumb/v7e-m+fp/hard\libcr_c.a(alloc.o)
 .debug_ranges  0x00000c10       0x18 c:/nxp/mcuxpressoide_11.9.0_2144/ide/plugins/com.nxp.mcuxpresso.tools.win32_11.9.0.202307121226/tools/bin/../lib/gcc/arm-none-eabi/12.3.1/../../../../arm-none-eabi/lib/thumb/v7e-m+fp/hard\libcr_c.a(initio.o)
 .debug_ranges  0x00000c28      0x248 c:/nxp/mcuxpressoide_11.9.0_2144/ide/plugins/com.nxp.mcuxpresso.tools.win32_11.9.0.202307121226/tools/bin/../lib/gcc/arm-none-eabi/12.3.1/../../../../arm-none-eabi/lib/thumb/v7e-m+fp/hard\libcr_c.a(printf.o)
 .debug_ranges  0x00000e70       0x10 c:/nxp/mcuxpressoide_11.9.0_2144/ide/plugins/com.nxp.mcuxpresso.tools.win32_11.9.0.202307121226/tools/bin/../lib/gcc/arm-none-eabi/12.3.1/../../../../arm-none-eabi/lib/thumb/v7e-m+fp/hard\libcr_c.a(setvbuf.o)
 .debug_ranges  0x00000e80       0x10 c:/nxp/mcuxpressoide_11.9.0_2144/ide/plugins/com.nxp.mcuxpresso.tools.win32_11.9.0.202307121226/tools/bin/../lib/gcc/arm-none-eabi/12.3.1/../../../../arm-none-eabi/lib/thumb/v7e-m+fp/hard\libcr_c.a(strlen.o)
 .debug_ranges  0x00000e90       0x10 c:/nxp/mcuxpressoide_11.9.0_2144/ide/plugins/com.nxp.mcuxpresso.tools.win32_11.9.0.202307121226/tools/bin/../lib/gcc/arm-none-eabi/12.3.1/../../../../arm-none-eabi/lib/thumb/v7e-m+fp/hard\libcr_c.a(__init_alloc.o)
 .debug_ranges  0x00000ea0       0x10 c:/nxp/mcuxpressoide_11.9.0_2144/ide/plugins/com.nxp.mcuxpresso.tools.win32_11.9.0.202307121226/tools/bin/../lib/gcc/arm-none-eabi/12.3.1/../../../../arm-none-eabi/lib/thumb/v7e-m+fp/hard\libcr_c.a(_cr_sbrk.o)
 .debug_ranges  0x00000eb0       0x38 c:/nxp/mcuxpressoide_11.9.0_2144/ide/plugins/com.nxp.mcuxpresso.tools.win32_11.9.0.202307121226/tools/bin/../lib/gcc/arm-none-eabi/12.3.1/../../../../arm-none-eabi/lib/thumb/v7e-m+fp/hard\libcr_c.a(_deferredlazyseek.o)
 .debug_ranges  0x00000ee8       0x10 c:/nxp/mcuxpressoide_11.9.0_2144/ide/plugins/com.nxp.mcuxpresso.tools.win32_11.9.0.202307121226/tools/bin/../lib/gcc/arm-none-eabi/12.3.1/../../../../arm-none-eabi/lib/thumb/v7e-m+fp/hard\libcr_c.a(_fdopen.o)
 .debug_ranges  0x00000ef8       0x10 c:/nxp/mcuxpressoide_11.9.0_2144/ide/plugins/com.nxp.mcuxpresso.tools.win32_11.9.0.202307121226/tools/bin/../lib/gcc/arm-none-eabi/12.3.1/../../../../arm-none-eabi/lib/thumb/v7e-m+fp/hard\libcr_c.a(_fflush.o)
 .debug_ranges  0x00000f08       0x10 c:/nxp/mcuxpressoide_11.9.0_2144/ide/plugins/com.nxp.mcuxpresso.tools.win32_11.9.0.202307121226/tools/bin/../lib/gcc/arm-none-eabi/12.3.1/../../../../arm-none-eabi/lib/thumb/v7e-m+fp/hard\libcr_c.a(_writebuf.o)
 .debug_ranges  0x00000f18       0x10 c:/nxp/mcuxpressoide_11.9.0_2144/ide/plugins/com.nxp.mcuxpresso.tools.win32_11.9.0.202307121226/tools/bin/../lib/gcc/arm-none-eabi/12.3.1/../../../../arm-none-eabi/lib/thumb/v7e-m+fp/hard\libcr_c.a(fclose.o)
 .debug_ranges  0x00000f28       0x30 c:/nxp/mcuxpressoide_11.9.0_2144/ide/plugins/com.nxp.mcuxpresso.tools.win32_11.9.0.202307121226/tools/bin/../lib/gcc/arm-none-eabi/12.3.1/../../../../arm-none-eabi/lib/thumb/v7e-m+fp/hard\libcr_c.a(fflush.o)
 .debug_ranges  0x00000f58       0x10 c:/nxp/mcuxpressoide_11.9.0_2144/ide/plugins/com.nxp.mcuxpresso.tools.win32_11.9.0.202307121226/tools/bin/../lib/gcc/arm-none-eabi/12.3.1/../../../../arm-none-eabi/lib/thumb/v7e-m+fp/hard\libcr_c.a(fseek.o)
 .debug_ranges  0x00000f68       0x10 c:/nxp/mcuxpressoide_11.9.0_2144/ide/plugins/com.nxp.mcuxpresso.tools.win32_11.9.0.202307121226/tools/bin/../lib/gcc/arm-none-eabi/12.3.1/../../../../arm-none-eabi/lib/thumb/v7e-m+fp/hard\libcr_c.a(ftell.o)
 .debug_ranges  0x00000f78       0x18 c:/nxp/mcuxpressoide_11.9.0_2144/ide/plugins/com.nxp.mcuxpresso.tools.win32_11.9.0.202307121226/tools/bin/../lib/gcc/arm-none-eabi/12.3.1/../../../../arm-none-eabi/lib/thumb/v7e-m+fp/hard\libcr_c.a(remove.o)
 .debug_ranges  0x00000f90       0x10 c:/nxp/mcuxpressoide_11.9.0_2144/ide/plugins/com.nxp.mcuxpresso.tools.win32_11.9.0.202307121226/tools/bin/../lib/gcc/arm-none-eabi/12.3.1/../../../../arm-none-eabi/lib/thumb/v7e-m+fp/hard\libcr_c.a(_cr_check_heap.o)
 .debug_ranges  0x00000fa0       0x28 c:/nxp/mcuxpressoide_11.9.0_2144/ide/plugins/com.nxp.mcuxpresso.tools.win32_11.9.0.202307121226/tools/bin/../lib/gcc/arm-none-eabi/12.3.1/../../../../arm-none-eabi/lib/thumb/v7e-m+fp/hard\libcr_c.a(_do_fflush.o)

.debug_macro    0x00000000    0x1af68
 .debug_macro   0x00000000      0x12d ./utilities/fsl_assert.o
 .debug_macro   0x0000012d      0xb08 ./utilities/fsl_assert.o
 .debug_macro   0x00000c35       0x10 ./utilities/fsl_assert.o
 .debug_macro   0x00000c45       0x1c ./utilities/fsl_assert.o
 .debug_macro   0x00000c61       0x22 ./utilities/fsl_assert.o
 .debug_macro   0x00000c83      0x12e ./utilities/fsl_assert.o
 .debug_macro   0x00000db1      0x5b3 ./utilities/fsl_assert.o
 .debug_macro   0x00001364       0x22 ./utilities/fsl_assert.o
 .debug_macro   0x00001386       0x10 ./utilities/fsl_assert.o
 .debug_macro   0x00001396       0x56 ./utilities/fsl_assert.o
 .debug_macro   0x000013ec       0x1c ./utilities/fsl_assert.o
 .debug_macro   0x00001408       0x22 ./utilities/fsl_assert.o
 .debug_macro   0x0000142a       0xfb ./utilities/fsl_assert.o
 .debug_macro   0x00001525      0xeeb ./utilities/fsl_assert.o
 .debug_macro   0x00002410       0x40 ./utilities/fsl_assert.o
 .debug_macro   0x00002450    0x1626f ./utilities/fsl_assert.o
 .debug_macro   0x000186bf     0x14b0 ./utilities/fsl_assert.o
 .debug_macro   0x00019b6f       0x7a ./utilities/fsl_assert.o
 .debug_macro   0x00019be9       0xaf ./utilities/fsl_assert.o
 .debug_macro   0x00019c98      0x190 ./utilities/fsl_assert.o
 .debug_macro   0x00019e28       0x1c ./utilities/fsl_assert.o
 .debug_macro   0x00019e44       0xd2 ./utilities/fsl_assert.o
 .debug_macro   0x00019f16       0x1c ./utilities/fsl_assert.o
 .debug_macro   0x00019f32       0x29 ./startup/startup_mk66f18.o
 .debug_macro   0x00019f5b      0x179 ./source/hello_world.o
 .debug_macro   0x0001a0d4       0x46 ./source/hello_world.o
 .debug_macro   0x0001a11a       0x22 ./source/hello_world.o
 .debug_macro   0x0001a13c       0x16 ./source/hello_world.o
 .debug_macro   0x0001a152       0x16 ./source/hello_world.o
 .debug_macro   0x0001a168      0x24f ./source/hello_world.o
 .debug_macro   0x0001a3b7       0x40 ./source/hello_world.o
 .debug_macro   0x0001a3f7       0x11 ./source/semihost_hardfault.o
 .debug_macro   0x0001a408      0x1e4 ./drivers/fsl_clock.o
 .debug_macro   0x0001a5ec      0x121 ./drivers/fsl_dspi.o
 .debug_macro   0x0001a70d       0x3a ./drivers/fsl_dspi.o
 .debug_macro   0x0001a747      0x121 ./drivers/fsl_gpio.o
 .debug_macro   0x0001a868       0x10 ./drivers/fsl_gpio.o
 .debug_macro   0x0001a878      0x121 ./drivers/fsl_lpuart.o
 .debug_macro   0x0001a999       0x10 ./drivers/fsl_lpuart.o
 .debug_macro   0x0001a9a9      0x127 ./drivers/fsl_uart.o
 .debug_macro   0x0001aad0       0x10 ./drivers/fsl_uart.o
 .debug_macro   0x0001aae0       0x98 ./device/system_MK66F18.o
 .debug_macro   0x0001ab78      0x163 ./board/board.o
 .debug_macro   0x0001acdb       0x1c ./board/board.o
 .debug_macro   0x0001acf7      0x153 ./board/clock_config.o
 .debug_macro   0x0001ae4a      0x11e ./board/pin_mux.o

.debug_line     0x00000000     0xa8cc
 .debug_line    0x00000000      0x3a5 ./utilities/fsl_assert.o
 .debug_line    0x000003a5      0xbf7 ./startup/startup_mk66f18.o
 .debug_line    0x00000f9c      0x5b5 ./source/hello_world.o
 .debug_line    0x00001551       0x59 ./source/semihost_hardfault.o
 .debug_line    0x000015aa     0x18a2 ./drivers/fsl_clock.o
 .debug_line    0x00002e4c     0x180b ./drivers/fsl_dspi.o
 .debug_line    0x00004657      0x411 ./drivers/fsl_gpio.o
 .debug_line    0x00004a68     0x1011 ./drivers/fsl_lpuart.o