00:29:06 **** Incremental Build of configuration Debug for project frdmk66f_hello_world_Lab1_Exp4 ****
make -r -j12 all 
make[1]: Nothing to be done for 'main-build'.
Performing post-build steps
arm-none-eabi-size "frdmk66f_hello_world_Lab1_Exp4.axf"; # arm-none-eabi-objcopy -v -O binary "frdmk66f_hello_world_Lab1_Exp4.axf" "frdmk66f_hello_world_Lab1_Exp4.bin" ; # checksum -p MK66FN2M0xxx18 -d "frdmk66f_hello_world_Lab1_Exp4.bin";
   text	   data	    bss	    dec	    hex	filename
  15216	     16	   8456	  23688	   5c88	frdmk66f_hello_world_Lab1_Exp4.axf
 

00:29:06 Build Finished. 0 errors, 0 warnings. (took 129ms)

