15:23:13 **** Build of configuration Debug for project frdmk66f_hello_world ****
make -r -j12 all 
Building file: ../utilities/fsl_assert.c
Building file: ../utilities/fsl_debug_console.c
Building file: ../startup/startup_mk66f18.c
Building file: ../source/hello_world.c
Invoking: MCU C Compiler
Invoking: MCU C Compiler
arm-none-eabi-gcc -std=gnu99 -D__REDLIB__ -DCPU_MK66FN2M0VMD18 -DCPU_MK66FN2M0VMD18_cm4 -DPRINTF_FLOAT_ENABLE=0 -DSCANF_FLOAT_ENABLE=0 -DPRINTF_ADVANCED_ENABLE=0 -DSCANF_ADVANCED_ENABLE=0 -DFRDM_K66F -DFREEDOM -DMCUXPRESSO_SDK -DSDK_DEBUGCONSOLE=1 -DCR_INTEGER_PRINTF -D__MCUXPRESSO -D__USE_CMSIS -DDEBUG -I"C:\Users\safeerr\Documents\4ds4-group30-lab1\frdmk66f_hello_world\source" -I"C:\Users\safeerr\Documents\4ds4-group30-lab1\frdmk66f_hello_world\utilities" -I"C:\Users\safeerr\Documents\4ds4-group30-lab1\frdmk66f_hello_world\drivers" -I"C:\Users\safeerr\Documents\4ds4-group30-lab1\frdmk66f_hello_world\device" -I"C:\Users\safeerr\Documents\4ds4-group30-lab1\frdmk66f_hello_world\component\uart" -I"C:\Users\safeerr\Documents\4ds4-group30-lab1\frdmk66f_hello_world\component\lists" -I"C:\Users\safeerr\Documents\4ds4-group30-lab1\frdmk66f_hello_world\CMSIS" -I"C:\Users\safeerr\Documents\4ds4-group30-lab1\frdmk66f_hello_world\board" -O0 -fno-common -g3 -gdwarf-4 -c -ffunction-sections -fdata-sections -ffreestanding -fno-builtin -fmerge-constants -fmacro-prefix-map="../utilities/"= -mcpu=cortex-m4 -mfpu=fpv4-sp-d16 -mfloat-abi=hard -mthumb -D__REDLIB__ -fstack-usage -specs=redlib.specs -MMD -MP -MF"utilities/fsl_assert.d" -MT"utilities/fsl_assert.o" -MT"utilities/fsl_assert.d" -o "utilities/fsl_assert.o" "../utilities/fsl_assert.c"
Invoking: MCU C Compiler
arm-none-eabi-gcc -std=gnu99 -D__REDLIB__ -DCPU_MK66FN2M0VMD18 -DCPU_MK66FN2M0VMD18_cm4 -DPRINTF_FLOAT_ENABLE=0 -DSCANF_FLOAT_ENABLE=0 -DPRINTF_ADVANCED_ENABLE=0 -DSCANF_ADVANCED_ENABLE=0 -DFRDM_K66F -DFREEDOM -DMCUXPRESSO_SDK -DSDK_DEBUGCONSOLE=1 -DCR_INTEGER_PRINTF -D__MCUXPRESSO -D__USE_CMSIS -DDEBUG -I"C:\Users\safeerr\Documents\4ds4-group30-lab1\frdmk66f_hello_world\source" -I"C:\Users\safeerr\Documents\4ds4-group30-lab1\frdmk66f_hello_world\utilities" -I"C:\Users\safeerr\Documents\4ds4-group30-lab1\frdmk66f_hello_world\drivers" -I"C:\Users\safeerr\Documents\4ds4-group30-lab1\frdmk66f_hello_world\device" -I"C:\Users\safeerr\Documents\4ds4-group30-lab1\frdmk66f_hello_world\component\uart" -I"C:\Users\safeerr\Documents\4ds4-group30-lab1\frdmk66f_hello_world\component\lists" -I"C:\Users\safeerr\Documents\4ds4-group30-lab1\frdmk66f_hello_world\CMSIS" -I"C:\Users\safeerr\Documents\4ds4-group30-lab1\frdmk66f_hello_world\board" -O0 -fno-common -g3 -gdwarf-4 -c -ffunction-sections -fdata-sections -ffreestanding -fno-builtin -fmerge-constants -fmacro-prefix-map="../utilities/"= -mcpu=cortex-m4 -mfpu=fpv4-sp-d16 -mfloat-abi=hard -mthumb -D__REDLIB__ -fstack-usage -specs=redlib.specs -MMD -MP -MF"utilities/fsl_debug_console.d" -MT"utilities/fsl_debug_console.o" -MT"utilities/fsl_debug_console.d" -o "utilities/fsl_debug_console.o" "../utilities/fsl_debug_console.c"
Invoking: MCU C Compiler
arm-none-eabi-gcc -std=gnu99 -D__REDLIB__ -DCPU_MK66FN2M0VMD18 -DCPU_MK66FN2M0VMD18_cm4 -DPRINTF_FLOAT_ENABLE=0 -DSCANF_FLOAT_ENABLE=0 -DPRINTF_ADVANCED_ENABLE=0 -DSCANF_ADVANCED_ENABLE=0 -DFRDM_K66F -DFREEDOM -DMCUXPRESSO_SDK -DSDK_DEBUGCONSOLE=1 -DCR_INTEGER_PRINTF -D__MCUXPRESSO -D__USE_CMSIS -DDEBUG -I"C:\Users\safeerr\Documents\4ds4-group30-lab1\frdmk66f_hello_world\source" -I"C:\Users\safeerr\Documents\4ds4-group30-lab1\frdmk66f_hello_world\utilities" -I"C:\Users\safeerr\Documents\4ds4-group30-lab1\frdmk66f_hello_world\drivers" -I"C:\Users\safeerr\Documents\4ds4-group30-lab1\frdmk66f_hello_world\device" -I"C:\Users\safeerr\Documents\4ds4-group30-lab1\frdmk66f_hello_world\component\uart" -I"C:\Users\safeerr\Documents\4ds4-group30-lab1\frdmk66f_hello_world\component\lists" -I"C:\Users\safeerr\Documents\4ds4-group30-lab1\frdmk66f_hello_world\CMSIS" -I"C:\Users\safeerr\Documents\4ds4-group30-lab1\frdmk66f_hello_world\board" -O0 -fno-common -g3 -gdwarf-4 -c -ffunction-sections -fdata-sections -ffreestanding -fno-builtin -fmerge-constants -fmacro-prefix-map="../startup/"= -mcpu=cortex-m4 -mfpu=fpv4-sp-d16 -mfloat-abi=hard -mthumb -D__REDLIB__ -fstack-usage -specs=redlib.specs -MMD -MP -MF"startup/startup_mk66f18.d" -MT"startup/startup_mk66f18.o" -MT"startup/startup_mk66f18.d" -o "startup/startup_mk66f18.o" "../startup/startup_mk66f18.c"
arm-none-eabi-gcc -std=gnu99 -D__REDLIB__ -DCPU_MK66FN2M0VMD18 -DCPU_MK66FN2M0VMD18_cm4 -DPRINTF_FLOAT_ENABLE=0 -DSCANF_FLOAT_ENABLE=0 -DPRINTF_ADVANCED_ENABLE=0 -DSCANF_ADVANCED_ENABLE=0 -DFRDM_K66F -DFREEDOM -DMCUXPRESSO_SDK -DSDK_DEBUGCONSOLE=1 -DCR_INTEGER_PRINTF -D__MCUXPRESSO -D__USE_CMSIS -DDEBUG -I"C:\Users\safeerr\Documents\4ds4-group30-lab1\frdmk66f_hello_world\source" -I"C:\Users\safeerr\Documents\4ds4-group30-lab1\frdmk66f_hello_world\utilities" -I"C:\Users\safeerr\Documents\4ds4-group30-lab1\frdmk66f_hello_world\drivers" -I"C:\Users\safeerr\Documents\4ds4-group30-lab1\frdmk66f_hello_world\device" -I"C:\Users\safeerr\Documents\4ds4-group30-lab1\frdmk66f_hello_world\component\uart" -I"C:\Users\safeerr\Documents\4ds4-group30-lab1\frdmk66f_hello_world\component\lists" -I"C:\Users\safeerr\Documents\4ds4-group30-lab1\frdmk66f_hello_world\CMSIS" -I"C:\Users\safeerr\Documents\4ds4-group30-lab1\frdmk66f_hello_world\board" -O0 -fno-common -g3 -gdwarf-4 -c -ffunction-sections -fdata-sections -ffreestanding -fno-builtin -fmerge-constants -fmacro-prefix-map="../source/"= -mcpu=cortex-m4 -mfpu=fpv4-sp-d16 -mfloat-abi=hard -mthumb -D__REDLIB__ -fstack-usage -specs=redlib.specs -MMD -MP -MF"source/hello_world.d" -MT"source/hello_world.o" -MT"source/hello_world.d" -o "source/hello_world.o" "../source/hello_world.c"
Building file: ../source/semihost_hardfault.c
Building file: ../drivers/fsl_clock.c
Building file: ../drivers/fsl_common.c
Building file: ../drivers/fsl_common_arm.c
Invoking: MCU C Compiler
Invoking: MCU C Compiler
Building file: ../drivers/fsl_ftfx_cache.c
arm-none-eabi-gcc -std=gnu99 -D__REDLIB__ -DCPU_MK66FN2M0VMD18 -DCPU_MK66FN2M0VMD18_cm4 -DPRINTF_FLOAT_ENABLE=0 -DSCANF_FLOAT_ENABLE=0 -DPRINTF_ADVANCED_ENABLE=0 -DSCANF_ADVANCED_ENABLE=0 -DFRDM_K66F -DFREEDOM -DMCUXPRESSO_SDK -DSDK_DEBUGCONSOLE=1 -DCR_INTEGER_PRINTF -D__MCUXPRESSO -D__USE_CMSIS -DDEBUG -I"C:\Users\safeerr\Documents\4ds4-group30-lab1\frdmk66f_hello_world\source" -I"C:\Users\safeerr\Documents\4ds4-group30-lab1\frdmk66f_hello_world\utilities" -I"C:\Users\safeerr\Documents\4ds4-group30-lab1\frdmk66f_hello_world\drivers" -I"C:\Users\safeerr\Documents\4ds4-group30-lab1\frdmk66f_hello_world\device" -I"C:\Users\safeerr\Documents\4ds4-group30-lab1\frdmk66f_hello_world\component\uart" -I"C:\Users\safeerr\Documents\4ds4-group30-lab1\frdmk66f_hello_world\component\lists" -I"C:\Users\safeerr\Documents\4ds4-group30-lab1\frdmk66f_hello_world\CMSIS" -I"C:\Users\safeerr\Documents\4ds4-group30-lab1\frdmk66f_hello_world\board" -O0 -fno-common -g3 -gdwarf-4 -c -ffunction-sections -fdata-sections -ffreestanding -fno-builtin -fmerge-constants -fmacro-prefix-map="../source/"= -mcpu=cortex-m4 -mfpu=fpv4-sp-d16 -mfloat-abi=hard -mthumb -D__REDLIB__ -fstack-usage -specs=redlib.specs -MMD -MP -MF"source/semihost_hardfault.d" -MT"source/semihost_hardfault.o" -MT"source/semihost_hardfault.d" -o "source/semihost_hardfault.o" "../source/semihost_hardfault.c"
Invoking: MCU C Compiler
arm-none-eabi-gcc -std=gnu99 -D__REDLIB__ -DCPU_MK66FN2M0VMD18 -DCPU_MK66FN2M0VMD18_cm4 -DPRINTF_FLOAT_ENABLE=0 -DSCANF_FLOAT_ENABLE=0 -DPRINTF_ADVANCED_ENABLE=0 -DSCANF_ADVANCED_ENABLE=0 -DFRDM_K66F -DFREEDOM -DMCUXPRESSO_SDK -DSDK_DEBUGCONSOLE=1 -DCR_INTEGER_PRINTF -D__MCUXPRESSO -D__USE_CMSIS -DDEBUG -I"C:\Users\safeerr\Documents\4ds4-group30-lab1\frdmk66f_hello_world\source" -I"C:\Users\safeerr\Documents\4ds4-group30-lab1\frdmk66f_hello_world\utilities" -I"C:\Users\safeerr\Documents\4ds4-group30-lab1\frdmk66f_hello_world\drivers" -I"C:\Users\safeerr\Documents\4ds4-group30-lab1\frdmk66f_hello_world\device" -I"C:\Users\safeerr\Documents\4ds4-group30-lab1\frdmk66f_hello_world\component\uart" -I"C:\Users\safeerr\Documents\4ds4-group30-lab1\frdmk66f_hello_world\component\lists" -I"C:\Users\safeerr\Documents\4ds4-group30-lab1\frdmk66f_hello_world\CMSIS" -I"C:\Users\safeerr\Documents\4ds4-group30-lab1\frdmk66f_hello_world\board" -O0 -fno-common -g3 -gdwarf-4 -c -ffunction-sections -fdata-sections -ffreestanding -fno-builtin -fmerge-constants -fmacro-prefix-map="../drivers/"= -mcpu=cortex-m4 -mfpu=fpv4-sp-d16 -mfloat-abi=hard -mthumb -D__REDLIB__ -fstack-usage -specs=redlib.specs -MMD -MP -MF"drivers/fsl_clock.d" -MT"drivers/fsl_clock.o" -MT"drivers/fsl_clock.d" -o "drivers/fsl_clock.o" "../drivers/fsl_clock.c"
Invoking: MCU C Compiler
arm-none-eabi-gcc -std=gnu99 -D__REDLIB__ -DCPU_MK66FN2M0VMD18 -DCPU_MK66FN2M0VMD18_cm4 -DPRINTF_FLOAT_ENABLE=0 -DSCANF_FLOAT_ENABLE=0 -DPRINTF_ADVANCED_ENABLE=0 -DSCANF_ADVANCED_ENABLE=0 -DFRDM_K66F -DFREEDOM -DMCUXPRESSO_SDK -DSDK_DEBUGCONSOLE=1 -DCR_INTEGER_PRINTF -D__MCUXPRESSO -D__USE_CMSIS -DDEBUG -I"C:\Users\safeerr\Documents\4ds4-group30-lab1\frdmk66f_hello_world\source" -I"C:\Users\safeerr\Documents\4ds4-group30-lab1\frdmk66f_hello_world\utilities" -I"C:\Users\safeerr\Documents\4ds4-group30-lab1\frdmk66f_hello_world\drivers" -I"C:\Users\safeerr\Documents\4ds4-group30-lab1\frdmk66f_hello_world\device" -I"C:\Users\safeerr\Documents\4ds4-group30-lab1\frdmk66f_hello_world\component\uart" -I"C:\Users\safeerr\Documents\4ds4-group30-lab1\frdmk66f_hello_world\component\lists" -I"C:\Users\safeerr\Documents\4ds4-group30-lab1\frdmk66f_hello_world\CMSIS" -I"C:\Users\safeerr\Documents\4ds4-group30-lab1\frdmk66f_hello_world\board" -O0 -fno-common -g3 -gdwarf-4 -c -ffunction-sections -fdata-sections -ffreestanding -fno-builtin -fmerge-constants -fmacro-prefix-map="../drivers/"= -mcpu=cortex-m4 -mfpu=fpv4-sp-d16 -mfloat-abi=hard -mthumb -D__REDLIB__ -fstack-usage -specs=redlib.specs -MMD -MP -MF"drivers/fsl_common.d" -MT"drivers/fsl_common.o" -MT"drivers/fsl_common.d" -o "drivers/fsl_common.o" "../drivers/fsl_common.c"
arm-none-eabi-gcc -std=gnu99 -D__REDLIB__ -DCPU_MK66FN2M0VMD18 -DCPU_MK66FN2M0VMD18_cm4 -DPRINTF_FLOAT_ENABLE=0 -DSCANF_FLOAT_ENABLE=0 -DPRINTF_ADVANCED_ENABLE=0 -DSCANF_ADVANCED_ENABLE=0 -DFRDM_K66F -DFREEDOM -DMCUXPRESSO_SDK -DSDK_DEBUGCONSOLE=1 -DCR_INTEGER_PRINTF -D__MCUXPRESSO -D__USE_CMSIS -DDEBUG -I"C:\Users\safeerr\Documents\4ds4-group30-lab1\frdmk66f_hello_world\source" -I"C:\Users\safeerr\Documents\4ds4-group30-lab1\frdmk66f_hello_world\utilities" -I"C:\Users\safeerr\Documents\4ds4-group30-lab1\frdmk66f_hello_world\drivers" -I"C:\Users\safeerr\Documents\4ds4-group30-lab1\frdmk66f_hello_world\device" -I"C:\Users\safeerr\Documents\4ds4-group30-lab1\frdmk66f_hello_world\component\uart" -I"C:\Users\safeerr\Documents\4ds4-group30-lab1\frdmk66f_hello_world\component\lists" -I"C:\Users\safeerr\Documents\4ds4-group30-lab1\frdmk66f_hello_world\CMSIS" -I"C:\Users\safeerr\Documents\4ds4-group30-lab1\frdmk66f_hello_world\board" -O0 -fno-common -g3 -gdwarf-4 -c -ffunction-sections -fdata-sections -ffreestanding -fno-builtin -fmerge-constants -fmacro-prefix-map="../drivers/"= -mcpu=cortex-m4 -mfpu=fpv4-sp-d16 -mfloat-abi=hard -mthumb -D__REDLIB__ -fstack-usage -specs=redlib.specs -MMD -MP -MF"drivers/fsl_common_arm.d" -MT"drivers/fsl_common_arm.o" -MT"drivers/fsl_common_arm.d" -o "drivers/fsl_common_arm.o" "../drivers/fsl_common_arm.c"
Invoking: MCU C Compiler
arm-none-eabi-gcc -std=gnu99 -D__REDLIB__ -DCPU_MK66FN2M0VMD18 -DCPU_MK66FN2M0VMD18_cm4 -DPRINTF_FLOAT_ENABLE=0 -DSCANF_FLOAT_ENABLE=0 -DPRINTF_ADVANCED_ENABLE=0 -DSCANF_ADVANCED_ENABLE=0 -DFRDM_K66F -DFREEDOM -DMCUXPRESSO_SDK -DSDK_DEBUGCONSOLE=1 -DCR_INTEGER_PRINTF -D__MCUXPRESSO -D__USE_CMSIS -DDEBUG -I"C:\Users\safeerr\Documents\4ds4-group30-lab1\frdmk66f_hello_world\source" -I"C:\Users\safeerr\Documents\4ds4-group30-lab1\frdmk66f_hello_world\utilities" -I"C:\Users\safeerr\Documents\4ds4-group30-lab1\frdmk66f_hello_world\drivers" -I"C:\Users\safeerr\Documents\4ds4-group30-lab1\frdmk66f_hello_world\device" -I"C:\Users\safeerr\Documents\4ds4-group30-lab1\frdmk66f_hello_world\component\uart" -I"C:\Users\safeerr\Documents\4ds4-group30-lab1\frdmk66f_hello_world\component\lists" -I"C:\Users\safeerr\Documents\4ds4-group30-lab1\frdmk66f_hello_world\CMSIS" -I"C:\Users\safeerr\Documents\4ds4-group30-lab1\frdmk66f_hello_world\board" -O0 -fno-common -g3 -gdwarf-4 -c -ffunction-sections -fdata-sections -ffreestanding -fno-builtin -fmerge-constants -fmacro-prefix-map="../drivers/"= -mcpu=cortex-m4 -mfpu=fpv4-sp-d16 -mfloat-abi=hard -mthumb -D__REDLIB__ -fstack-usage -specs=redlib.specs -MMD -MP -MF"drivers/fsl_ftfx_cache.d" -MT"drivers/fsl_ftfx_cache.o" -MT"drivers/fsl_ftfx_cache.d" -o "drivers/fsl_ftfx_cache.o" "../drivers/fsl_ftfx_cache.c"
Building file: ../drivers/fsl_ftfx_flash.c
Building file: ../drivers/fsl_ftfx_controller.c
Invoking: MCU C Compiler
../source/hello_world.c:14:10: fatal error: fsl_ftm.h: No such file or directory
arm-none-eabi-gcc -std=gnu99 -D__REDLIB__ -DCPU_MK66FN2M0VMD18 -DCPU_MK66FN2M0VMD18_cm4 -DPRINTF_FLOAT_ENABLE=0 -DSCANF_FLOAT_ENABLE=0 -DPRINTF_ADVANCED_ENABLE=0 -DSCANF_ADVANCED_ENABLE=0 -DFRDM_K66F -DFREEDOM -DMCUXPRESSO_SDK -DSDK_DEBUGCONSOLE=1 -DCR_INTEGER_PRINTF -D__MCUXPRESSO -D__USE_CMSIS -DDEBUG -I"C:\Users\safeerr\Documents\4ds4-group30-lab1\frdmk66f_hello_world\source" -I"C:\Users\safeerr\Documents\4ds4-group30-lab1\frdmk66f_hello_world\utilities" -I"C:\Users\safeerr\Documents\4ds4-group30-lab1\frdmk66f_hello_world\drivers" -I"C:\Users\safeerr\Documents\4ds4-group30-lab1\frdmk66f_hello_world\device" -I"C:\Users\safeerr\Documents\4ds4-group30-lab1\frdmk66f_hello_world\component\uart" -I"C:\Users\safeerr\Documents\4ds4-group30-lab1\frdmk66f_hello_world\component\lists" -I"C:\Users\safeerr\Documents\4ds4-group30-lab1\frdmk66f_hello_world\CMSIS" -I"C:\Users\safeerr\Documents\4ds4-group30-lab1\frdmk66f_hello_world\board" -O0 -fno-common -g3 -gdwarf-4 -c -ffunction-sections -fdata-sections -ffreestanding -fno-builtin -fmerge-constants -fmacro-prefix-map="../drivers/"= -mcpu=cortex-m4 -mfpu=fpv4-sp-d16 -mfloat-abi=hard -mthumb -D__REDLIB__ -fstack-usage -specs=redlib.specs -MMD -MP -MF"drivers/fsl_ftfx_flash.d" -MT"drivers/fsl_ftfx_flash.o" -MT"drivers/fsl_ftfx_flash.d" -o "drivers/fsl_ftfx_flash.o" "../drivers/fsl_ftfx_flash.c"
   14 | #include "fsl_ftm.h"
      |          ^~~~~~~~~~~
compilation terminated.
Invoking: MCU C Compiler
Building file: ../drivers/fsl_ftfx_flexnvm.c
arm-none-eabi-gcc -std=gnu99 -D__REDLIB__ -DCPU_MK66FN2M0VMD18 -DCPU_MK66FN2M0VMD18_cm4 -DPRINTF_FLOAT_ENABLE=0 -DSCANF_FLOAT_ENABLE=0 -DPRINTF_ADVANCED_ENABLE=0 -DSCANF_ADVANCED_ENABLE=0 -DFRDM_K66F -DFREEDOM -DMCUXPRESSO_SDK -DSDK_DEBUGCONSOLE=1 -DCR_INTEGER_PRINTF -D__MCUXPRESSO -D__USE_CMSIS -DDEBUG -I"C:\Users\safeerr\Documents\4ds4-group30-lab1\frdmk66f_hello_world\source" -I"C:\Users\safeerr\Documents\4ds4-group30-lab1\frdmk66f_hello_world\utilities" -I"C:\Users\safeerr\Documents\4ds4-group30-lab1\frdmk66f_hello_world\drivers" -I"C:\Users\safeerr\Documents\4ds4-group30-lab1\frdmk66f_hello_world\device" -I"C:\Users\safeerr\Documents\4ds4-group30-lab1\frdmk66f_hello_world\component\uart" -I"C:\Users\safeerr\Documents\4ds4-group30-lab1\frdmk66f_hello_world\component\lists" -I"C:\Users\safeerr\Documents\4ds4-group30-lab1\frdmk66f_hello_world\CMSIS" -I"C:\Users\safeerr\Documents\4ds4-group30-lab1\frdmk66f_hello_world\board" -O0 -fno-common -g3 -gdwarf-4 -c -ffunction-sections -fdata-sections -ffreestanding -fno-builtin -fmerge-constants -fmacro-prefix-map="../drivers/"= -mcpu=cortex-m4 -mfpu=fpv4-sp-d16 -mfloat-abi=hard -mthumb -D__REDLIB__ -fstack-usage -specs=redlib.specs -MMD -MP -MF"drivers/fsl_ftfx_controller.d" -MT"drivers/fsl_ftfx_controller.o" -MT"drivers/fsl_ftfx_controller.d" -o "drivers/fsl_ftfx_controller.o" "../drivers/fsl_ftfx_controller.c"
make[1]: *** [source/subdir.mk:23: source/hello_world.o] Error 1
make[1]: *** Waiting for unfinished jobs....
Invoking: MCU C Compiler
arm-none-eabi-gcc -std=gnu99 -D__REDLIB__ -DCPU_MK66FN2M0VMD18 -DCPU_MK66FN2M0VMD18_cm4 -DPRINTF_FLOAT_ENABLE=0 -DSCANF_FLOAT_ENABLE=0 -DPRINTF_ADVANCED_ENABLE=0 -DSCANF_ADVANCED_ENABLE=0 -DFRDM_K66F -DFREEDOM -DMCUXPRESSO_SDK -DSDK_DEBUGCONSOLE=1 -DCR_INTEGER_PRINTF -D__MCUXPRESSO -D__USE_CMSIS -DDEBUG -I"C:\Users\safeerr\Documents\4ds4-group30-lab1\frdmk66f_hello_world\source" -I"C:\Users\safeerr\Documents\4ds4-group30-lab1\frdmk66f_hello_world\utilities" -I"C:\Users\safeerr\Documents\4ds4-group30-lab1\frdmk66f_hello_world\drivers" -I"C:\Users\safeerr\Documents\4ds4-group30-lab1\frdmk66f_hello_world\device" -I"C:\Users\safeerr\Documents\4ds4-group30-lab1\frdmk66f_hello_world\component\uart" -I"C:\Users\safeerr\Documents\4ds4-group30-lab1\frdmk66f_hello_world\component\lists" -I"C:\Users\safeerr\Documents\4ds4-group30-lab1\frdmk66f_hello_world\CMSIS" -I"C:\Users\safeerr\Documents\4ds4-group30-lab1\frdmk66f_hello_world\board" -O0 -fno-common -g3 -gdwarf-4 -c -ffunction-sections -fdata-sections -ffreestanding -fno-builtin -fmerge-constants -fmacro-prefix-map="../drivers/"= -mcpu=cortex-m4 -mfpu=fpv4-sp-d16 -mfloat-abi=hard -mthumb -D__REDLIB__ -fstack-usage -specs=redlib.specs -MMD -MP -MF"drivers/fsl_ftfx_flexnvm.d" -MT"drivers/fsl_ftfx_flexnvm.o" -MT"drivers/fsl_ftfx_flexnvm.d" -o "drivers/fsl_ftfx_flexnvm.o" "../drivers/fsl_ftfx_flexnvm.c"
Finished building: ../source/semihost_hardfault.c
 
Finished building: ../startup/startup_mk66f18.c
Finished building: ../utilities/fsl_assert.c
Finished building: ../utilities/fsl_debug_console.c
 
Finished building: ../drivers/fsl_common.c
Finished building: ../drivers/fsl_common_arm.c
 
 
 
 
Finished building: ../drivers/fsl_ftfx_cache.c
Finished building: ../drivers/fsl_clock.c
 
 
Finished building: ../drivers/fsl_ftfx_flexnvm.c
 
Finished building: ../drivers/fsl_ftfx_flash.c
Finished building: ../drivers/fsl_ftfx_controller.c
 
 
make: *** [makefile:42: all] Error 2
"make -r -j12 all" terminated with exit code 2. Build might be incomplete.
15:25:25 **** Incremental Build of configuration Debug for project frdmk66f_hello_world ****
make -r -j12 all 
Building file: ../utilities/fsl_assert.c
Building file: ../utilities/fsl_debug_console.c
Building file: ../startup/startup_mk66f18.c
Building file: ../source/hello_world.c
Invoking: MCU C Compiler
arm-none-eabi-gcc -std=gnu99 -D__REDLIB__ -DCPU_MK66FN2M0VMD18 -DCPU_MK66FN2M0VMD18_cm4 -DPRINTF_FLOAT_ENABLE=0 -DSCANF_FLOAT_ENABLE=0 -DPRINTF_ADVANCED_ENABLE=0 -DSCANF_ADVANCED_ENABLE=0 -DFRDM_K66F -DFREEDOM -DMCUXPRESSO_SDK -DSDK_DEBUGCONSOLE=1 -DCR_INTEGER_PRINTF -D__MCUXPRESSO -D__USE_CMSIS -DDEBUG -DSDK_OS_BAREMETAL -I"C:\Users\safeerr\Documents\4ds4-group30-lab1\frdmk66f_hello_world\utilities" -I"C:\Users\safeerr\Documents\4ds4-group30-lab1\frdmk66f_hello_world\drivers" -I"C:\Users\safeerr\Documents\4ds4-group30-lab1\frdmk66f_hello_world\device" -I"C:\Users\safeerr\Documents\4ds4-group30-lab1\frdmk66f_hello_world\component\uart" -I"C:\Users\safeerr\Documents\4ds4-group30-lab1\frdmk66f_hello_world\component\lists" -I"C:\Users\safeerr\Documents\4ds4-group30-lab1\frdmk66f_hello_world\CMSIS" -I"C:\Users\safeerr\Documents\4ds4-group30-lab1\frdmk66f_hello_world\source" -I"C:\Users\safeerr\Documents\4ds4-group30-lab1\frdmk66f_hello_world\board" -O0 -fno-common -g3 -gdwarf-4 -c -ffunction-sections -fdata-sections -ffreestanding -fno-builtin -fmerge-constants -fmacro-prefix-map="../utilities/"= -mcpu=cortex-m4 -mfpu=fpv4-sp-d16 -mfloat-abi=hard -mthumb -D__REDLIB__ -fstack-usage -specs=redlib.specs -MMD -MP -MF"utilities/fsl_assert.d" -MT"utilities/fsl_assert.o" -MT"utilities/fsl_assert.d" -o "utilities/fsl_assert.o" "../utilities/fsl_assert.c"
Invoking: MCU C Compiler
arm-none-eabi-gcc -std=gnu99 -D__REDLIB__ -DCPU_MK66FN2M0VMD18 -DCPU_MK66FN2M0VMD18_cm4 -DPRINTF_FLOAT_ENABLE=0 -DSCANF_FLOAT_ENABLE=0 -DPRINTF_ADVANCED_ENABLE=0 -DSCANF_ADVANCED_ENABLE=0 -DFRDM_K66F -DFREEDOM -DMCUXPRESSO_SDK -DSDK_DEBUGCONSOLE=1 -DCR_INTEGER_PRINTF -D__MCUXPRESSO -D__USE_CMSIS -DDEBUG -DSDK_OS_BAREMETAL -I"C:\Users\safeerr\Documents\4ds4-group30-lab1\frdmk66f_hello_world\utilities" -I"C:\Users\safeerr\Documents\4ds4-group30-lab1\frdmk66f_hello_world\drivers" -I"C:\Users\safeerr\Documents\4ds4-group30-lab1\frdmk66f_hello_world\device" -I"C:\Users\safeerr\Documents\4ds4-group30-lab1\frdmk66f_hello_world\component\uart" -I"C:\Users\safeerr\Documents\4ds4-group30-lab1\frdmk66f_hello_world\component\lists" -I"C:\Users\safeerr\Documents\4ds4-group30-lab1\frdmk66f_hello_world\CMSIS" -I"C:\Users\safeerr\Documents\4ds4-group30-lab1\frdmk66f_hello_world\source" -I"C:\Users\safeerr\Documents\4ds4-group30-lab1\frdmk66f_hello_world\board" -O0 -fno-common -g3 -gdwarf-4 -c -ffunction-sections -fdata-sections -ffreestanding -fno-builtin -fmerge-constants -fmacro-prefix-map="../utilities/"= -mcpu=cortex-m4 -mfpu=fpv4-sp-d16 -mfloat-abi=hard -mthumb -D__REDLIB__ -fstack-usage -specs=redlib.specs -MMD -MP -MF"utilities/fsl_debug_console.d" -MT"utilities/fsl_debug_console.o" -MT"utilities/fsl_debug_console.d" -o "utilities/fsl_debug_console.o" "../utilities/fsl_debug_console.c"
Invoking: MCU C Compiler
Invoking: MCU C Compiler
arm-none-eabi-gcc -std=gnu99 -D__REDLIB__ -DCPU_MK66FN2M0VMD18 -DCPU_MK66FN2M0VMD18_cm4 -DPRINTF_FLOAT_ENABLE=0 -DSCANF_FLOAT_ENABLE=0 -DPRINTF_ADVANCED_ENABLE=0 -DSCANF_ADVANCED_ENABLE=0 -DFRDM_K66F -DFREEDOM -DMCUXPRESSO_SDK -DSDK_DEBUGCONSOLE=1 -DCR_INTEGER_PRINTF -D__MCUXPRESSO -D__USE_CMSIS -DDEBUG -DSDK_OS_BAREMETAL -I"C:\Users\safeerr\Documents\4ds4-group30-lab1\frdmk66f_hello_world\utilities" -I"C:\Users\safeerr\Documents\4ds4-group30-lab1\frdmk66f_hello_world\drivers" -I"C:\Users\safeerr\Documents\4ds4-group30-lab1\frdmk66f_hello_world\device" -I"C:\Users\safeerr\Documents\4ds4-group30-lab1\frdmk66f_hello_world\component\uart" -I"C:\Users\safeerr\Documents\4ds4-group30-lab1\frdmk66f_hello_world\component\lists" -I"C:\Users\safeerr\Documents\4ds4-group30-lab1\frdmk66f_hello_world\CMSIS" -I"C:\Users\safeerr\Documents\4ds4-group30-lab1\frdmk66f_hello_world\source" -I"C:\Users\safeerr\Documents\4ds4-group30-lab1\frdmk66f_hello_world\board" -O0 -fno-common -g3 -gdwarf-4 -c -ffunction-sections -fdata-sections -ffreestanding -fno-builtin -fmerge-constants -fmacro-prefix-map="../startup/"= -mcpu=cortex-m4 -mfpu=fpv4-sp-d16 -mfloat-abi=hard -mthumb -D__REDLIB__ -fstack-usage -specs=redlib.specs -MMD -MP -MF"startup/startup_mk66f18.d" -MT"startup/startup_mk66f18.o" -MT"startup/startup_mk66f18.d" -o "startup/startup_mk66f18.o" "../startup/startup_mk66f18.c"
arm-none-eabi-gcc -std=gnu99 -D__REDLIB__ -DCPU_MK66FN2M0VMD18 -DCPU_MK66FN2M0VMD18_cm4 -DPRINTF_FLOAT_ENABLE=0 -DSCANF_FLOAT_ENABLE=0 -DPRINTF_ADVANCED_ENABLE=0 -DSCANF_ADVANCED_ENABLE=0 -DFRDM_K66F -DFREEDOM -DMCUXPRESSO_SDK -DSDK_DEBUGCONSOLE=1 -DCR_INTEGER_PRINTF -D__MCUXPRESSO -D__USE_CMSIS -DDEBUG -DSDK_OS_BAREMETAL -I"C:\Users\safeerr\Documents\4ds4-group30-lab1\frdmk66f_hello_world\utilities" -I"C:\Users\safeerr\Documents\4ds4-group30-lab1\frdmk66f_hello_world\drivers" -I"C:\Users\safeerr\Documents\4ds4-group30-lab1\frdmk66f_hello_world\device" -I"C:\Users\safeerr\Documents\4ds4-group30-lab1\frdmk66f_hello_world\component\uart" -I"C:\Users\safeerr\Documents\4ds4-group30-lab1\frdmk66f_hello_world\component\lists" -I"C:\Users\safeerr\Documents\4ds4-group30-lab1\frdmk66f_hello_world\CMSIS" -I"C:\Users\safeerr\Documents\4ds4-group30-lab1\frdmk66f_hello_world\source" -I"C:\Users\safeerr\Documents\4ds4-group30-lab1\frdmk66f_hello_world\board" -O0 -fno-common -g3 -gdwarf-4 -c -ffunction-sections -fdata-sections -ffreestanding -fno-builtin -fmerge-constants -fmacro-prefix-map="../source/"= -mcpu=cortex-m4 -mfpu=fpv4-sp-d16 -mfloat-abi=hard -mthumb -D__REDLIB__ -fstack-usage -specs=redlib.specs -MMD -MP -MF"source/hello_world.d" -MT"source/hello_world.o" -MT"source/hello_world.d" -o "source/hello_world.o" "../source/hello_world.c"
Building file: ../source/semihost_hardfault.c
Building file: ../drivers/fsl_clock.c
Building file: ../drivers/fsl_common.c
Building file: ../drivers/fsl_common_arm.c
Invoking: MCU C Compiler
Invoking: MCU C Compiler
arm-none-eabi-gcc -std=gnu99 -D__REDLIB__ -DCPU_MK66FN2M0VMD18 -DCPU_MK66FN2M0VMD18_cm4 -DPRINTF_FLOAT_ENABLE=0 -DSCANF_FLOAT_ENABLE=0 -DPRINTF_ADVANCED_ENABLE=0 -DSCANF_ADVANCED_ENABLE=0 -DFRDM_K66F -DFREEDOM -DMCUXPRESSO_SDK -DSDK_DEBUGCONSOLE=1 -DCR_INTEGER_PRINTF -D__MCUXPRESSO -D__USE_CMSIS -DDEBUG -DSDK_OS_BAREMETAL -I"C:\Users\safeerr\Documents\4ds4-group30-lab1\frdmk66f_hello_world\utilities" -I"C:\Users\safeerr\Documents\4ds4-group30-lab1\frdmk66f_hello_world\drivers" -I"C:\Users\safeerr\Documents\4ds4-group30-lab1\frdmk66f_hello_world\device" -I"C:\Users\safeerr\Documents\4ds4-group30-lab1\frdmk66f_hello_world\component\uart" -I"C:\Users\safeerr\Documents\4ds4-group30-lab1\frdmk66f_hello_world\component\lists" -I"C:\Users\safeerr\Documents\4ds4-group30-lab1\frdmk66f_hello_world\CMSIS" -I"C:\Users\safeerr\Documents\4ds4-group30-lab1\frdmk66f_hello_world\source" -I"C:\Users\safeerr\Documents\4ds4-group30-lab1\frdmk66f_hello_world\board" -O0 -fno-common -g3 -gdwarf-4 -c -ffunction-sections -fdata-sections -ffreestanding -fno-builtin -fmerge-constants -fmacro-prefix-map="../source/"= -mcpu=cortex-m4 -mfpu=fpv4-sp-d16 -mfloat-abi=hard -mthumb -D__REDLIB__ -fstack-usage -specs=redlib.specs -MMD -MP -MF"source/semihost_hardfault.d" -MT"source/semihost_hardfault.o" -MT"source/semihost_hardfault.d" -o "source/semihost_hardfault.o" "../source/semihost_hardfault.c"
Invoking: MCU C Compiler
Building file: ../drivers/fsl_ftfx_cache.c
arm-none-eabi-gcc -std=gnu99 -D__REDLIB__ -DCPU_MK66FN2M0VMD18 -DCPU_MK66FN2M0VMD18_cm4 -DPRINTF_FLOAT_ENABLE=0 -DSCANF_FLOAT_ENABLE=0 -DPRINTF_ADVANCED_ENABLE=0 -DSCANF_ADVANCED_ENABLE=0 -DFRDM_K66F -DFREEDOM -DMCUXPRESSO_SDK -DSDK_DEBUGCONSOLE=1 -DCR_INTEGER_PRINTF -D__MCUXPRESSO -D__USE_CMSIS -DDEBUG -DSDK_OS_BAREMETAL -I"C:\Users\safeerr\Documents\4ds4-group30-lab1\frdmk66f_hello_world\utilities" -I"C:\Users\safeerr\Documents\4ds4-group30-lab1\frdmk66f_hello_world\drivers" -I"C:\Users\safeerr\Documents\4ds4-group30-lab1\frdmk66f_hello_world\device" -I"C:\Users\safeerr\Documents\4ds4-group30-lab1\frdmk66f_hello_world\component\uart" -I"C:\Users\safeerr\Documents\4ds4-group30-lab1\frdmk66f_hello_world\component\lists" -I"C:\Users\safeerr\Documents\4ds4-group30-lab1\frdmk66f_hello_world\CMSIS" -I"C:\Users\safeerr\Documents\4ds4-group30-lab1\frdmk66f_hello_world\source" -I"C:\Users\safeerr\Documents\4ds4-group30-lab1\frdmk66f_hello_world\board" -O0 -fno-common -g3 -gdwarf-4 -c -ffunction-sections -fdata-sections -ffreestanding -fno-builtin -fmerge-constants -fmacro-prefix-map="../drivers/"= -mcpu=cortex-m4 -mfpu=fpv4-sp-d16 -mfloat-abi=hard -mthumb -D__REDLIB__ -fstack-usage -specs=redlib.specs -MMD -MP -MF"drivers/fsl_clock.d" -MT"drivers/fsl_clock.o" -MT"drivers/fsl_clock.d" -o "drivers/fsl_clock.o" "../drivers/fsl_clock.c"
Invoking: MCU C Compiler
arm-none-eabi-gcc -std=gnu99 -D__REDLIB__ -DCPU_MK66FN2M0VMD18 -DCPU_MK66FN2M0VMD18_cm4 -DPRINTF_FLOAT_ENABLE=0 -DSCANF_FLOAT_ENABLE=0 -DPRINTF_ADVANCED_ENABLE=0 -DSCANF_ADVANCED_ENABLE=0 -DFRDM_K66F -DFREEDOM -DMCUXPRESSO_SDK -DSDK_DEBUGCONSOLE=1 -DCR_INTEGER_PRINTF -D__MCUXPRESSO -D__USE_CMSIS -DDEBUG -DSDK_OS_BAREMETAL -I"C:\Users\safeerr\Documents\4ds4-group30-lab1\frdmk66f_hello_world\utilities" -I"C:\Users\safeerr\Documents\4ds4-group30-lab1\frdmk66f_hello_world\drivers" -I"C:\Users\safeerr\Documents\4ds4-group30-lab1\frdmk66f_hello_world\device" -I"C:\Users\safeerr\Documents\4ds4-group30-lab1\frdmk66f_hello_world\component\uart" -I"C:\Users\safeerr\Documents\4ds4-group30-lab1\frdmk66f_hello_world\component\lists" -I"C:\Users\safeerr\Documents\4ds4-group30-lab1\frdmk66f_hello_world\CMSIS" -I"C:\Users\safeerr\Documents\4ds4-group30-lab1\frdmk66f_hello_world\source" -I"C:\Users\safeerr\Documents\4ds4-group30-lab1\frdmk66f_hello_world\board" -O0 -fno-common -g3 -gdwarf-4 -c -ffunction-sections -fdata-sections -ffreestanding -fno-builtin -fmerge-constants -fmacro-prefix-map="../drivers/"= -mcpu=cortex-m4 -mfpu=fpv4-sp-d16 -mfloat-abi=hard -mthumb -D__REDLIB__ -fstack-usage -specs=redlib.specs -MMD -MP -MF"drivers/fsl_common.d" -MT"drivers/fsl_common.o" -MT"drivers/fsl_common.d" -o "drivers/fsl_common.o" "../drivers/fsl_common.c"
arm-none-eabi-gcc -std=gnu99 -D__REDLIB__ -DCPU_MK66FN2M0VMD18 -DCPU_MK66FN2M0VMD18_cm4 -DPRINTF_FLOAT_ENABLE=0 -DSCANF_FLOAT_ENABLE=0 -DPRINTF_ADVANCED_ENABLE=0 -DSCANF_ADVANCED_ENABLE=0 -DFRDM_K66F -DFREEDOM -DMCUXPRESSO_SDK -DSDK_DEBUGCONSOLE=1 -DCR_INTEGER_PRINTF -D__MCUXPRESSO -D__USE_CMSIS -DDEBUG -DSDK_OS_BAREMETAL -I"C:\Users\safeerr\Documents\4ds4-group30-lab1\frdmk66f_hello_world\utilities" -I"C:\Users\safeerr\Documents\4ds4-group30-lab1\frdmk66f_hello_world\drivers" -I"C:\Users\safeerr\Documents\4ds4-group30-lab1\frdmk66f_hello_world\device" -I"C:\Users\safeerr\Documents\4ds4-group30-lab1\frdmk66f_hello_world\component\uart" -I"C:\Users\safeerr\Documents\4ds4-group30-lab1\frdmk66f_hello_world\component\lists" -I"C:\Users\safeerr\Documents\4ds4-group30-lab1\frdmk66f_hello_world\CMSIS" -I"C:\Users\safeerr\Documents\4ds4-group30-lab1\frdmk66f_hello_world\source" -I"C:\Users\safeerr\Documents\4ds4-group30-lab1\frdmk66f_hello_world\board" -O0 -fno-common -g3 -gdwarf-4 -c -ffunction-sections -fdata-sections -ffreestanding -fno-builtin -fmerge-constants -fmacro-prefix-map="../drivers/"= -mcpu=cortex-m4 -mfpu=fpv4-sp-d16 -mfloat-abi=hard -mthumb -D__REDLIB__ -fstack-usage -specs=redlib.specs -MMD -MP -MF"drivers/fsl_common_arm.d" -MT"drivers/fsl_common_arm.o" -MT"drivers/fsl_common_arm.d" -o "drivers/fsl_common_arm.o" "../drivers/fsl_common_arm.c"
Invoking: MCU C Compiler
arm-none-eabi-gcc -std=gnu99 -D__REDLIB__ -DCPU_MK66FN2M0VMD18 -DCPU_MK66FN2M0VMD18_cm4 -DPRINTF_FLOAT_ENABLE=0 -DSCANF_FLOAT_ENABLE=0 -DPRINTF_ADVANCED_ENABLE=0 -DSCANF_ADVANCED_ENABLE=0 -DFRDM_K66F -DFREEDOM -DMCUXPRESSO_SDK -DSDK_DEBUGCONSOLE=1 -DCR_INTEGER_PRINTF -D__MCUXPRESSO -D__USE_CMSIS -DDEBUG -DSDK_OS_BAREMETAL -I"C:\Users\safeerr\Documents\4ds4-group30-lab1\frdmk66f_hello_world\utilities" -I"C:\Users\safeerr\Documents\4ds4-group30-lab1\frdmk66f_hello_world\drivers" -I"C:\Users\safeerr\Documents\4ds4-group30-lab1\frdmk66f_hello_world\device" -I"C:\Users\safeerr\Documents\4ds4-group30-lab1\frdmk66f_hello_world\component\uart" -I"C:\Users\safeerr\Documents\4ds4-group30-lab1\frdmk66f_hello_world\component\lists" -I"C:\Users\safeerr\Documents\4ds4-group30-lab1\frdmk66f_hello_world\CMSIS" -I"C:\Users\safeerr\Documents\4ds4-group30-lab1\frdmk66f_hello_world\source" -I"C:\Users\safeerr\Documents\4ds4-group30-lab1\frdmk66f_hello_world\board" -O0 -fno-common -g3 -gdwarf-4 -c -ffunction-sections -fdata-sections -ffreestanding -fno-builtin -fmerge-constants -fmacro-prefix-map="../drivers/"= -mcpu=cortex-m4 -mfpu=fpv4-sp-d16 -mfloat-abi=hard -mthumb -D__REDLIB__ -fstack-usage -specs=redlib.specs -MMD -MP -MF"drivers/fsl_ftfx_cache.d" -MT"drivers/fsl_ftfx_cache.o" -MT"drivers/fsl_ftfx_cache.d" -o "drivers/fsl_ftfx_cache.o" "../drivers/fsl_ftfx_cache.c"
Building file: ../drivers/fsl_ftfx_controller.c
Building file: ../drivers/fsl_ftfx_flash.c
../source/hello_world.c: In function 'main':
../source/hello_world.c:89:30: error: 'OU' undeclared (first use in this function)
Building file: ../drivers/fsl_ftfx_flexnvm.c
   89 |         for(volatile int i = OU; i < 1000000; i++)
      |                              ^~
../source/hello_world.c:89:30: note: each undeclared identifier is reported only once for each function it appears in
../source/hello_world.c:95:9: warning: implicit declaration of function 'scanf' [-Wimplicit-function-declaration]
   95 |         scanf("s = %d", &input);
      |         ^~~~~
Invoking: MCU C Compiler
arm-none-eabi-gcc -std=gnu99 -D__REDLIB__ -DCPU_MK66FN2M0VMD18 -DCPU_MK66FN2M0VMD18_cm4 -DPRINTF_FLOAT_ENABLE=0 -DSCANF_FLOAT_ENABLE=0 -DPRINTF_ADVANCED_ENABLE=0 -DSCANF_ADVANCED_ENABLE=0 -DFRDM_K66F -DFREEDOM -DMCUXPRESSO_SDK -DSDK_DEBUGCONSOLE=1 -DCR_INTEGER_PRINTF -D__MCUXPRESSO -D__USE_CMSIS -DDEBUG -DSDK_OS_BAREMETAL -I"C:\Users\safeerr\Documents\4ds4-group30-lab1\frdmk66f_hello_world\utilities" -I"C:\Users\safeerr\Documents\4ds4-group30-lab1\frdmk66f_hello_world\drivers" -I"C:\Users\safeerr\Documents\4ds4-group30-lab1\frdmk66f_hello_world\device" -I"C:\Users\safeerr\Documents\4ds4-group30-lab1\frdmk66f_hello_world\component\uart" -I"C:\Users\safeerr\Documents\4ds4-group30-lab1\frdmk66f_hello_world\component\lists" -I"C:\Users\safeerr\Documents\4ds4-group30-lab1\frdmk66f_hello_world\CMSIS" -I"C:\Users\safeerr\Documents\4ds4-group30-lab1\frdmk66f_hello_world\source" -I"C:\Users\safeerr\Documents\4ds4-group30-lab1\frdmk66f_hello_world\board" -O0 -fno-common -g3 -gdwarf-4 -c -ffunction-sections -fdata-sections -ffreestanding -fno-builtin -fmerge-constants -fmacro-prefix-map="../drivers/"= -mcpu=cortex-m4 -mfpu=fpv4-sp-d16 -mfloat-abi=hard -mthumb -D__REDLIB__ -fstack-usage -specs=redlib.specs -MMD -MP -MF"drivers/fsl_ftfx_flash.d" -MT"drivers/fsl_ftfx_flash.o" -MT"drivers/fsl_ftfx_flash.d" -o "drivers/fsl_ftfx_flash.o" "../drivers/fsl_ftfx_flash.c"
Invoking: MCU C Compiler
Invoking: MCU C Compiler
arm-none-eabi-gcc -std=gnu99 -D__REDLIB__ -DCPU_MK66FN2M0VMD18 -DCPU_MK66FN2M0VMD18_cm4 -DPRINTF_FLOAT_ENABLE=0 -DSCANF_FLOAT_ENABLE=0 -DPRINTF_ADVANCED_ENABLE=0 -DSCANF_ADVANCED_ENABLE=0 -DFRDM_K66F -DFREEDOM -DMCUXPRESSO_SDK -DSDK_DEBUGCONSOLE=1 -DCR_INTEGER_PRINTF -D__MCUXPRESSO -D__USE_CMSIS -DDEBUG -DSDK_OS_BAREMETAL -I"C:\Users\safeerr\Documents\4ds4-group30-lab1\frdmk66f_hello_world\utilities" -I"C:\Users\safeerr\Documents\4ds4-group30-lab1\frdmk66f_hello_world\drivers" -I"C:\Users\safeerr\Documents\4ds4-group30-lab1\frdmk66f_hello_world\device" -I"C:\Users\safeerr\Documents\4ds4-group30-lab1\frdmk66f_hello_world\component\uart" -I"C:\Users\safeerr\Documents\4ds4-group30-lab1\frdmk66f_hello_world\component\lists" -I"C:\Users\safeerr\Documents\4ds4-group30-lab1\frdmk66f_hello_world\CMSIS" -I"C:\Users\safeerr\Documents\4ds4-group30-lab1\frdmk66f_hello_world\source" -I"C:\Users\safeerr\Documents\4ds4-group30-lab1\frdmk66f_hello_world\board" -O0 -fno-common -g3 -gdwarf-4 -c -ffunction-sections -fdata-sections -ffreestanding -fno-builtin -fmerge-constants -fmacro-prefix-map="../drivers/"= -mcpu=cortex-m4 -mfpu=fpv4-sp-d16 -mfloat-abi=hard -mthumb -D__REDLIB__ -fstack-usage -specs=redlib.specs -MMD -MP -MF"drivers/fsl_ftfx_controller.d" -MT"drivers/fsl_ftfx_controller.o" -MT"drivers/fsl_ftfx_controller.d" -o "drivers/fsl_ftfx_controller.o" "../drivers/fsl_ftfx_controller.c"
arm-none-eabi-gcc -std=gnu99 -D__REDLIB__ -DCPU_MK66FN2M0VMD18 -DCPU_MK66FN2M0VMD18_cm4 -DPRINTF_FLOAT_ENABLE=0 -DSCANF_FLOAT_ENABLE=0 -DPRINTF_ADVANCED_ENABLE=0 -DSCANF_ADVANCED_ENABLE=0 -DFRDM_K66F -DFREEDOM -DMCUXPRESSO_SDK -DSDK_DEBUGCONSOLE=1 -DCR_INTEGER_PRINTF -D__MCUXPRESSO -D__USE_CMSIS -DDEBUG -DSDK_OS_BAREMETAL -I"C:\Users\safeerr\Documents\4ds4-group30-lab1\frdmk66f_hello_world\utilities" -I"C:\Users\safeerr\Documents\4ds4-group30-lab1\frdmk66f_hello_world\drivers" -I"C:\Users\safeerr\Documents\4ds4-group30-lab1\frdmk66f_hello_world\device" -I"C:\Users\safeerr\Documents\4ds4-group30-lab1\frdmk66f_hello_world\component\uart" -I"C:\Users\safeerr\Documents\4ds4-group30-lab1\frdmk66f_hello_world\component\lists" -I"C:\Users\safeerr\Documents\4ds4-group30-lab1\frdmk66f_hello_world\CMSIS" -I"C:\Users\safeerr\Documents\4ds4-group30-lab1\frdmk66f_hello_world\source" -I"C:\Users\safeerr\Documents\4ds4-group30-lab1\frdmk66f_hello_world\board" -O0 -fno-common -g3 -gdwarf-4 -c -ffunction-sections -fdata-sections -ffreestanding -fno-builtin -fmerge-constants -fmacro-prefix-map="../drivers/"= -mcpu=cortex-m4 -mfpu=fpv4-sp-d16 -mfloat-abi=hard -mthumb -D__REDLIB__ -fstack-usage -specs=redlib.specs -MMD -MP -MF"drivers/fsl_ftfx_flexnvm.d" -MT"drivers/fsl_ftfx_flexnvm.o" -MT"drivers/fsl_ftfx_flexnvm.d" -o "drivers/fsl_ftfx_flexnvm.o" "../drivers/fsl_ftfx_flexnvm.c"
make[1]: *** [source/subdir.mk:23: source/hello_world.o] Error 1
make[1]: *** Waiting for unfinished jobs....
Finished building: ../source/semihost_hardfault.c
Finished building: ../startup/startup_mk66f18.c
 
 
Finished building: ../utilities/fsl_assert.c
Finished building: ../utilities/fsl_debug_console.c
 
 
Finished building: ../drivers/fsl_common.c
Finished building: ../drivers/fsl_common_arm.c
 
 
Finished building: ../drivers/fsl_ftfx_cache.c
 
Finished building: ../drivers/fsl_clock.c
Finished building: ../drivers/fsl_ftfx_flexnvm.c
 
 
Finished building: ../drivers/fsl_ftfx_flash.c
Finished building: ../drivers/fsl_ftfx_controller.c
 
 
make: *** [makefile:42: all] Error 2
"make -r -j12 all" terminated with exit code 2. Build might be incomplete.
15:26:36 **** Incremental Build of configuration Debug for project frdmk66f_hello_world ****
make -r -j12 all 
Building file: ../source/hello_world.c
Building file: ../drivers/fsl_ftm.c
Building file: ../drivers/fsl_gpio.c
Building file: ../drivers/fsl_lpuart.c
Invoking: MCU C Compiler
arm-none-eabi-gcc -std=gnu99 -D__REDLIB__ -DCPU_MK66FN2M0VMD18 -DCPU_MK66FN2M0VMD18_cm4 -DPRINTF_FLOAT_ENABLE=0 -DSCANF_FLOAT_ENABLE=0 -DPRINTF_ADVANCED_ENABLE=0 -DSCANF_ADVANCED_ENABLE=0 -DFRDM_K66F -DFREEDOM -DMCUXPRESSO_SDK -DSDK_DEBUGCONSOLE=1 -DCR_INTEGER_PRINTF -D__MCUXPRESSO -D__USE_CMSIS -DDEBUG -DSDK_OS_BAREMETAL -I"C:\Users\safeerr\Documents\4ds4-group30-lab1\frdmk66f_hello_world\utilities" -I"C:\Users\safeerr\Documents\4ds4-group30-lab1\frdmk66f_hello_world\drivers" -I"C:\Users\safeerr\Documents\4ds4-group30-lab1\frdmk66f_hello_world\device" -I"C:\Users\safeerr\Documents\4ds4-group30-lab1\frdmk66f_hello_world\component\uart" -I"C:\Users\safeerr\Documents\4ds4-group30-lab1\frdmk66f_hello_world\component\lists" -I"C:\Users\safeerr\Documents\4ds4-group30-lab1\frdmk66f_hello_world\CMSIS" -I"C:\Users\safeerr\Documents\4ds4-group30-lab1\frdmk66f_hello_world\source" -I"C:\Users\safeerr\Documents\4ds4-group30-lab1\frdmk66f_hello_world\board" -O0 -fno-common -g3 -gdwarf-4 -c -ffunction-sections -fdata-sections -ffreestanding -fno-builtin -fmerge-constants -fmacro-prefix-map="../source/"= -mcpu=cortex-m4 -mfpu=fpv4-sp-d16 -mfloat-abi=hard -mthumb -D__REDLIB__ -fstack-usage -specs=redlib.specs -MMD -MP -MF"source/hello_world.d" -MT"source/hello_world.o" -MT"source/hello_world.d" -o "source/hello_world.o" "../source/hello_world.c"
Invoking: MCU C Compiler
Invoking: MCU C Compiler
arm-none-eabi-gcc -std=gnu99 -D__REDLIB__ -DCPU_MK66FN2M0VMD18 -DCPU_MK66FN2M0VMD18_cm4 -DPRINTF_FLOAT_ENABLE=0 -DSCANF_FLOAT_ENABLE=0 -DPRINTF_ADVANCED_ENABLE=0 -DSCANF_ADVANCED_ENABLE=0 -DFRDM_K66F -DFREEDOM -DMCUXPRESSO_SDK -DSDK_DEBUGCONSOLE=1 -DCR_INTEGER_PRINTF -D__MCUXPRESSO -D__USE_CMSIS -DDEBUG -DSDK_OS_BAREMETAL -I"C:\Users\safeerr\Documents\4ds4-group30-lab1\frdmk66f_hello_world\utilities" -I"C:\Users\safeerr\Documents\4ds4-group30-lab1\frdmk66f_hello_world\drivers" -I"C:\Users\safeerr\Documents\4ds4-group30-lab1\frdmk66f_hello_world\device" -I"C:\Users\safeerr\Documents\4ds4-group30-lab1\frdmk66f_hello_world\component\uart" -I"C:\Users\safeerr\Documents\4ds4-group30-lab1\frdmk66f_hello_world\component\lists" -I"C:\Users\safeerr\Documents\4ds4-group30-lab1\frdmk66f_hello_world\CMSIS" -I"C:\Users\safeerr\Documents\4ds4-group30-lab1\frdmk66f_hello_world\source" -I"C:\Users\safeerr\Documents\4ds4-group30-lab1\frdmk66f_hello_world\board" -O0 -fno-common -g3 -gdwarf-4 -c -ffunction-sections -fdata-sections -ffreestanding -fno-builtin -fmerge-constants -fmacro-prefix-map="../drivers/"= -mcpu=cortex-m4 -mfpu=fpv4-sp-d16 -mfloat-abi=hard -mthumb -D__REDLIB__ -fstack-usage -specs=redlib.specs -MMD -MP -MF"drivers/fsl_ftm.d" -MT"drivers/fsl_ftm.o" -MT"drivers/fsl_ftm.d" -o "drivers/fsl_ftm.o" "../drivers/fsl_ftm.c"
Invoking: MCU C Compiler
arm-none-eabi-gcc -std=gnu99 -D__REDLIB__ -DCPU_MK66FN2M0VMD18 -DCPU_MK66FN2M0VMD18_cm4 -DPRINTF_FLOAT_ENABLE=0 -DSCANF_FLOAT_ENABLE=0 -DPRINTF_ADVANCED_ENABLE=0 -DSCANF_ADVANCED_ENABLE=0 -DFRDM_K66F -DFREEDOM -DMCUXPRESSO_SDK -DSDK_DEBUGCONSOLE=1 -DCR_INTEGER_PRINTF -D__MCUXPRESSO -D__USE_CMSIS -DDEBUG -DSDK_OS_BAREMETAL -I"C:\Users\safeerr\Documents\4ds4-group30-lab1\frdmk66f_hello_world\utilities" -I"C:\Users\safeerr\Documents\4ds4-group30-lab1\frdmk66f_hello_world\drivers" -I"C:\Users\safeerr\Documents\4ds4-group30-lab1\frdmk66f_hello_world\device" -I"C:\Users\safeerr\Documents\4ds4-group30-lab1\frdmk66f_hello_world\component\uart" -I"C:\Users\safeerr\Documents\4ds4-group30-lab1\frdmk66f_hello_world\component\lists" -I"C:\Users\safeerr\Documents\4ds4-group30-lab1\frdmk66f_hello_world\CMSIS" -I"C:\Users\safeerr\Documents\4ds4-group30-lab1\frdmk66f_hello_world\source" -I"C:\Users\safeerr\Documents\4ds4-group30-lab1\frdmk66f_hello_world\board" -O0 -fno-common -g3 -gdwarf-4 -c -ffunction-sections -fdata-sections -ffreestanding -fno-builtin -fmerge-constants -fmacro-prefix-map="../drivers/"= -mcpu=cortex-m4 -mfpu=fpv4-sp-d16 -mfloat-abi=hard -mthumb -D__REDLIB__ -fstack-usage -specs=redlib.specs -MMD -MP -MF"drivers/fsl_gpio.d" -MT"drivers/fsl_gpio.o" -MT"drivers/fsl_gpio.d" -o "drivers/fsl_gpio.o" "../drivers/fsl_gpio.c"
arm-none-eabi-gcc -std=gnu99 -D__REDLIB__ -DCPU_MK66FN2M0VMD18 -DCPU_MK66FN2M0VMD18_cm4 -DPRINTF_FLOAT_ENABLE=0 -DSCANF_FLOAT_ENABLE=0 -DPRINTF_ADVANCED_ENABLE=0 -DSCANF_ADVANCED_ENABLE=0 -DFRDM_K66F -DFREEDOM -DMCUXPRESSO_SDK -DSDK_DEBUGCONSOLE=1 -DCR_INTEGER_PRINTF -D__MCUXPRESSO -D__USE_CMSIS -DDEBUG -DSDK_OS_BAREMETAL -I"C:\Users\safeerr\Documents\4ds4-group30-lab1\frdmk66f_hello_world\utilities" -I"C:\Users\safeerr\Documents\4ds4-group30-lab1\frdmk66f_hello_world\drivers" -I"C:\Users\safeerr\Documents\4ds4-group30-lab1\frdmk66f_hello_world\device" -I"C:\Users\safeerr\Documents\4ds4-group30-lab1\frdmk66f_hello_world\component\uart" -I"C:\Users\safeerr\Documents\4ds4-group30-lab1\frdmk66f_hello_world\component\lists" -I"C:\Users\safeerr\Documents\4ds4-group30-lab1\frdmk66f_hello_world\CMSIS" -I"C:\Users\safeerr\Documents\4ds4-group30-lab1\frdmk66f_hello_world\source" -I"C:\Users\safeerr\Documents\4ds4-group30-lab1\frdmk66f_hello_world\board" -O0 -fno-common -g3 -gdwarf-4 -c -ffunction-sections -fdata-sections -ffreestanding -fno-builtin -fmerge-constants -fmacro-prefix-map="../drivers/"= -mcpu=cortex-m4 -mfpu=fpv4-sp-d16 -mfloat-abi=hard -mthumb -D__REDLIB__ -fstack-usage -specs=redlib.specs -MMD -MP -MF"drivers/fsl_lpuart.d" -MT"drivers/fsl_lpuart.o" -MT"drivers/fsl_lpuart.d" -o "drivers/fsl_lpuart.o" "../drivers/fsl_lpuart.c"
Building file: ../drivers/fsl_smc.c
Building file: ../drivers/fsl_uart.c
Building file: ../device/system_MK66F18.c
Building file: ../component/uart/fsl_adapter_uart.c
Invoking: MCU C Compiler
arm-none-eabi-gcc -std=gnu99 -D__REDLIB__ -DCPU_MK66FN2M0VMD18 -DCPU_MK66FN2M0VMD18_cm4 -DPRINTF_FLOAT_ENABLE=0 -DSCANF_FLOAT_ENABLE=0 -DPRINTF_ADVANCED_ENABLE=0 -DSCANF_ADVANCED_ENABLE=0 -DFRDM_K66F -DFREEDOM -DMCUXPRESSO_SDK -DSDK_DEBUGCONSOLE=1 -DCR_INTEGER_PRINTF -D__MCUXPRESSO -D__USE_CMSIS -DDEBUG -DSDK_OS_BAREMETAL -I"C:\Users\safeerr\Documents\4ds4-group30-lab1\frdmk66f_hello_world\utilities" -I"C:\Users\safeerr\Documents\4ds4-group30-lab1\frdmk66f_hello_world\drivers" -I"C:\Users\safeerr\Documents\4ds4-group30-lab1\frdmk66f_hello_world\device" -I"C:\Users\safeerr\Documents\4ds4-group30-lab1\frdmk66f_hello_world\component\uart" -I"C:\Users\safeerr\Documents\4ds4-group30-lab1\frdmk66f_hello_world\component\lists" -I"C:\Users\safeerr\Documents\4ds4-group30-lab1\frdmk66f_hello_world\CMSIS" -I"C:\Users\safeerr\Documents\4ds4-group30-lab1\frdmk66f_hello_world\source" -I"C:\Users\safeerr\Documents\4ds4-group30-lab1\frdmk66f_hello_world\board" -O0 -fno-common -g3 -gdwarf-4 -c -ffunction-sections -fdata-sections -ffreestanding -fno-builtin -fmerge-constants -fmacro-prefix-map="../drivers/"= -mcpu=cortex-m4 -mfpu=fpv4-sp-d16 -mfloat-abi=hard -mthumb -D__REDLIB__ -fstack-usage -specs=redlib.specs -MMD -MP -MF"drivers/fsl_smc.d" -MT"drivers/fsl_smc.o" -MT"drivers/fsl_smc.d" -o "drivers/fsl_smc.o" "../drivers/fsl_smc.c"
Invoking: MCU C Compiler
Invoking: MCU C Compiler
arm-none-eabi-gcc -std=gnu99 -D__REDLIB__ -DCPU_MK66FN2M0VMD18 -DCPU_MK66FN2M0VMD18_cm4 -DPRINTF_FLOAT_ENABLE=0 -DSCANF_FLOAT_ENABLE=0 -DPRINTF_ADVANCED_ENABLE=0 -DSCANF_ADVANCED_ENABLE=0 -DFRDM_K66F -DFREEDOM -DMCUXPRESSO_SDK -DSDK_DEBUGCONSOLE=1 -DCR_INTEGER_PRINTF -D__MCUXPRESSO -D__USE_CMSIS -DDEBUG -DSDK_OS_BAREMETAL -I"C:\Users\safeerr\Documents\4ds4-group30-lab1\frdmk66f_hello_world\utilities" -I"C:\Users\safeerr\Documents\4ds4-group30-lab1\frdmk66f_hello_world\drivers" -I"C:\Users\safeerr\Documents\4ds4-group30-lab1\frdmk66f_hello_world\device" -I"C:\Users\safeerr\Documents\4ds4-group30-lab1\frdmk66f_hello_world\component\uart" -I"C:\Users\safeerr\Documents\4ds4-group30-lab1\frdmk66f_hello_world\component\lists" -I"C:\Users\safeerr\Documents\4ds4-group30-lab1\frdmk66f_hello_world\CMSIS" -I"C:\Users\safeerr\Documents\4ds4-group30-lab1\frdmk66f_hello_world\source" -I"C:\Users\safeerr\Documents\4ds4-group30-lab1\frdmk66f_hello_world\board" -O0 -fno-common -g3 -gdwarf-4 -c -ffunction-sections -fdata-sections -ffreestanding -fno-builtin -fmerge-constants -fmacro-prefix-map="../drivers/"= -mcpu=cortex-m4 -mfpu=fpv4-sp-d16 -mfloat-abi=hard -mthumb -D__REDLIB__ -fstack-usage -specs=redlib.specs -MMD -MP -MF"drivers/fsl_uart.d" -MT"drivers/fsl_uart.o" -MT"drivers/fsl_uart.d" -o "drivers/fsl_uart.o" "../drivers/fsl_uart.c"
Invoking: MCU C Compiler
arm-none-eabi-gcc -std=gnu99 -D__REDLIB__ -DCPU_MK66FN2M0VMD18 -DCPU_MK66FN2M0VMD18_cm4 -DPRINTF_FLOAT_ENABLE=0 -DSCANF_FLOAT_ENABLE=0 -DPRINTF_ADVANCED_ENABLE=0 -DSCANF_ADVANCED_ENABLE=0 -DFRDM_K66F -DFREEDOM -DMCUXPRESSO_SDK -DSDK_DEBUGCONSOLE=1 -DCR_INTEGER_PRINTF -D__MCUXPRESSO -D__USE_CMSIS -DDEBUG -DSDK_OS_BAREMETAL -I"C:\Users\safeerr\Documents\4ds4-group30-lab1\frdmk66f_hello_world\utilities" -I"C:\Users\safeerr\Documents\4ds4-group30-lab1\frdmk66f_hello_world\drivers" -I"C:\Users\safeerr\Documents\4ds4-group30-lab1\frdmk66f_hello_world\device" -I"C:\Users\safeerr\Documents\4ds4-group30-lab1\frdmk66f_hello_world\component\uart" -I"C:\Users\safeerr\Documents\4ds4-group30-lab1\frdmk66f_hello_world\component\lists" -I"C:\Users\safeerr\Documents\4ds4-group30-lab1\frdmk66f_hello_world\CMSIS" -I"C:\Users\safeerr\Documents\4ds4-group30-lab1\frdmk66f_hello_world\source" -I"C:\Users\safeerr\Documents\4ds4-group30-lab1\frdmk66f_hello_world\board" -O0 -fno-common -g3 -gdwarf-4 -c -ffunction-sections -fdata-sections -ffreestanding -fno-builtin -fmerge-constants -fmacro-prefix-map="../device/"= -mcpu=cortex-m4 -mfpu=fpv4-sp-d16 -mfloat-abi=hard -mthumb -D__REDLIB__ -fstack-usage -specs=redlib.specs -MMD -MP -MF"device/system_MK66F18.d" -MT"device/system_MK66F18.o" -MT"device/system_MK66F18.d" -o "device/system_MK66F18.o" "../device/system_MK66F18.c"
arm-none-eabi-gcc -std=gnu99 -D__REDLIB__ -DCPU_MK66FN2M0VMD18 -DCPU_MK66FN2M0VMD18_cm4 -DPRINTF_FLOAT_ENABLE=0 -DSCANF_FLOAT_ENABLE=0 -DPRINTF_ADVANCED_ENABLE=0 -DSCANF_ADVANCED_ENABLE=0 -DFRDM_K66F -DFREEDOM -DMCUXPRESSO_SDK -DSDK_DEBUGCONSOLE=1 -DCR_INTEGER_PRINTF -D__MCUXPRESSO -D__USE_CMSIS -DDEBUG -DSDK_OS_BAREMETAL -I"C:\Users\safeerr\Documents\4ds4-group30-lab1\frdmk66f_hello_world\utilities" -I"C:\Users\safeerr\Documents\4ds4-group30-lab1\frdmk66f_hello_world\drivers" -I"C:\Users\safeerr\Documents\4ds4-group30-lab1\frdmk66f_hello_world\device" -I"C:\Users\safeerr\Documents\4ds4-group30-lab1\frdmk66f_hello_world\component\uart" -I"C:\Users\safeerr\Documents\4ds4-group30-lab1\frdmk66f_hello_world\component\lists" -I"C:\Users\safeerr\Documents\4ds4-group30-lab1\frdmk66f_hello_world\CMSIS" -I"C:\Users\safeerr\Documents\4ds4-group30-lab1\frdmk66f_hello_world\source" -I"C:\Users\safeerr\Documents\4ds4-group30-lab1\frdmk66f_hello_world\board" -O0 -fno-common -g3 -gdwarf-4 -c -ffunction-sections -fdata-sections -ffreestanding -fno-builtin -fmerge-constants -fmacro-prefix-map="../component/uart/"= -mcpu=cortex-m4 -mfpu=fpv4-sp-d16 -mfloat-abi=hard -mthumb -D__REDLIB__ -fstack-usage -specs=redlib.specs -MMD -MP -MF"component/uart/fsl_adapter_uart.d" -MT"component/uart/fsl_adapter_uart.o" -MT"component/uart/fsl_adapter_uart.d" -o "component/uart/fsl_adapter_uart.o" "../component/uart/fsl_adapter_uart.c"
Building file: ../board/board.c
../source/hello_world.c: In function 'main':
../source/hello_world.c:95:9: warning: implicit declaration of function 'scanf' [-Wimplicit-function-declaration]
Building file: ../component/lists/fsl_component_generic_list.c
   95 |         scanf("s = %d", &input);
      |         ^~~~~
Building file: ../board/pin_mux.c
Building file: ../board/clock_config.c
Invoking: MCU C Compiler
arm-none-eabi-gcc -std=gnu99 -D__REDLIB__ -DCPU_MK66FN2M0VMD18 -DCPU_MK66FN2M0VMD18_cm4 -DPRINTF_FLOAT_ENABLE=0 -DSCANF_FLOAT_ENABLE=0 -DPRINTF_ADVANCED_ENABLE=0 -DSCANF_ADVANCED_ENABLE=0 -DFRDM_K66F -DFREEDOM -DMCUXPRESSO_SDK -DSDK_DEBUGCONSOLE=1 -DCR_INTEGER_PRINTF -D__MCUXPRESSO -D__USE_CMSIS -DDEBUG -DSDK_OS_BAREMETAL -I"C:\Users\safeerr\Documents\4ds4-group30-lab1\frdmk66f_hello_world\utilities" -I"C:\Users\safeerr\Documents\4ds4-group30-lab1\frdmk66f_hello_world\drivers" -I"C:\Users\safeerr\Documents\4ds4-group30-lab1\frdmk66f_hello_world\device" -I"C:\Users\safeerr\Documents\4ds4-group30-lab1\frdmk66f_hello_world\component\uart" -I"C:\Users\safeerr\Documents\4ds4-group30-lab1\frdmk66f_hello_world\component\lists" -I"C:\Users\safeerr\Documents\4ds4-group30-lab1\frdmk66f_hello_world\CMSIS" -I"C:\Users\safeerr\Documents\4ds4-group30-lab1\frdmk66f_hello_world\source" -I"C:\Users\safeerr\Documents\4ds4-group30-lab1\frdmk66f_hello_world\board" -O0 -fno-common -g3 -gdwarf-4 -c -ffunction-sections -fdata-sections -ffreestanding -fno-builtin -fmerge-constants -fmacro-prefix-map="../board/"= -mcpu=cortex-m4 -mfpu=fpv4-sp-d16 -mfloat-abi=hard -mthumb -D__REDLIB__ -fstack-usage -specs=redlib.specs -MMD -MP -MF"board/board.d" -MT"board/board.o" -MT"board/board.d" -o "board/board.o" "../board/board.c"
Invoking: MCU C Compiler
arm-none-eabi-gcc -std=gnu99 -D__REDLIB__ -DCPU_MK66FN2M0VMD18 -DCPU_MK66FN2M0VMD18_cm4 -DPRINTF_FLOAT_ENABLE=0 -DSCANF_FLOAT_ENABLE=0 -DPRINTF_ADVANCED_ENABLE=0 -DSCANF_ADVANCED_ENABLE=0 -DFRDM_K66F -DFREEDOM -DMCUXPRESSO_SDK -DSDK_DEBUGCONSOLE=1 -DCR_INTEGER_PRINTF -D__MCUXPRESSO -D__USE_CMSIS -DDEBUG -DSDK_OS_BAREMETAL -I"C:\Users\safeerr\Documents\4ds4-group30-lab1\frdmk66f_hello_world\utilities" -I"C:\Users\safeerr\Documents\4ds4-group30-lab1\frdmk66f_hello_world\drivers" -I"C:\Users\safeerr\Documents\4ds4-group30-lab1\frdmk66f_hello_world\device" -I"C:\Users\safeerr\Documents\4ds4-group30-lab1\frdmk66f_hello_world\component\uart" -I"C:\Users\safeerr\Documents\4ds4-group30-lab1\frdmk66f_hello_world\component\lists" -I"C:\Users\safeerr\Documents\4ds4-group30-lab1\frdmk66f_hello_world\CMSIS" -I"C:\Users\safeerr\Documents\4ds4-group30-lab1\frdmk66f_hello_world\source" -I"C:\Users\safeerr\Documents\4ds4-group30-lab1\frdmk66f_hello_world\board" -O0 -fno-common -g3 -gdwarf-4 -c -ffunction-sections -fdata-sections -ffreestanding -fno-builtin -fmerge-constants -fmacro-prefix-map="../component/lists/"= -mcpu=cortex-m4 -mfpu=fpv4-sp-d16 -mfloat-abi=hard -mthumb -D__REDLIB__ -fstack-usage -specs=redlib.specs -MMD -MP -MF"component/lists/fsl_component_generic_list.d" -MT"component/lists/fsl_component_generic_list.o" -MT"component/lists/fsl_component_generic_list.d" -o "component/lists/fsl_component_generic_list.o" "../component/lists/fsl_component_generic_list.c"
Invoking: MCU C Compiler
Invoking: MCU C Compiler
arm-none-eabi-gcc -std=gnu99 -D__REDLIB__ -DCPU_MK66FN2M0VMD18 -DCPU_MK66FN2M0VMD18_cm4 -DPRINTF_FLOAT_ENABLE=0 -DSCANF_FLOAT_ENABLE=0 -DPRINTF_ADVANCED_ENABLE=0 -DSCANF_ADVANCED_ENABLE=0 -DFRDM_K66F -DFREEDOM -DMCUXPRESSO_SDK -DSDK_DEBUGCONSOLE=1 -DCR_INTEGER_PRINTF -D__MCUXPRESSO -D__USE_CMSIS -DDEBUG -DSDK_OS_BAREMETAL -I"C:\Users\safeerr\Documents\4ds4-group30-lab1\frdmk66f_hello_world\utilities" -I"C:\Users\safeerr\Documents\4ds4-group30-lab1\frdmk66f_hello_world\drivers" -I"C:\Users\safeerr\Documents\4ds4-group30-lab1\frdmk66f_hello_world\device" -I"C:\Users\safeerr\Documents\4ds4-group30-lab1\frdmk66f_hello_world\component\uart" -I"C:\Users\safeerr\Documents\4ds4-group30-lab1\frdmk66f_hello_world\component\lists" -I"C:\Users\safeerr\Documents\4ds4-group30-lab1\frdmk66f_hello_world\CMSIS" -I"C:\Users\safeerr\Documents\4ds4-group30-lab1\frdmk66f_hello_world\source" -I"C:\Users\safeerr\Documents\4ds4-group30-lab1\frdmk66f_hello_world\board" -O0 -fno-common -g3 -gdwarf-4 -c -ffunction-sections -fdata-sections -ffreestanding -fno-builtin -fmerge-constants -fmacro-prefix-map="../board/"= -mcpu=cortex-m4 -mfpu=fpv4-sp-d16 -mfloat-abi=hard -mthumb -D__REDLIB__ -fstack-usage -specs=redlib.specs -MMD -MP -MF"board/pin_mux.d" -MT"board/pin_mux.o" -MT"board/pin_mux.d" -o "board/pin_mux.o" "../board/pin_mux.c"
arm-none-eabi-gcc -std=gnu99 -D__REDLIB__ -DCPU_MK66FN2M0VMD18 -DCPU_MK66FN2M0VMD18_cm4 -DPRINTF_FLOAT_ENABLE=0 -DSCANF_FLOAT_ENABLE=0 -DPRINTF_ADVANCED_ENABLE=0 -DSCANF_ADVANCED_ENABLE=0 -DFRDM_K66F -DFREEDOM -DMCUXPRESSO_SDK -DSDK_DEBUGCONSOLE=1 -DCR_INTEGER_PRINTF -D__MCUXPRESSO -D__USE_CMSIS -DDEBUG -DSDK_OS_BAREMETAL -I"C:\Users\safeerr\Documents\4ds4-group30-lab1\frdmk66f_hello_world\utilities" -I"C:\Users\safeerr\Documents\4ds4-group30-lab1\frdmk66f_hello_world\drivers" -I"C:\Users\safeerr\Documents\4ds4-group30-lab1\frdmk66f_hello_world\device" -I"C:\Users\safeerr\Documents\4ds4-group30-lab1\frdmk66f_hello_world\component\uart" -I"C:\Users\safeerr\Documents\4ds4-group30-lab1\frdmk66f_hello_world\component\lists" -I"C:\Users\safeerr\Documents\4ds4-group30-lab1\frdmk66f_hello_world\CMSIS" -I"C:\Users\safeerr\Documents\4ds4-group30-lab1\frdmk66f_hello_world\source" -I"C:\Users\safeerr\Documents\4ds4-group30-lab1\frdmk66f_hello_world\board" -O0 -fno-common -g3 -gdwarf-4 -c -ffunction-sections -fdata-sections -ffreestanding -fno-builtin -fmerge-constants -fmacro-prefix-map="../board/"= -mcpu=cortex-m4 -mfpu=fpv4-sp-d16 -mfloat-abi=hard -mthumb -D__REDLIB__ -fstack-usage -specs=redlib.specs -MMD -MP -MF"board/clock_config.d" -MT"board/clock_config.o" -MT"board/clock_config.d" -o "board/clock_config.o" "../board/clock_config.c"
../board/clock_config.c:431:6: error: redefinition of 'BOARD_BootClockRUN'
  431 | void BOARD_BootClockRUN(void)
      |      ^~~~~~~~~~~~~~~~~~
../board/clock_config.c:94:6: note: previous definition of 'BOARD_BootClockRUN' with type 'void(void)'
   94 | void BOARD_BootClockRUN(void)
      |      ^~~~~~~~~~~~~~~~~~
make[1]: *** [board/subdir.mk:26: board/clock_config.o] Error 1
make[1]: *** Waiting for unfinished jobs....
Finished building: ../source/hello_world.c
Finished building: ../drivers/fsl_ftm.c
Finished building: ../drivers/fsl_lpuart.c
 
Finished building: ../drivers/fsl_gpio.c
Finished building: ../drivers/fsl_smc.c
Finished building: ../device/system_MK66F18.c
 
 
 
 
 
Finished building: ../drivers/fsl_uart.c
Finished building: ../board/board.c
Finished building: ../board/pin_mux.c
 
Finished building: ../component/lists/fsl_component_generic_list.c
 
 
 
Finished building: ../component/uart/fsl_adapter_uart.c
 
make: *** [makefile:42: all] Error 2
"make -r -j12 all" terminated with exit code 2. Build might be incomplete.
15:29:41 **** Incremental Build of configuration Debug for project frdmk66f_hello_world ****
make -r -j12 all 
Building file: ../board/clock_config.c
Invoking: MCU C Compiler
arm-none-eabi-gcc -std=gnu99 -D__REDLIB__ -DCPU_MK66FN2M0VMD18 -DCPU_MK66FN2M0VMD18_cm4 -DPRINTF_FLOAT_ENABLE=0 -DSCANF_FLOAT_ENABLE=0 -DPRINTF_ADVANCED_ENABLE=0 -DSCANF_ADVANCED_ENABLE=0 -DFRDM_K66F -DFREEDOM -DMCUXPRESSO_SDK -DSDK_DEBUGCONSOLE=1 -DCR_INTEGER_PRINTF -D__MCUXPRESSO -D__USE_CMSIS -DDEBUG -DSDK_OS_BAREMETAL -I"C:\Users\safeerr\Documents\4ds4-group30-lab1\frdmk66f_hello_world\utilities" -I"C:\Users\safeerr\Documents\4ds4-group30-lab1\frdmk66f_hello_world\drivers" -I"C:\Users\safeerr\Documents\4ds4-group30-lab1\frdmk66f_hello_world\device" -I"C:\Users\safeerr\Documents\4ds4-group30-lab1\frdmk66f_hello_world\component\uart" -I"C:\Users\safeerr\Documents\4ds4-group30-lab1\frdmk66f_hello_world\component\lists" -I"C:\Users\safeerr\Documents\4ds4-group30-lab1\frdmk66f_hello_world\CMSIS" -I"C:\Users\safeerr\Documents\4ds4-group30-lab1\frdmk66f_hello_world\source" -I"C:\Users\safeerr\Documents\4ds4-group30-lab1\frdmk66f_hello_world\board" -O0 -fno-common -g3 -gdwarf-4 -c -ffunction-sections -fdata-sections -ffreestanding -fno-builtin -fmerge-constants -fmacro-prefix-map="../board/"= -mcpu=cortex-m4 -mfpu=fpv4-sp-d16 -mfloat-abi=hard -mthumb -D__REDLIB__ -fstack-usage -specs=redlib.specs -MMD -MP -MF"board/clock_config.d" -MT"board/clock_config.o" -MT"board/clock_config.d" -o "board/clock_config.o" "../board/clock_config.c"
Finished building: ../board/clock_config.c
 
Building target: frdmk66f_hello_world.axf
Invoking: MCU Linker
arm-none-eabi-gcc -nostdlib -Xlinker -Map="frdmk66f_hello_world.map" -Xlinker --gc-sections -Xlinker -print-memory-usage -Xlinker --sort-section=alignment -Xlinker --cref -mcpu=cortex-m4 -mfpu=fpv4-sp-d16 -mfloat-abi=hard -mthumb -T frdmk66f_hello_world_Debug.ld -o "frdmk66f_hello_world.axf" ./utilities/fsl_assert.o ./utilities/fsl_debug_console.o  ./startup/startup_mk66f18.o  ./source/hello_world.o ./source/semihost_hardfault.o  ./drivers/fsl_clock.o ./drivers/fsl_common.o ./drivers/fsl_common_arm.o ./drivers/fsl_ftfx_cache.o ./drivers/fsl_ftfx_controller.o ./drivers/fsl_ftfx_flash.o ./drivers/fsl_ftfx_flexnvm.o ./drivers/fsl_ftm.o ./drivers/fsl_gpio.o ./drivers/fsl_lpuart.o ./drivers/fsl_smc.o ./drivers/fsl_uart.o  ./device/system_MK66F18.o  ./component/uart/fsl_adapter_uart.o  ./component/lists/fsl_component_generic_list.o  ./board/board.o ./board/clock_config.o ./board/pin_mux.o   
Memory region         Used Size  Region Size  %age Used
   PROGRAM_FLASH:       16992 B         2 MB      0.81%
      SRAM_UPPER:        8472 B       192 KB      4.31%
      SRAM_LOWER:          0 GB        64 KB      0.00%
        FLEX_RAM:          0 GB         4 KB      0.00%
Finished building target: frdmk66f_hello_world.axf
 
Performing post-build steps
arm-none-eabi-size "frdmk66f_hello_world.axf"; # arm-none-eabi-objcopy -v -O binary "frdmk66f_hello_world.axf" "frdmk66f_hello_world.bin" ; # checksum -p MK66FN2M0xxx18 -d "frdmk66f_hello_world.bin";
   text	   data	    bss	    dec	    hex	filename
  16968	     24	   8448	  25440	   6360	frdmk66f_hello_world.axf
 
15:30:18 **** Incremental Build of configuration Debug for project frdmk66f_hello_world ****
make -r -j12 all 
make[1]: Nothing to be done for 'main-build'.
Performing post-build steps
arm-none-eabi-size "frdmk66f_hello_world.axf"; # arm-none-eabi-objcopy -v -O binary "frdmk66f_hello_world.axf" "frdmk66f_hello_world.bin" ; # checksum -p MK66FN2M0xxx18 -d "frdmk66f_hello_world.bin";
   text	   data	    bss	    dec	    hex	filename
  16968	     24	   8448	  25440	   6360	frdmk66f_hello_world.axf
 
15:31:17 **** Incremental Build of configuration Debug for project frdmk66f_hello_world ****
make -r -j12 all 
make[1]: Nothing to be done for 'main-build'.
Performing post-build steps
arm-none-eabi-size "frdmk66f_hello_world.axf"; # arm-none-eabi-objcopy -v -O binary "frdmk66f_hello_world.axf" "frdmk66f_hello_world.bin" ; # checksum -p MK66FN2M0xxx18 -d "frdmk66f_hello_world.bin";
   text	   data	    bss	    dec	    hex	filename
  16968	     24	   8448	  25440	   6360	frdmk66f_hello_world.axf
 
15:34:35 **** Incremental Build of configuration Debug for project frdmk66f_hello_world ****
make -r -j12 all 
Building file: ../source/hello_world.c
Invoking: MCU C Compiler
arm-none-eabi-gcc -std=gnu99 -D__REDLIB__ -DCPU_MK66FN2M0VMD18 -DCPU_MK66FN2M0VMD18_cm4 -DPRINTF_FLOAT_ENABLE=0 -DSCANF_FLOAT_ENABLE=0 -DPRINTF_ADVANCED_ENABLE=0 -DSCANF_ADVANCED_ENABLE=0 -DFRDM_K66F -DFREEDOM -DMCUXPRESSO_SDK -DSDK_DEBUGCONSOLE=1 -DCR_INTEGER_PRINTF -D__MCUXPRESSO -D__USE_CMSIS -DDEBUG -DSDK_OS_BAREMETAL -I"C:\Users\safeerr\Documents\4ds4-group30-lab1\frdmk66f_hello_world\utilities" -I"C:\Users\safeerr\Documents\4ds4-group30-lab1\frdmk66f_hello_world\drivers" -I"C:\Users\safeerr\Documents\4ds4-group30-lab1\frdmk66f_hello_world\device" -I"C:\Users\safeerr\Documents\4ds4-group30-lab1\frdmk66f_hello_world\component\uart" -I"C:\Users\safeerr\Documents\4ds4-group30-lab1\frdmk66f_hello_world\component\lists" -I"C:\Users\safeerr\Documents\4ds4-group30-lab1\frdmk66f_hello_world\CMSIS" -I"C:\Users\safeerr\Documents\4ds4-group30-lab1\frdmk66f_hello_world\source" -I"C:\Users\safeerr\Documents\4ds4-group30-lab1\frdmk66f_hello_world\board" -O0 -fno-common -g3 -gdwarf-4 -c -ffunction-sections -fdata-sections -ffreestanding -fno-builtin -fmerge-constants -fmacro-prefix-map="../source/"= -mcpu=cortex-m4 -mfpu=fpv4-sp-d16 -mfloat-abi=hard -mthumb -D__REDLIB__ -fstack-usage -specs=redlib.specs -MMD -MP -MF"source/hello_world.d" -MT"source/hello_world.o" -MT"source/hello_world.d" -o "source/hello_world.o" "../source/hello_world.c"
../source/hello_world.c: In function 'main':
../source/hello_world.c:95:9: warning: implicit declaration of function 'scanf' [-Wimplicit-function-declaration]
   95 |         scanf("s = %d", &input); //user input received as duty cycle, expects value from -100 to 100
      |         ^~~~~
Finished building: ../source/hello_world.c
 
Building target: frdmk66f_hello_world.axf
Invoking: MCU Linker
arm-none-eabi-gcc -nostdlib -Xlinker -Map="frdmk66f_hello_world.map" -Xlinker --gc-sections -Xlinker -print-memory-usage -Xlinker --sort-section=alignment -Xlinker --cref -mcpu=cortex-m4 -mfpu=fpv4-sp-d16 -mfloat-abi=hard -mthumb -T frdmk66f_hello_world_Debug.ld -o "frdmk66f_hello_world.axf" ./utilities/fsl_assert.o ./utilities/fsl_debug_console.o  ./startup/startup_mk66f18.o  ./source/hello_world.o ./source/semihost_hardfault.o  ./drivers/fsl_clock.o ./drivers/fsl_common.o ./drivers/fsl_common_arm.o ./drivers/fsl_ftfx_cache.o ./drivers/fsl_ftfx_controller.o ./drivers/fsl_ftfx_flash.o ./drivers/fsl_ftfx_flexnvm.o ./drivers/fsl_ftm.o ./drivers/fsl_gpio.o ./drivers/fsl_lpuart.o ./drivers/fsl_smc.o ./drivers/fsl_uart.o  ./device/system_MK66F18.o  ./component/uart/fsl_adapter_uart.o  ./component/lists/fsl_component_generic_list.o  ./board/board.o ./board/clock_config.o ./board/pin_mux.o   
Memory region         Used Size  Region Size  %age Used
   PROGRAM_FLASH:       16992 B         2 MB      0.81%
      SRAM_UPPER:        8472 B       192 KB      4.31%
      SRAM_LOWER:          0 GB        64 KB      0.00%
        FLEX_RAM:          0 GB         4 KB      0.00%
Finished building target: frdmk66f_hello_world.axf
 
Performing post-build steps
arm-none-eabi-size "frdmk66f_hello_world.axf"; # arm-none-eabi-objcopy -v -O binary "frdmk66f_hello_world.axf" "frdmk66f_hello_world.bin" ; # checksum -p MK66FN2M0xxx18 -d "frdmk66f_hello_world.bin";
   text	   data	    bss	    dec	    hex	filename
  16968	     24	   8448	  25440	   6360	frdmk66f_hello_world.axf
 
15:35:43 **** Incremental Build of configuration Debug for project frdmk66f_hello_world ****
make -r -j12 all 
make[1]: Nothing to be done for 'main-build'.
Performing post-build steps
arm-none-eabi-size "frdmk66f_hello_world.axf"; # arm-none-eabi-objcopy -v -O binary "frdmk66f_hello_world.axf" "frdmk66f_hello_world.bin" ; # checksum -p MK66FN2M0xxx18 -d "frdmk66f_hello_world.bin";
   text	   data	    bss	    dec	    hex	filename
  16968	     24	   8448	  25440	   6360	frdmk66f_hello_world.axf
 
15:36:53 **** Incremental Build of configuration Debug for project frdmk66f_hello_world ****
make -r -j12 all 
make[1]: Nothing to be done for 'main-build'.
Performing post-build steps
arm-none-eabi-size "frdmk66f_hello_world.axf"; # arm-none-eabi-objcopy -v -O binary "frdmk66f_hello_world.axf" "frdmk66f_hello_world.bin" ; # checksum -p MK66FN2M0xxx18 -d "frdmk66f_hello_world.bin";
   text	   data	    bss	    dec	    hex	filename
  16968	     24	   8448	  25440	   6360	frdmk66f_hello_world.axf
 
15:54:37 **** Incremental Build of configuration Debug for project frdmk66f_hello_world ****
make -r -j12 all 
Building file: ../board/pin_mux.c
Invoking: MCU C Compiler
arm-none-eabi-gcc -std=gnu99 -D__REDLIB__ -DCPU_MK66FN2M0VMD18 -DCPU_MK66FN2M0VMD18_cm4 -DPRINTF_FLOAT_ENABLE=0 -DSCANF_FLOAT_ENABLE=0 -DPRINTF_ADVANCED_ENABLE=0 -DSCANF_ADVANCED_ENABLE=0 -DFRDM_K66F -DFREEDOM -DMCUXPRESSO_SDK -DSDK_DEBUGCONSOLE=1 -DCR_INTEGER_PRINTF -D__MCUXPRESSO -D__USE_CMSIS -DDEBUG -DSDK_OS_BAREMETAL -I"C:\Users\safeerr\Documents\4ds4-group30-lab1\frdmk66f_hello_world\utilities" -I"C:\Users\safeerr\Documents\4ds4-group30-lab1\frdmk66f_hello_world\drivers" -I"C:\Users\safeerr\Documents\4ds4-group30-lab1\frdmk66f_hello_world\device" -I"C:\Users\safeerr\Documents\4ds4-group30-lab1\frdmk66f_hello_world\component\uart" -I"C:\Users\safeerr\Documents\4ds4-group30-lab1\frdmk66f_hello_world\component\lists" -I"C:\Users\safeerr\Documents\4ds4-group30-lab1\frdmk66f_hello_world\CMSIS" -I"C:\Users\safeerr\Documents\4ds4-group30-lab1\frdmk66f_hello_world\source" -I"C:\Users\safeerr\Documents\4ds4-group30-lab1\frdmk66f_hello_world\board" -O0 -fno-common -g3 -gdwarf-4 -c -ffunction-sections -fdata-sections -ffreestanding -fno-builtin -fmerge-constants -fmacro-prefix-map="../board/"= -mcpu=cortex-m4 -mfpu=fpv4-sp-d16 -mfloat-abi=hard -mthumb -D__REDLIB__ -fstack-usage -specs=redlib.specs -MMD -MP -MF"board/pin_mux.d" -MT"board/pin_mux.o" -MT"board/pin_mux.d" -o "board/pin_mux.o" "../board/pin_mux.c"
Finished building: ../board/pin_mux.c
 
Building target: frdmk66f_hello_world.axf
Invoking: MCU Linker
arm-none-eabi-gcc -nostdlib -Xlinker -Map="frdmk66f_hello_world.map" -Xlinker --gc-sections -Xlinker -print-memory-usage -Xlinker --sort-section=alignment -Xlinker --cref -mcpu=cortex-m4 -mfpu=fpv4-sp-d16 -mfloat-abi=hard -mthumb -T frdmk66f_hello_world_Debug.ld -o "frdmk66f_hello_world.axf" ./utilities/fsl_assert.o ./utilities/fsl_debug_console.o  ./startup/startup_mk66f18.o  ./source/hello_world.o ./source/semihost_hardfault.o  ./drivers/fsl_clock.o ./drivers/fsl_common.o ./drivers/fsl_common_arm.o ./drivers/fsl_ftfx_cache.o ./drivers/fsl_ftfx_controller.o ./drivers/fsl_ftfx_flash.o ./drivers/fsl_ftfx_flexnvm.o ./drivers/fsl_ftm.o ./drivers/fsl_gpio.o ./drivers/fsl_lpuart.o ./drivers/fsl_smc.o ./drivers/fsl_uart.o  ./device/system_MK66F18.o  ./component/uart/fsl_adapter_uart.o  ./component/lists/fsl_component_generic_list.o  ./board/board.o ./board/clock_config.o ./board/pin_mux.o   
Memory region         Used Size  Region Size  %age Used
   PROGRAM_FLASH:       16992 B         2 MB      0.81%
      SRAM_UPPER:        8472 B       192 KB      4.31%
      SRAM_LOWER:          0 GB        64 KB      0.00%
        FLEX_RAM:          0 GB         4 KB      0.00%
Finished building target: frdmk66f_hello_world.axf
 
Performing post-build steps
arm-none-eabi-size "frdmk66f_hello_world.axf"; # arm-none-eabi-objcopy -v -O binary "frdmk66f_hello_world.axf" "frdmk66f_hello_world.bin" ; # checksum -p MK66FN2M0xxx18 -d "frdmk66f_hello_world.bin";
   text	   data	    bss	    dec	    hex	filename
  16968	     24	   8448	  25440	   6360	frdmk66f_hello_world.axf
 
15:54:44 **** Incremental Build of configuration Debug for project frdmk66f_hello_world ****
make -r -j12 all 
make[1]: Nothing to be done for 'main-build'.
Performing post-build steps
arm-none-eabi-size "frdmk66f_hello_world.axf"; # arm-none-eabi-objcopy -v -O binary "frdmk66f_hello_world.axf" "frdmk66f_hello_world.bin" ; # checksum -p MK66FN2M0xxx18 -d "frdmk66f_hello_world.bin";
   text	   data	    bss	    dec	    hex	filename
  16968	     24	   8448	  25440	   6360	frdmk66f_hello_world.axf
 
15:55:40 **** Incremental Build of configuration Debug for project frdmk66f_hello_world ****
make -r -j12 all 
make[1]: Nothing to be done for 'main-build'.
Performing post-build steps
arm-none-eabi-size "frdmk66f_hello_world.axf"; # arm-none-eabi-objcopy -v -O binary "frdmk66f_hello_world.axf" "frdmk66f_hello_world.bin" ; # checksum -p MK66FN2M0xxx18 -d "frdmk66f_hello_world.bin";
   text	   data	    bss	    dec	    hex	filename
  16968	     24	   8448	  25440	   6360	frdmk66f_hello_world.axf
 
15:56:45 **** Incremental Build of configuration Debug for project frdmk66f_hello_world ****
make -r -j12 all 
Building file: ../board/pin_mux.c
Invoking: MCU C Compiler
arm-none-eabi-gcc -std=gnu99 -D__REDLIB__ -DCPU_MK66FN2M0VMD18 -DCPU_MK66FN2M0VMD18_cm4 -DPRINTF_FLOAT_ENABLE=0 -DSCANF_FLOAT_ENABLE=0 -DPRINTF_ADVANCED_ENABLE=0 -DSCANF_ADVANCED_ENABLE=0 -DFRDM_K66F -DFREEDOM -DMCUXPRESSO_SDK -DSDK_DEBUGCONSOLE=1 -DCR_INTEGER_PRINTF -D__MCUXPRESSO -D__USE_CMSIS -DDEBUG -DSDK_OS_BAREMETAL -I"C:\Users\safeerr\Documents\4ds4-group30-lab1\frdmk66f_hello_world\utilities" -I"C:\Users\safeerr\Documents\4ds4-group30-lab1\frdmk66f_hello_world\drivers" -I"C:\Users\safeerr\Documents\4ds4-group30-lab1\frdmk66f_hello_world\device" -I"C:\Users\safeerr\Documents\4ds4-group30-lab1\frdmk66f_hello_world\component\uart" -I"C:\Users\safeerr\Documents\4ds4-group30-lab1\frdmk66f_hello_world\component\lists" -I"C:\Users\safeerr\Documents\4ds4-group30-lab1\frdmk66f_hello_world\CMSIS" -I"C:\Users\safeerr\Documents\4ds4-group30-lab1\frdmk66f_hello_world\source" -I"C:\Users\safeerr\Documents\4ds4-group30-lab1\frdmk66f_hello_world\board" -O0 -fno-common -g3 -gdwarf-4 -c -ffunction-sections -fdata-sections -ffreestanding -fno-builtin -fmerge-constants -fmacro-prefix-map="../board/"= -mcpu=cortex-m4 -mfpu=fpv4-sp-d16 -mfloat-abi=hard -mthumb -D__REDLIB__ -fstack-usage -specs=redlib.specs -MMD -MP -MF"board/pin_mux.d" -MT"board/pin_mux.o" -MT"board/pin_mux.d" -o "board/pin_mux.o" "../board/pin_mux.c"
Finished building: ../board/pin_mux.c
 
Building target: frdmk66f_hello_world.axf
Invoking: MCU Linker
arm-none-eabi-gcc -nostdlib -Xlinker -Map="frdmk66f_hello_world.map" -Xlinker --gc-sections -Xlinker -print-memory-usage -Xlinker --sort-section=alignment -Xlinker --cref -mcpu=cortex-m4 -mfpu=fpv4-sp-d16 -mfloat-abi=hard -mthumb -T frdmk66f_hello_world_Debug.ld -o "frdmk66f_hello_world.axf" ./utilities/fsl_assert.o ./utilities/fsl_debug_console.o  ./startup/startup_mk66f18.o  ./source/hello_world.o ./source/semihost_hardfault.o  ./drivers/fsl_clock.o ./drivers/fsl_common.o ./drivers/fsl_common_arm.o ./drivers/fsl_ftfx_cache.o ./drivers/fsl_ftfx_controller.o ./drivers/fsl_ftfx_flash.o ./drivers/fsl_ftfx_flexnvm.o ./drivers/fsl_ftm.o ./drivers/fsl_gpio.o ./drivers/fsl_lpuart.o ./drivers/fsl_smc.o ./drivers/fsl_uart.o  ./device/system_MK66F18.o  ./component/uart/fsl_adapter_uart.o  ./component/lists/fsl_component_generic_list.o  ./board/board.o ./board/clock_config.o ./board/pin_mux.o   
Memory region         Used Size  Region Size  %age Used
   PROGRAM_FLASH:       16992 B         2 MB      0.81%
      SRAM_UPPER:        8472 B       192 KB      4.31%
      SRAM_LOWER:          0 GB        64 KB      0.00%
        FLEX_RAM:          0 GB         4 KB      0.00%
Finished building target: frdmk66f_hello_world.axf
 
Performing post-build steps
arm-none-eabi-size "frdmk66f_hello_world.axf"; # arm-none-eabi-objcopy -v -O binary "frdmk66f_hello_world.axf" "frdmk66f_hello_world.bin" ; # checksum -p MK66FN2M0xxx18 -d "frdmk66f_hello_world.bin";
   text	   data	    bss	    dec	    hex	filename
  16968	     24	   8448	  25440	   6360	frdmk66f_hello_world.axf
 
15:56:52 **** Incremental Build of configuration Debug for project frdmk66f_hello_world ****
make -r -j12 all 
make[1]: Nothing to be done for 'main-build'.
Performing post-build steps
arm-none-eabi-size "frdmk66f_hello_world.axf"; # arm-none-eabi-objcopy -v -O binary "frdmk66f_hello_world.axf" "frdmk66f_hello_world.bin" ; # checksum -p MK66FN2M0xxx18 -d "frdmk66f_hello_world.bin";
   text	   data	    bss	    dec	    hex	filename
  16968	     24	   8448	  25440	   6360	frdmk66f_hello_world.axf
 
15:57:48 **** Incremental Build of configuration Debug for project frdmk66f_hello_world ****
make -r -j12 all 
make[1]: Nothing to be done for 'main-build'.
Performing post-build steps
arm-none-eabi-size "frdmk66f_hello_world.axf"; # arm-none-eabi-objcopy -v -O binary "frdmk66f_hello_world.axf" "frdmk66f_hello_world.bin" ; # checksum -p MK66FN2M0xxx18 -d "frdmk66f_hello_world.bin";
   text	   data	    bss	    dec	    hex	filename
  16968	     24	   8448	  25440	   6360	frdmk66f_hello_world.axf
 
15:58:16 **** Incremental Build of configuration Debug for project frdmk66f_hello_world ****
make -r -j12 all 
make[1]: Nothing to be done for 'main-build'.
Performing post-build steps
arm-none-eabi-size "frdmk66f_hello_world.axf"; # arm-none-eabi-objcopy -v -O binary "frdmk66f_hello_world.axf" "frdmk66f_hello_world.bin" ; # checksum -p MK66FN2M0xxx18 -d "frdmk66f_hello_world.bin";
   text	   data	    bss	    dec	    hex	filename
  16968	     24	   8448	  25440	   6360	frdmk66f_hello_world.axf
 
15:59:11 **** Incremental Build of configuration Debug for project frdmk66f_hello_world ****
make -r -j12 all 
Building file: ../source/hello_world.c
Invoking: MCU C Compiler
arm-none-eabi-gcc -std=gnu99 -D__REDLIB__ -DCPU_MK66FN2M0VMD18 -DCPU_MK66FN2M0VMD18_cm4 -DPRINTF_FLOAT_ENABLE=0 -DSCANF_FLOAT_ENABLE=0 -DPRINTF_ADVANCED_ENABLE=0 -DSCANF_ADVANCED_ENABLE=0 -DFRDM_K66F -DFREEDOM -DMCUXPRESSO_SDK -DSDK_DEBUGCONSOLE=1 -DCR_INTEGER_PRINTF -D__MCUXPRESSO -D__USE_CMSIS -DDEBUG -DSDK_OS_BAREMETAL -I"C:\Users\safeerr\Documents\4ds4-group30-lab1\frdmk66f_hello_world\utilities" -I"C:\Users\safeerr\Documents\4ds4-group30-lab1\frdmk66f_hello_world\drivers" -I"C:\Users\safeerr\Documents\4ds4-group30-lab1\frdmk66f_hello_world\device" -I"C:\Users\safeerr\Documents\4ds4-group30-lab1\frdmk66f_hello_world\component\uart" -I"C:\Users\safeerr\Documents\4ds4-group30-lab1\frdmk66f_hello_world\component\lists" -I"C:\Users\safeerr\Documents\4ds4-group30-lab1\frdmk66f_hello_world\CMSIS" -I"C:\Users\safeerr\Documents\4ds4-group30-lab1\frdmk66f_hello_world\source" -I"C:\Users\safeerr\Documents\4ds4-group30-lab1\frdmk66f_hello_world\board" -O0 -fno-common -g3 -gdwarf-4 -c -ffunction-sections -fdata-sections -ffreestanding -fno-builtin -fmerge-constants -fmacro-prefix-map="../source/"= -mcpu=cortex-m4 -mfpu=fpv4-sp-d16 -mfloat-abi=hard -mthumb -D__REDLIB__ -fstack-usage -specs=redlib.specs -MMD -MP -MF"source/hello_world.d" -MT"source/hello_world.o" -MT"source/hello_world.d" -o "source/hello_world.o" "../source/hello_world.c"
../source/hello_world.c: In function 'main':
../source/hello_world.c:95:9: warning: implicit declaration of function 'scanf' [-Wimplicit-function-declaration]
   95 |         scanf("s = %d", &input); //user input received as duty cycle, expects value from -100 to 100
      |         ^~~~~
Finished building: ../source/hello_world.c
 
Building target: frdmk66f_hello_world.axf
Invoking: MCU Linker
arm-none-eabi-gcc -nostdlib -Xlinker -Map="frdmk66f_hello_world.map" -Xlinker --gc-sections -Xlinker -print-memory-usage -Xlinker --sort-section=alignment -Xlinker --cref -mcpu=cortex-m4 -mfpu=fpv4-sp-d16 -mfloat-abi=hard -mthumb -T frdmk66f_hello_world_Debug.ld -o "frdmk66f_hello_world.axf" ./utilities/fsl_assert.o ./utilities/fsl_debug_console.o  ./startup/startup_mk66f18.o  ./source/hello_world.o ./source/semihost_hardfault.o  ./drivers/fsl_clock.o ./drivers/fsl_common.o ./drivers/fsl_common_arm.o ./drivers/fsl_ftfx_cache.o ./drivers/fsl_ftfx_controller.o ./drivers/fsl_ftfx_flash.o ./drivers/fsl_ftfx_flexnvm.o ./drivers/fsl_ftm.o ./drivers/fsl_gpio.o ./drivers/fsl_lpuart.o ./drivers/fsl_smc.o ./drivers/fsl_uart.o  ./device/system_MK66F18.o  ./component/uart/fsl_adapter_uart.o  ./component/lists/fsl_component_generic_list.o  ./board/board.o ./board/clock_config.o ./board/pin_mux.o   
Memory region         Used Size  Region Size  %age Used
   PROGRAM_FLASH:       16864 B         2 MB      0.80%
      SRAM_UPPER:        8472 B       192 KB      4.31%
      SRAM_LOWER:          0 GB        64 KB      0.00%
        FLEX_RAM:          0 GB         4 KB      0.00%
Finished building target: frdmk66f_hello_world.axf
 
Performing post-build steps
arm-none-eabi-size "frdmk66f_hello_world.axf"; # arm-none-eabi-objcopy -v -O binary "frdmk66f_hello_world.axf" "frdmk66f_hello_world.bin" ; # checksum -p MK66FN2M0xxx18 -d "frdmk66f_hello_world.bin";
   text	   data	    bss	    dec	    hex	filename
  16840	     24	   8448	  25312	   62e0	frdmk66f_hello_world.axf
 
16:00:10 **** Incremental Build of configuration Debug for project frdmk66f_hello_world ****
make -r -j12 all 
make[1]: Nothing to be done for 'main-build'.
Performing post-build steps
arm-none-eabi-size "frdmk66f_hello_world.axf"; # arm-none-eabi-objcopy -v -O binary "frdmk66f_hello_world.axf" "frdmk66f_hello_world.bin" ; # checksum -p MK66FN2M0xxx18 -d "frdmk66f_hello_world.bin";
   text	   data	    bss	    dec	    hex	filename
  16840	     24	   8448	  25312	   62e0	frdmk66f_hello_world.axf
 
16:03:26 **** Incremental Build of configuration Debug for project frdmk66f_hello_world ****
make -r -j12 all 
Building file: ../source/hello_world.c
Invoking: MCU C Compiler
arm-none-eabi-gcc -std=gnu99 -D__REDLIB__ -DCPU_MK66FN2M0VMD18 -DCPU_MK66FN2M0VMD18_cm4 -DPRINTF_FLOAT_ENABLE=0 -DSCANF_FLOAT_ENABLE=0 -DPRINTF_ADVANCED_ENABLE=0 -DSCANF_ADVANCED_ENABLE=0 -DFRDM_K66F -DFREEDOM -DMCUXPRESSO_SDK -DSDK_DEBUGCONSOLE=1 -DCR_INTEGER_PRINTF -D__MCUXPRESSO -D__USE_CMSIS -DDEBUG -DSDK_OS_BAREMETAL -I"C:\Users\safeerr\Documents\4ds4-group30-lab1\frdmk66f_hello_world\utilities" -I"C:\Users\safeerr\Documents\4ds4-group30-lab1\frdmk66f_hello_world\drivers" -I"C:\Users\safeerr\Documents\4ds4-group30-lab1\frdmk66f_hello_world\device" -I"C:\Users\safeerr\Documents\4ds4-group30-lab1\frdmk66f_hello_world\component\uart" -I"C:\Users\safeerr\Documents\4ds4-group30-lab1\frdmk66f_hello_world\component\lists" -I"C:\Users\safeerr\Documents\4ds4-group30-lab1\frdmk66f_hello_world\CMSIS" -I"C:\Users\safeerr\Documents\4ds4-group30-lab1\frdmk66f_hello_world\source" -I"C:\Users\safeerr\Documents\4ds4-group30-lab1\frdmk66f_hello_world\board" -O0 -fno-common -g3 -gdwarf-4 -c -ffunction-sections -fdata-sections -ffreestanding -fno-builtin -fmerge-constants -fmacro-prefix-map="../source/"= -mcpu=cortex-m4 -mfpu=fpv4-sp-d16 -mfloat-abi=hard -mthumb -D__REDLIB__ -fstack-usage -specs=redlib.specs -MMD -MP -MF"source/hello_world.d" -MT"source/hello_world.o" -MT"source/hello_world.d" -o "source/hello_world.o" "../source/hello_world.c"
../source/hello_world.c: In function 'main':
../source/hello_world.c:95:9: warning: implicit declaration of function 'scanf' [-Wimplicit-function-declaration]
   95 |         scanf("s = %d", &input); //user input received as duty cycle, expects value from -100 to 100
      |         ^~~~~
Finished building: ../source/hello_world.c
 
Building target: frdmk66f_hello_world.axf
Invoking: MCU Linker
arm-none-eabi-gcc -nostdlib -Xlinker -Map="frdmk66f_hello_world.map" -Xlinker --gc-sections -Xlinker -print-memory-usage -Xlinker --sort-section=alignment -Xlinker --cref -mcpu=cortex-m4 -mfpu=fpv4-sp-d16 -mfloat-abi=hard -mthumb -T frdmk66f_hello_world_Debug.ld -o "frdmk66f_hello_world.axf" ./utilities/fsl_assert.o ./utilities/fsl_debug_console.o  ./startup/startup_mk66f18.o  ./source/hello_world.o ./source/semihost_hardfault.o  ./drivers/fsl_clock.o ./drivers/fsl_common.o ./drivers/fsl_common_arm.o ./drivers/fsl_ftfx_cache.o ./drivers/fsl_ftfx_controller.o ./drivers/fsl_ftfx_flash.o ./drivers/fsl_ftfx_flexnvm.o ./drivers/fsl_ftm.o ./drivers/fsl_gpio.o ./drivers/fsl_lpuart.o ./drivers/fsl_smc.o ./drivers/fsl_uart.o  ./device/system_MK66F18.o  ./component/uart/fsl_adapter_uart.o  ./component/lists/fsl_component_generic_list.o  ./board/board.o ./board/clock_config.o ./board/pin_mux.o   
Memory region         Used Size  Region Size  %age Used
   PROGRAM_FLASH:       16864 B         2 MB      0.80%
      SRAM_UPPER:        8472 B       192 KB      4.31%
      SRAM_LOWER:          0 GB        64 KB      0.00%
        FLEX_RAM:          0 GB         4 KB      0.00%
[...]
Finished building: ../startup/startup_mk66f18.c
 
Building file: ../drivers/fsl_ftm.c
Invoking: MCU C Compiler
arm-none-eabi-gcc -std=gnu99 -DCPU_MK66FN2M0VMD18 -DCPU_MK66FN2M0VMD18_cm4 -DPRINTF_FLOAT_ENABLE=0 -DSCANF_FLOAT_ENABLE=0 -DPRINTF_ADVANCED_ENABLE=0 -DSCANF_ADVANCED_ENABLE=0 -DFRDM_K66F -DFREEDOM -DMCUXPRESSO_SDK -DSDK_DEBUGCONSOLE=0 -DCR_INTEGER_PRINTF -D__MCUXPRESSO -D__USE_CMSIS -DDEBUG -D__REDLIB__ -DSDK_OS_BAREMETAL -I"C:\Users\safeerr\Documents\4DS4-group30-lab1\frdmk66f_hello_world__Lab1_Q2\utilities" -I"C:\Users\safeerr\Documents\4DS4-group30-lab1\frdmk66f_hello_world__Lab1_Q2\drivers" -I"C:\Users\safeerr\Documents\4DS4-group30-lab1\frdmk66f_hello_world__Lab1_Q2\device" -I"C:\Users\safeerr\Documents\4DS4-group30-lab1\frdmk66f_hello_world__Lab1_Q2\component\uart" -I"C:\Users\safeerr\Documents\4DS4-group30-lab1\frdmk66f_hello_world__Lab1_Q2\component\lists" -I"C:\Users\safeerr\Documents\4DS4-group30-lab1\frdmk66f_hello_world__Lab1_Q2\CMSIS" -I"C:\Users\safeerr\Documents\4DS4-group30-lab1\frdmk66f_hello_world__Lab1_Q2\source" -I"C:\Users\safeerr\Documents\4DS4-group30-lab1\frdmk66f_hello_world__Lab1_Q2\board" -O0 -fno-common -g3 -gdwarf-4 -c -ffunction-sections -fdata-sections -ffreestanding -fno-builtin -fmerge-constants -fmacro-prefix-map="../drivers/"= -mcpu=cortex-m4 -mfpu=fpv4-sp-d16 -mfloat-abi=hard -mthumb -D__REDLIB__ -fstack-usage -specs=redlib.specs -MMD -MP -MF"drivers/fsl_ftm.d" -MT"drivers/fsl_ftm.o" -MT"drivers/fsl_ftm.d" -o "drivers/fsl_ftm.o" "../drivers/fsl_ftm.c"
Finished building: ../drivers/fsl_common_arm.c
Finished building: ../utilities/fsl_assert.c
Finished building: ../utilities/fsl_debug_console.c
Finished building: ../drivers/fsl_common.c
 
 
 
 
Finished building: ../drivers/fsl_ftfx_cache.c
Building file: ../drivers/fsl_gpio.c
Building file: ../drivers/fsl_lpuart.c
 
Building file: ../drivers/fsl_smc.c
Building file: ../drivers/fsl_uart.c
Invoking: MCU C Compiler
Invoking: MCU C Compiler
Finished building: ../drivers/fsl_ftfx_flash.c
Building file: ../device/system_MK66F18.c
Invoking: MCU C Compiler
Finished building: ../drivers/fsl_ftfx_controller.c
Finished building: ../drivers/fsl_clock.c
arm-none-eabi-gcc -std=gnu99 -DCPU_MK66FN2M0VMD18 -DCPU_MK66FN2M0VMD18_cm4 -DPRINTF_FLOAT_ENABLE=0 -DSCANF_FLOAT_ENABLE=0 -DPRINTF_ADVANCED_ENABLE=0 -DSCANF_ADVANCED_ENABLE=0 -DFRDM_K66F -DFREEDOM -DMCUXPRESSO_SDK -DSDK_DEBUGCONSOLE=0 -DCR_INTEGER_PRINTF -D__MCUXPRESSO -D__USE_CMSIS -DDEBUG -D__REDLIB__ -DSDK_OS_BAREMETAL -I"C:\Users\safeerr\Documents\4DS4-group30-lab1\frdmk66f_hello_world__Lab1_Q2\utilities" -I"C:\Users\safeerr\Documents\4DS4-group30-lab1\frdmk66f_hello_world__Lab1_Q2\drivers" -I"C:\Users\safeerr\Documents\4DS4-group30-lab1\frdmk66f_hello_world__Lab1_Q2\device" -I"C:\Users\safeerr\Documents\4DS4-group30-lab1\frdmk66f_hello_world__Lab1_Q2\component\uart" -I"C:\Users\safeerr\Documents\4DS4-group30-lab1\frdmk66f_hello_world__Lab1_Q2\component\lists" -I"C:\Users\safeerr\Documents\4DS4-group30-lab1\frdmk66f_hello_world__Lab1_Q2\CMSIS" -I"C:\Users\safeerr\Documents\4DS4-group30-lab1\frdmk66f_hello_world__Lab1_Q2\source" -I"C:\Users\safeerr\Documents\4DS4-group30-lab1\frdmk66f_hello_world__Lab1_Q2\board" -O0 -fno-common -g3 -gdwarf-4 -c -ffunction-sections -fdata-sections -ffreestanding -fno-builtin -fmerge-constants -fmacro-prefix-map="../drivers/"= -mcpu=cortex-m4 -mfpu=fpv4-sp-d16 -mfloat-abi=hard -mthumb -D__REDLIB__ -fstack-usage -specs=redlib.specs -MMD -MP -MF"drivers/fsl_gpio.d" -MT"drivers/fsl_gpio.o" -MT"drivers/fsl_gpio.d" -o "drivers/fsl_gpio.o" "../drivers/fsl_gpio.c"
Finished building: ../source/hello_world.c
Finished building: ../drivers/fsl_dspi.c
Invoking: MCU C Compiler
arm-none-eabi-gcc -std=gnu99 -DCPU_MK66FN2M0VMD18 -DCPU_MK66FN2M0VMD18_cm4 -DPRINTF_FLOAT_ENABLE=0 -DSCANF_FLOAT_ENABLE=0 -DPRINTF_ADVANCED_ENABLE=0 -DSCANF_ADVANCED_ENABLE=0 -DFRDM_K66F -DFREEDOM -DMCUXPRESSO_SDK -DSDK_DEBUGCONSOLE=0 -DCR_INTEGER_PRINTF -D__MCUXPRESSO -D__USE_CMSIS -DDEBUG -D__REDLIB__ -DSDK_OS_BAREMETAL -I"C:\Users\safeerr\Documents\4DS4-group30-lab1\frdmk66f_hello_world__Lab1_Q2\utilities" -I"C:\Users\safeerr\Documents\4DS4-group30-lab1\frdmk66f_hello_world__Lab1_Q2\drivers" -I"C:\Users\safeerr\Documents\4DS4-group30-lab1\frdmk66f_hello_world__Lab1_Q2\device" -I"C:\Users\safeerr\Documents\4DS4-group30-lab1\frdmk66f_hello_world__Lab1_Q2\component\uart" -I"C:\Users\safeerr\Documents\4DS4-group30-lab1\frdmk66f_hello_world__Lab1_Q2\component\lists" -I"C:\Users\safeerr\Documents\4DS4-group30-lab1\frdmk66f_hello_world__Lab1_Q2\CMSIS" -I"C:\Users\safeerr\Documents\4DS4-group30-lab1\frdmk66f_hello_world__Lab1_Q2\source" -I"C:\Users\safeerr\Documents\4DS4-group30-lab1\frdmk66f_hello_world__Lab1_Q2\board" -O0 -fno-common -g3 -gdwarf-4 -c -ffunction-sections -fdata-sections -ffreestanding -fno-builtin -fmerge-constants -fmacro-prefix-map="../drivers/"= -mcpu=cortex-m4 -mfpu=fpv4-sp-d16 -mfloat-abi=hard -mthumb -D__REDLIB__ -fstack-usage -specs=redlib.specs -MMD -MP -MF"drivers/fsl_lpuart.d" -MT"drivers/fsl_lpuart.o" -MT"drivers/fsl_lpuart.d" -o "drivers/fsl_lpuart.o" "../drivers/fsl_lpuart.c"
Finished building: ../drivers/fsl_ftfx_flexnvm.c
arm-none-eabi-gcc -std=gnu99 -DCPU_MK66FN2M0VMD18 -DCPU_MK66FN2M0VMD18_cm4 -DPRINTF_FLOAT_ENABLE=0 -DSCANF_FLOAT_ENABLE=0 -DPRINTF_ADVANCED_ENABLE=0 -DSCANF_ADVANCED_ENABLE=0 -DFRDM_K66F -DFREEDOM -DMCUXPRESSO_SDK -DSDK_DEBUGCONSOLE=0 -DCR_INTEGER_PRINTF -D__MCUXPRESSO -D__USE_CMSIS -DDEBUG -D__REDLIB__ -DSDK_OS_BAREMETAL -I"C:\Users\safeerr\Documents\4DS4-group30-lab1\frdmk66f_hello_world__Lab1_Q2\utilities" -I"C:\Users\safeerr\Documents\4DS4-group30-lab1\frdmk66f_hello_world__Lab1_Q2\drivers" -I"C:\Users\safeerr\Documents\4DS4-group30-lab1\frdmk66f_hello_world__Lab1_Q2\device" -I"C:\Users\safeerr\Documents\4DS4-group30-lab1\frdmk66f_hello_world__Lab1_Q2\component\uart" -I"C:\Users\safeerr\Documents\4DS4-group30-lab1\frdmk66f_hello_world__Lab1_Q2\component\lists" -I"C:\Users\safeerr\Documents\4DS4-group30-lab1\frdmk66f_hello_world__Lab1_Q2\CMSIS" -I"C:\Users\safeerr\Documents\4DS4-group30-lab1\frdmk66f_hello_world__Lab1_Q2\source" -I"C:\Users\safeerr\Documents\4DS4-group30-lab1\frdmk66f_hello_world__Lab1_Q2\board" -O0 -fno-common -g3 -gdwarf-4 -c -ffunction-sections -fdata-sections -ffreestanding -fno-builtin -fmerge-constants -fmacro-prefix-map="../drivers/"= -mcpu=cortex-m4 -mfpu=fpv4-sp-d16 -mfloat-abi=hard -mthumb -D__REDLIB__ -fstack-usage -specs=redlib.specs -MMD -MP -MF"drivers/fsl_smc.d" -MT"drivers/fsl_smc.o" -MT"drivers/fsl_smc.d" -o "drivers/fsl_smc.o" "../drivers/fsl_smc.c"
 
Invoking: MCU C Compiler
 
arm-none-eabi-gcc -std=gnu99 -DCPU_MK66FN2M0VMD18 -DCPU_MK66FN2M0VMD18_cm4 -DPRINTF_FLOAT_ENABLE=0 -DSCANF_FLOAT_ENABLE=0 -DPRINTF_ADVANCED_ENABLE=0 -DSCANF_ADVANCED_ENABLE=0 -DFRDM_K66F -DFREEDOM -DMCUXPRESSO_SDK -DSDK_DEBUGCONSOLE=0 -DCR_INTEGER_PRINTF -D__MCUXPRESSO -D__USE_CMSIS -DDEBUG -D__REDLIB__ -DSDK_OS_BAREMETAL -I"C:\Users\safeerr\Documents\4DS4-group30-lab1\frdmk66f_hello_world__Lab1_Q2\utilities" -I"C:\Users\safeerr\Documents\4DS4-group30-lab1\frdmk66f_hello_world__Lab1_Q2\drivers" -I"C:\Users\safeerr\Documents\4DS4-group30-lab1\frdmk66f_hello_world__Lab1_Q2\device" -I"C:\Users\safeerr\Documents\4DS4-group30-lab1\frdmk66f_hello_world__Lab1_Q2\component\uart" -I"C:\Users\safeerr\Documents\4DS4-group30-lab1\frdmk66f_hello_world__Lab1_Q2\component\lists" -I"C:\Users\safeerr\Documents\4DS4-group30-lab1\frdmk66f_hello_world__Lab1_Q2\CMSIS" -I"C:\Users\safeerr\Documents\4DS4-group30-lab1\frdmk66f_hello_world__Lab1_Q2\source" -I"C:\Users\safeerr\Documents\4DS4-group30-lab1\frdmk66f_hello_world__Lab1_Q2\board" -O0 -fno-common -g3 -gdwarf-4 -c -ffunction-sections -fdata-sections -ffreestanding -fno-builtin -fmerge-constants -fmacro-prefix-map="../drivers/"= -mcpu=cortex-m4 -mfpu=fpv4-sp-d16 -mfloat-abi=hard -mthumb -D__REDLIB__ -fstack-usage -specs=redlib.specs -MMD -MP -MF"drivers/fsl_uart.d" -MT"drivers/fsl_uart.o" -MT"drivers/fsl_uart.d" -o "drivers/fsl_uart.o" "../drivers/fsl_uart.c"
 
 
arm-none-eabi-gcc -std=gnu99 -DCPU_MK66FN2M0VMD18 -DCPU_MK66FN2M0VMD18_cm4 -DPRINTF_FLOAT_ENABLE=0 -DSCANF_FLOAT_ENABLE=0 -DPRINTF_ADVANCED_ENABLE=0 -DSCANF_ADVANCED_ENABLE=0 -DFRDM_K66F -DFREEDOM -DMCUXPRESSO_SDK -DSDK_DEBUGCONSOLE=0 -DCR_INTEGER_PRINTF -D__MCUXPRESSO -D__USE_CMSIS -DDEBUG -D__REDLIB__ -DSDK_OS_BAREMETAL -I"C:\Users\safeerr\Documents\4DS4-group30-lab1\frdmk66f_hello_world__Lab1_Q2\utilities" -I"C:\Users\safeerr\Documents\4DS4-group30-lab1\frdmk66f_hello_world__Lab1_Q2\drivers" -I"C:\Users\safeerr\Documents\4DS4-group30-lab1\frdmk66f_hello_world__Lab1_Q2\device" -I"C:\Users\safeerr\Documents\4DS4-group30-lab1\frdmk66f_hello_world__Lab1_Q2\component\uart" -I"C:\Users\safeerr\Documents\4DS4-group30-lab1\frdmk66f_hello_world__Lab1_Q2\component\lists" -I"C:\Users\safeerr\Documents\4DS4-group30-lab1\frdmk66f_hello_world__Lab1_Q2\CMSIS" -I"C:\Users\safeerr\Documents\4DS4-group30-lab1\frdmk66f_hello_world__Lab1_Q2\source" -I"C:\Users\safeerr\Documents\4DS4-group30-lab1\frdmk66f_hello_world__Lab1_Q2\board" -O0 -fno-common -g3 -gdwarf-4 -c -ffunction-sections -fdata-sections -ffreestanding -fno-builtin -fmerge-constants -fmacro-prefix-map="../device/"= -mcpu=cortex-m4 -mfpu=fpv4-sp-d16 -mfloat-abi=hard -mthumb -D__REDLIB__ -fstack-usage -specs=redlib.specs -MMD -MP -MF"device/system_MK66F18.d" -MT"device/system_MK66F18.o" -MT"device/system_MK66F18.d" -o "device/system_MK66F18.o" "../device/system_MK66F18.c"
 
 
Building file: ../component/uart/fsl_adapter_uart.c
Building file: ../component/lists/fsl_component_generic_list.c
Building file: ../board/board.c
Invoking: MCU C Compiler
Building file: ../board/clock_config.c
Building file: ../board/pin_mux.c
arm-none-eabi-gcc -std=gnu99 -DCPU_MK66FN2M0VMD18 -DCPU_MK66FN2M0VMD18_cm4 -DPRINTF_FLOAT_ENABLE=0 -DSCANF_FLOAT_ENABLE=0 -DPRINTF_ADVANCED_ENABLE=0 -DSCANF_ADVANCED_ENABLE=0 -DFRDM_K66F -DFREEDOM -DMCUXPRESSO_SDK -DSDK_DEBUGCONSOLE=0 -DCR_INTEGER_PRINTF -D__MCUXPRESSO -D__USE_CMSIS -DDEBUG -D__REDLIB__ -DSDK_OS_BAREMETAL -I"C:\Users\safeerr\Documents\4DS4-group30-lab1\frdmk66f_hello_world__Lab1_Q2\utilities" -I"C:\Users\safeerr\Documents\4DS4-group30-lab1\frdmk66f_hello_world__Lab1_Q2\drivers" -I"C:\Users\safeerr\Documents\4DS4-group30-lab1\frdmk66f_hello_world__Lab1_Q2\device" -I"C:\Users\safeerr\Documents\4DS4-group30-lab1\frdmk66f_hello_world__Lab1_Q2\component\uart" -I"C:\Users\safeerr\Documents\4DS4-group30-lab1\frdmk66f_hello_world__Lab1_Q2\component\lists" -I"C:\Users\safeerr\Documents\4DS4-group30-lab1\frdmk66f_hello_world__Lab1_Q2\CMSIS" -I"C:\Users\safeerr\Documents\4DS4-group30-lab1\frdmk66f_hello_world__Lab1_Q2\source" -I"C:\Users\safeerr\Documents\4DS4-group30-lab1\frdmk66f_hello_world__Lab1_Q2\board" -O0 -fno-common -g3 -gdwarf-4 -c -ffunction-sections -fdata-sections -ffreestanding -fno-builtin -fmerge-constants -fmacro-prefix-map="../component/uart/"= -mcpu=cortex-m4 -mfpu=fpv4-sp-d16 -mfloat-abi=hard -mthumb -D__REDLIB__ -fstack-usage -specs=redlib.specs -MMD -MP -MF"component/uart/fsl_adapter_uart.d" -MT"component/uart/fsl_adapter_uart.o" -MT"component/uart/fsl_adapter_uart.d" -o "component/uart/fsl_adapter_uart.o" "../component/uart/fsl_adapter_uart.c"
Invoking: MCU C Compiler
Invoking: MCU C Compiler
arm-none-eabi-gcc -std=gnu99 -DCPU_MK66FN2M0VMD18 -DCPU_MK66FN2M0VMD18_cm4 -DPRINTF_FLOAT_ENABLE=0 -DSCANF_FLOAT_ENABLE=0 -DPRINTF_ADVANCED_ENABLE=0 -DSCANF_ADVANCED_ENABLE=0 -DFRDM_K66F -DFREEDOM -DMCUXPRESSO_SDK -DSDK_DEBUGCONSOLE=0 -DCR_INTEGER_PRINTF -D__MCUXPRESSO -D__USE_CMSIS -DDEBUG -D__REDLIB__ -DSDK_OS_BAREMETAL -I"C:\Users\safeerr\Documents\4DS4-group30-lab1\frdmk66f_hello_world__Lab1_Q2\utilities" -I"C:\Users\safeerr\Documents\4DS4-group30-lab1\frdmk66f_hello_world__Lab1_Q2\drivers" -I"C:\Users\safeerr\Documents\4DS4-group30-lab1\frdmk66f_hello_world__Lab1_Q2\device" -I"C:\Users\safeerr\Documents\4DS4-group30-lab1\frdmk66f_hello_world__Lab1_Q2\component\uart" -I"C:\Users\safeerr\Documents\4DS4-group30-lab1\frdmk66f_hello_world__Lab1_Q2\component\lists" -I"C:\Users\safeerr\Documents\4DS4-group30-lab1\frdmk66f_hello_world__Lab1_Q2\CMSIS" -I"C:\Users\safeerr\Documents\4DS4-group30-lab1\frdmk66f_hello_world__Lab1_Q2\source" -I"C:\Users\safeerr\Documents\4DS4-group30-lab1\frdmk66f_hello_world__Lab1_Q2\board" -O0 -fno-common -g3 -gdwarf-4 -c -ffunction-sections -fdata-sections -ffreestanding -fno-builtin -fmerge-constants -fmacro-prefix-map="../board/"= -mcpu=cortex-m4 -mfpu=fpv4-sp-d16 -mfloat-abi=hard -mthumb -D__REDLIB__ -fstack-usage -specs=redlib.specs -MMD -MP -MF"board/board.d" -MT"board/board.o" -MT"board/board.d" -o "board/board.o" "../board/board.c"
arm-none-eabi-gcc -std=gnu99 -DCPU_MK66FN2M0VMD18 -DCPU_MK66FN2M0VMD18_cm4 -DPRINTF_FLOAT_ENABLE=0 -DSCANF_FLOAT_ENABLE=0 -DPRINTF_ADVANCED_ENABLE=0 -DSCANF_ADVANCED_ENABLE=0 -DFRDM_K66F -DFREEDOM -DMCUXPRESSO_SDK -DSDK_DEBUGCONSOLE=0 -DCR_INTEGER_PRINTF -D__MCUXPRESSO -D__USE_CMSIS -DDEBUG -D__REDLIB__ -DSDK_OS_BAREMETAL -I"C:\Users\safeerr\Documents\4DS4-group30-lab1\frdmk66f_hello_world__Lab1_Q2\utilities" -I"C:\Users\safeerr\Documents\4DS4-group30-lab1\frdmk66f_hello_world__Lab1_Q2\drivers" -I"C:\Users\safeerr\Documents\4DS4-group30-lab1\frdmk66f_hello_world__Lab1_Q2\device" -I"C:\Users\safeerr\Documents\4DS4-group30-lab1\frdmk66f_hello_world__Lab1_Q2\component\uart" -I"C:\Users\safeerr\Documents\4DS4-group30-lab1\frdmk66f_hello_world__Lab1_Q2\component\lists" -I"C:\Users\safeerr\Documents\4DS4-group30-lab1\frdmk66f_hello_world__Lab1_Q2\CMSIS" -I"C:\Users\safeerr\Documents\4DS4-group30-lab1\frdmk66f_hello_world__Lab1_Q2\source" -I"C:\Users\safeerr\Documents\4DS4-group30-lab1\frdmk66f_hello_world__Lab1_Q2\board" -O0 -fno-common -g3 -gdwarf-4 -c -ffunction-sections -fdata-sections -ffreestanding -fno-builtin -fmerge-constants -fmacro-prefix-map="../component/lists/"= -mcpu=cortex-m4 -mfpu=fpv4-sp-d16 -mfloat-abi=hard -mthumb -D__REDLIB__ -fstack-usage -specs=redlib.specs -MMD -MP -MF"component/lists/fsl_component_generic_list.d" -MT"component/lists/fsl_component_generic_list.o" -MT"component/lists/fsl_component_generic_list.d" -o "component/lists/fsl_component_generic_list.o" "../component/lists/fsl_component_generic_list.c"
Invoking: MCU C Compiler
Invoking: MCU C Compiler
arm-none-eabi-gcc -std=gnu99 -DCPU_MK66FN2M0VMD18 -DCPU_MK66FN2M0VMD18_cm4 -DPRINTF_FLOAT_ENABLE=0 -DSCANF_FLOAT_ENABLE=0 -DPRINTF_ADVANCED_ENABLE=0 -DSCANF_ADVANCED_ENABLE=0 -DFRDM_K66F -DFREEDOM -DMCUXPRESSO_SDK -DSDK_DEBUGCONSOLE=0 -DCR_INTEGER_PRINTF -D__MCUXPRESSO -D__USE_CMSIS -DDEBUG -D__REDLIB__ -DSDK_OS_BAREMETAL -I"C:\Users\safeerr\Documents\4DS4-group30-lab1\frdmk66f_hello_world__Lab1_Q2\utilities" -I"C:\Users\safeerr\Documents\4DS4-group30-lab1\frdmk66f_hello_world__Lab1_Q2\drivers" -I"C:\Users\safeerr\Documents\4DS4-group30-lab1\frdmk66f_hello_world__Lab1_Q2\device" -I"C:\Users\safeerr\Documents\4DS4-group30-lab1\frdmk66f_hello_world__Lab1_Q2\component\uart" -I"C:\Users\safeerr\Documents\4DS4-group30-lab1\frdmk66f_hello_world__Lab1_Q2\component\lists" -I"C:\Users\safeerr\Documents\4DS4-group30-lab1\frdmk66f_hello_world__Lab1_Q2\CMSIS" -I"C:\Users\safeerr\Documents\4DS4-group30-lab1\frdmk66f_hello_world__Lab1_Q2\source" -I"C:\Users\safeerr\Documents\4DS4-group30-lab1\frdmk66f_hello_world__Lab1_Q2\board" -O0 -fno-common -g3 -gdwarf-4 -c -ffunction-sections -fdata-sections -ffreestanding -fno-builtin -fmerge-constants -fmacro-prefix-map="../board/"= -mcpu=cortex-m4 -mfpu=fpv4-sp-d16 -mfloat-abi=hard -mthumb -D__REDLIB__ -fstack-usage -specs=redlib.specs -MMD -MP -MF"board/clock_config.d" -MT"board/clock_config.o" -MT"board/clock_config.d" -o "board/clock_config.o" "../board/clock_config.c"
arm-none-eabi-gcc -std=gnu99 -DCPU_MK66FN2M0VMD18 -DCPU_MK66FN2M0VMD18_cm4 -DPRINTF_FLOAT_ENABLE=0 -DSCANF_FLOAT_ENABLE=0 -DPRINTF_ADVANCED_ENABLE=0 -DSCANF_ADVANCED_ENABLE=0 -DFRDM_K66F -DFREEDOM -DMCUXPRESSO_SDK -DSDK_DEBUGCONSOLE=0 -DCR_INTEGER_PRINTF -D__MCUXPRESSO -D__USE_CMSIS -DDEBUG -D__REDLIB__ -DSDK_OS_BAREMETAL -I"C:\Users\safeerr\Documents\4DS4-group30-lab1\frdmk66f_hello_world__Lab1_Q2\utilities" -I"C:\Users\safeerr\Documents\4DS4-group30-lab1\frdmk66f_hello_world__Lab1_Q2\drivers" -I"C:\Users\safeerr\Documents\4DS4-group30-lab1\frdmk66f_hello_world__Lab1_Q2\device" -I"C:\Users\safeerr\Documents\4DS4-group30-lab1\frdmk66f_hello_world__Lab1_Q2\component\uart" -I"C:\Users\safeerr\Documents\4DS4-group30-lab1\frdmk66f_hello_world__Lab1_Q2\component\lists" -I"C:\Users\safeerr\Documents\4DS4-group30-lab1\frdmk66f_hello_world__Lab1_Q2\CMSIS" -I"C:\Users\safeerr\Documents\4DS4-group30-lab1\frdmk66f_hello_world__Lab1_Q2\source" -I"C:\Users\safeerr\Documents\4DS4-group30-lab1\frdmk66f_hello_world__Lab1_Q2\board" -O0 -fno-common -g3 -gdwarf-4 -c -ffunction-sections -fdata-sections -ffreestanding -fno-builtin -fmerge-constants -fmacro-prefix-map="../board/"= -mcpu=cortex-m4 -mfpu=fpv4-sp-d16 -mfloat-abi=hard -mthumb -D__REDLIB__ -fstack-usage -specs=redlib.specs -MMD -MP -MF"board/pin_mux.d" -MT"board/pin_mux.o" -MT"board/pin_mux.d" -o "board/pin_mux.o" "../board/pin_mux.c"
Finished building: ../drivers/fsl_ftm.c
 
Finished building: ../drivers/fsl_gpio.c
Finished building: ../drivers/fsl_smc.c
 
 
Finished building: ../device/system_MK66F18.c
Finished building: ../drivers/fsl_lpuart.c
 
 
Finished building: ../board/clock_config.c
Finished building: ../board/board.c
Finished building: ../component/lists/fsl_component_generic_list.c
 
Finished building: ../drivers/fsl_uart.c
Finished building: ../component/uart/fsl_adapter_uart.c
Finished building: ../board/pin_mux.c
 
 
 
 
 
Building target: frdmk66f_hello_world__Lab1_Q2.axf
Invoking: MCU Linker
arm-none-eabi-gcc -nostdlib -Xlinker -Map="frdmk66f_hello_world__Lab1_Q2.map" -Xlinker --gc-sections -Xlinker -print-memory-usage -Xlinker --sort-section=alignment -Xlinker --cref -mcpu=cortex-m4 -mfpu=fpv4-sp-d16 -mfloat-abi=hard -mthumb -T frdmk66f_hello_world_Lab1_Q2_Debug.ld -o "frdmk66f_hello_world__Lab1_Q2.axf" ./utilities/fsl_assert.o ./utilities/fsl_debug_console.o  ./startup/startup_mk66f18.o  ./source/hello_world.o ./source/semihost_hardfault.o  ./drivers/fsl_clock.o ./drivers/fsl_common.o ./drivers/fsl_common_arm.o ./drivers/fsl_dspi.o ./drivers/fsl_ftfx_cache.o ./drivers/fsl_ftfx_controller.o ./drivers/fsl_ftfx_flash.o ./drivers/fsl_ftfx_flexnvm.o ./drivers/fsl_ftm.o ./drivers/fsl_gpio.o ./drivers/fsl_lpuart.o ./drivers/fsl_smc.o ./drivers/fsl_uart.o  ./device/system_MK66F18.o  ./component/uart/fsl_adapter_uart.o  ./component/lists/fsl_component_generic_list.o  ./board/board.o ./board/clock_config.o ./board/pin_mux.o   
Memory region         Used Size  Region Size  %age Used
   PROGRAM_FLASH:       16944 B         2 MB      0.81%
      SRAM_UPPER:        8480 B       192 KB      4.31%
      SRAM_LOWER:          0 GB        64 KB      0.00%
        FLEX_RAM:          0 GB         4 KB      0.00%
Finished building target: frdmk66f_hello_world__Lab1_Q2.axf
 
Performing post-build steps
arm-none-eabi-size "frdmk66f_hello_world__Lab1_Q2.axf"; # arm-none-eabi-objcopy -v -O binary "frdmk66f_hello_world__Lab1_Q2.axf" "frdmk66f_hello_world__Lab1_Q2.bin" ; # checksum -p MK66FN2M0xxx18 -d "frdmk66f_hello_world__Lab1_Q2.bin";
   text	   data	    bss	    dec	    hex	filename
  16928	     16	   8464	  25408	   6340	frdmk66f_hello_world__Lab1_Q2.axf
 
00:29:06 **** Incremental Build of configuration Debug for project frdmk66f_hello_world_Lab1_Exp4 ****
make -r -j12 all 
make[1]: Nothing to be done for 'main-build'.
Performing post-build steps
arm-none-eabi-size "frdmk66f_hello_world_Lab1_Exp4.axf"; # arm-none-eabi-objcopy -v -O binary "frdmk66f_hello_world_Lab1_Exp4.axf" "frdmk66f_hello_world_Lab1_Exp4.bin" ; # checksum -p MK66FN2M0xxx18 -d "frdmk66f_hello_world_Lab1_Exp4.bin";
   text	   data	    bss	    dec	    hex	filename
  15216	     16	   8456	  23688	   5c88	frdmk66f_hello_world_Lab1_Exp4.axf
 
