15:28:49 **** Incremental Build of configuration Debug for project frdmk66f_hello_world_Q1 ****
make -r -j12 all 
make[1]: Nothing to be done for 'main-build'.
Performing post-build steps
arm-none-eabi-size "frdmk66f_hello_world_Q1.axf"; # arm-none-eabi-objcopy -v -O binary "frdmk66f_hello_world_Q1.axf" "frdmk66f_hello_world_Q1.bin" ; # checksum -p MK66FN2M0xxx18 -d "frdmk66f_hello_world_Q1.bin";
   text	   data	    bss	    dec	    hex	filename
  10944	     16	   8440	  19400	   4bc8	frdmk66f_hello_world_Q1.axf
 

15:28:49 Build Finished. 0 errors, 0 warnings. (took 126ms)

