14:58:58 **** Incremental Build of configuration Debug for project frdmk66f_hello_world__Lab1_Q2 ****
make -r -j12 all 
make[1]: Nothing to be done for 'main-build'.
Performing post-build steps
arm-none-eabi-size "frdmk66f_hello_world__Lab1_Q2.axf"; # arm-none-eabi-objcopy -v -O binary "frdmk66f_hello_world__Lab1_Q2.axf" "frdmk66f_hello_world__Lab1_Q2.bin" ; # checksum -p MK66FN2M0xxx18 -d "frdmk66f_hello_world__Lab1_Q2.bin";
   text	   data	    bss	    dec	    hex	filename
  16928	     16	   8464	  25408	   6340	frdmk66f_hello_world__Lab1_Q2.axf
 

14:58:58 Build Finished. 0 errors, 0 warnings. (took 127ms)

