14:58:58 **** Incremental Build of configuration Debug for project frdmk66f_hello_world ****
make -r -j12 all 
make[1]: Nothing to be done for 'main-build'.
Performing post-build steps
arm-none-eabi-size "frdmk66f_hello_world.axf"; # arm-none-eabi-objcopy -v -O binary "frdmk66f_hello_world.axf" "frdmk66f_hello_world.bin" ; # checksum -p MK66FN2M0xxx18 -d "frdmk66f_hello_world.bin";
   text	   data	    bss	    dec	    hex	filename
  11024	     16	   8440	  19480	   4c18	frdmk66f_hello_world.axf
 

14:58:58 Build Finished. 0 errors, 0 warnings. (took 132ms)

