C:\Users\safeerr\Documents\4DS4-group30-lab1\frdmk66f_ecompass_peripheral_Q5\utilities/fsl_debug_console.h:154:24:DbgConsole_Init	24	static
../board/board.c:26:6:BOARD_InitDebugConsole	16	static
../board/board.c:33:6:BOARD_I2C_Init	32	static
../board/board.c:41:10:BOARD_I2C_Send	48	static
../board/board.c:62:10:BOARD_I2C_Receive	48	static
../board/board.c:83:6:BOARD_Accel_I2C_Init	8	static
../board/board.c:88:10:BOARD_Accel_I2C_Send	40	static
../board/board.c:95:10:BOARD_Accel_I2C_Receive	32	static
../board/board.c:101:6:BOARD_Codec_I2C_Init	8	static
../board/board.c:106:10:BOARD_Codec_I2C_Send	32	static
../board/board.c:113:10:BOARD_Codec_I2C_Receive	32	static
