Archive member included to satisfy reference by file (symbol)

c:/nxp/mcuxpressoide_11.9.0_2144/ide/plugins/com.nxp.mcuxpresso.tools.win32_11.9.0.202307121226/tools/bin/../lib/gcc/arm-none-eabi/12.3.1/../../../../arm-none-eabi/lib/thumb/v7e-m+fp/hard\libcr_semihost_nf.a(_cr__main.o)
                              ./startup/startup_mk66f18.o (__main)
c:/nxp/mcuxpressoide_11.9.0_2144/ide/plugins/com.nxp.mcuxpresso.tools.win32_11.9.0.202307121226/tools/bin/../lib/gcc/arm-none-eabi/12.3.1/../../../../arm-none-eabi/lib/thumb/v7e-m+fp/hard\libcr_c.a(memcpy.o)
                              ./drivers/fsl_ftfx_cache.o (memcpy)
c:/nxp/mcuxpressoide_11.9.0_2144/ide/plugins/com.nxp.mcuxpresso.tools.win32_11.9.0.202307121226/tools/bin/../lib/gcc/arm-none-eabi/12.3.1/../../../../arm-none-eabi/lib/thumb/v7e-m+fp/hard\libcr_c.a(memset.o)
                              ./drivers/fsl_dspi.o (memset)
c:/nxp/mcuxpressoide_11.9.0_2144/ide/plugins/com.nxp.mcuxpresso.tools.win32_11.9.0.202307121226/tools/bin/../lib/gcc/arm-none-eabi/12.3.1/../../../../arm-none-eabi/lib/thumb/v7e-m+fp/hard\libcr_c.a(alloc.o)
                              ./drivers/fsl_common.o (malloc)
c:/nxp/mcuxpressoide_11.9.0_2144/ide/plugins/com.nxp.mcuxpresso.tools.win32_11.9.0.202307121226/tools/bin/../lib/gcc/arm-none-eabi/12.3.1/../../../../arm-none-eabi/lib/thumb/v7e-m+fp/hard\libcr_c.a(initio.o)
                              c:/nxp/mcuxpressoide_11.9.0_2144/ide/plugins/com.nxp.mcuxpresso.tools.win32_11.9.0.202307121226/tools/bin/../lib/gcc/arm-none-eabi/12.3.1/../../../../arm-none-eabi/lib/thumb/v7e-m+fp/hard\libcr_semihost_nf.a(_cr__main.o) (_initio)
c:/nxp/mcuxpressoide_11.9.0_2144/ide/plugins/com.nxp.mcuxpresso.tools.win32_11.9.0.202307121226/tools/bin/../lib/gcc/arm-none-eabi/12.3.1/../../../../arm-none-eabi/lib/thumb/v7e-m+fp/hard\libcr_c.a(printf.o)
                              ./utilities/fsl_assert.o (_printf)
c:/nxp/mcuxpressoide_11.9.0_2144/ide/plugins/com.nxp.mcuxpresso.tools.win32_11.9.0.202307121226/tools/bin/../lib/gcc/arm-none-eabi/12.3.1/../../../../arm-none-eabi/lib/thumb/v7e-m+fp/hard\libcr_c.a(setvbuf.o)
                              c:/nxp/mcuxpressoide_11.9.0_2144/ide/plugins/com.nxp.mcuxpresso.tools.win32_11.9.0.202307121226/tools/bin/../lib/gcc/arm-none-eabi/12.3.1/../../../../arm-none-eabi/lib/thumb/v7e-m+fp/hard\libcr_c.a(initio.o) (setvbuf)
c:/nxp/mcuxpressoide_11.9.0_2144/ide/plugins/com.nxp.mcuxpresso.tools.win32_11.9.0.202307121226/tools/bin/../lib/gcc/arm-none-eabi/12.3.1/../../../../arm-none-eabi/lib/thumb/v7e-m+fp/hard\libcr_c.a(strlen.o)
                              c:/nxp/mcuxpressoide_11.9.0_2144/ide/plugins/com.nxp.mcuxpresso.tools.win32_11.9.0.202307121226/tools/bin/../lib/gcc/arm-none-eabi/12.3.1/../../../../arm-none-eabi/lib/thumb/v7e-m+fp/hard\libcr_c.a(printf.o) (strlen)
c:/nxp/mcuxpressoide_11.9.0_2144/ide/plugins/com.nxp.mcuxpresso.tools.win32_11.9.0.202307121226/tools/bin/../lib/gcc/arm-none-eabi/12.3.1/../../../../arm-none-eabi/lib/thumb/v7e-m+fp/hard\libcr_c.a(__init_alloc.o)
                              c:/nxp/mcuxpressoide_11.9.0_2144/ide/plugins/com.nxp.mcuxpresso.tools.win32_11.9.0.202307121226/tools/bin/../lib/gcc/arm-none-eabi/12.3.1/../../../../arm-none-eabi/lib/thumb/v7e-m+fp/hard\libcr_c.a(alloc.o) (__heaps)
c:/nxp/mcuxpressoide_11.9.0_2144/ide/plugins/com.nxp.mcuxpresso.tools.win32_11.9.0.202307121226/tools/bin/../lib/gcc/arm-none-eabi/12.3.1/../../../../arm-none-eabi/lib/thumb/v7e-m+fp/hard\libcr_c.a(_cr_sbrk.o)
                              c:/nxp/mcuxpressoide_11.9.0_2144/ide/plugins/com.nxp.mcuxpresso.tools.win32_11.9.0.202307121226/tools/bin/../lib/gcc/arm-none-eabi/12.3.1/../../../../arm-none-eabi/lib/thumb/v7e-m+fp/hard\libcr_c.a(alloc.o) (_sbrk)
c:/nxp/mcuxpressoide_11.9.0_2144/ide/plugins/com.nxp.mcuxpresso.tools.win32_11.9.0.202307121226/tools/bin/../lib/gcc/arm-none-eabi/12.3.1/../../../../arm-none-eabi/lib/thumb/v7e-m+fp/hard\libcr_c.a(_deferredlazyseek.o)
                              c:/nxp/mcuxpressoide_11.9.0_2144/ide/plugins/com.nxp.mcuxpresso.tools.win32_11.9.0.202307121226/tools/bin/../lib/gcc/arm-none-eabi/12.3.1/../../../../arm-none-eabi/lib/thumb/v7e-m+fp/hard\libcr_c.a(printf.o) (__flsbuf)
c:/nxp/mcuxpressoide_11.9.0_2144/ide/plugins/com.nxp.mcuxpresso.tools.win32_11.9.0.202307121226/tools/bin/../lib/gcc/arm-none-eabi/12.3.1/../../../../arm-none-eabi/lib/thumb/v7e-m+fp/hard\libcr_c.a(_fdopen.o)
                              c:/nxp/mcuxpressoide_11.9.0_2144/ide/plugins/com.nxp.mcuxpresso.tools.win32_11.9.0.202307121226/tools/bin/../lib/gcc/arm-none-eabi/12.3.1/../../../../arm-none-eabi/lib/thumb/v7e-m+fp/hard\libcr_c.a(initio.o) (_fdopen)
c:/nxp/mcuxpressoide_11.9.0_2144/ide/plugins/com.nxp.mcuxpresso.tools.win32_11.9.0.202307121226/tools/bin/../lib/gcc/arm-none-eabi/12.3.1/../../../../arm-none-eabi/lib/thumb/v7e-m+fp/hard\libcr_c.a(_fflush.o)
[...]
Memory Configuration

Name             Origin             Length             Attributes
PROGRAM_FLASH    0x00000000         0x00200000         xr
SRAM_UPPER       0x20000000         0x00030000         xrw
SRAM_LOWER       0x1fff0000         0x00010000         xrw
FLEX_RAM         0x14000000         0x00001000         xrw
*default*        0x00000000         0xffffffff

Linker script and memory map

LOAD ./utilities/fsl_assert.o
LOAD ./utilities/fsl_debug_console.o
LOAD ./startup/startup_mk66f18.o
LOAD ./source/hello_world.o
LOAD ./source/semihost_hardfault.o
LOAD ./drivers/fsl_clock.o
LOAD ./drivers/fsl_common.o
LOAD ./drivers/fsl_common_arm.o
LOAD ./drivers/fsl_dspi.o
LOAD ./drivers/fsl_ftfx_cache.o
LOAD ./drivers/fsl_ftfx_controller.o
LOAD ./drivers/fsl_ftfx_flash.o
LOAD ./drivers/fsl_ftfx_flexnvm.o
LOAD ./drivers/fsl_ftm.o
LOAD ./drivers/fsl_gpio.o
LOAD ./drivers/fsl_lpuart.o
LOAD ./drivers/fsl_smc.o
LOAD ./drivers/fsl_uart.o
LOAD ./device/system_MK66F18.o
LOAD ./component/uart/fsl_adapter_uart.o
LOAD ./component/lists/fsl_component_generic_list.o
LOAD ./board/board.o
LOAD ./board/clock_config.o
LOAD ./board/pin_mux.o
START GROUP
LOAD c:/nxp/mcuxpressoide_11.9.0_2144/ide/plugins/com.nxp.mcuxpresso.tools.win32_11.9.0.202307121226/tools/bin/../lib/gcc/arm-none-eabi/12.3.1/../../../../arm-none-eabi/lib/thumb/v7e-m+fp/hard\libcr_semihost_nf.a
LOAD c:/nxp/mcuxpressoide_11.9.0_2144/ide/plugins/com.nxp.mcuxpresso.tools.win32_11.9.0.202307121226/tools/bin/../lib/gcc/arm-none-eabi/12.3.1/../../../../arm-none-eabi/lib/thumb/v7e-m+fp/hard\libcr_c.a
LOAD c:/nxp/mcuxpressoide_11.9.0_2144/ide/plugins/com.nxp.mcuxpresso.tools.win32_11.9.0.202307121226/tools/bin/../lib/gcc/arm-none-eabi/12.3.1/thumb/v7e-m+fp/hard\libcr_eabihelpers.a
LOAD c:/nxp/mcuxpressoide_11.9.0_2144/ide/plugins/com.nxp.mcuxpresso.tools.win32_11.9.0.202307121226/tools/bin/../lib/gcc/arm-none-eabi/12.3.1/thumb/v7e-m+fp/hard\libgcc.a
END GROUP
                0x00000000                        __base_PROGRAM_FLASH = 0x0
                0x00000000                        __base_Flash = 0x0
                0x00200000                        __top_PROGRAM_FLASH = 0x200000
                0x00200000                        __top_Flash = 0x200000
                0x20000000                        __base_SRAM_UPPER = 0x20000000
                0x20000000                        __base_RAM = 0x20000000
                0x20030000                        __top_SRAM_UPPER = 0x20030000
                0x20030000                        __top_RAM = 0x20030000
                0x1fff0000                        __base_SRAM_LOWER = 0x1fff0000
                0x1fff0000                        __base_RAM2 = 0x1fff0000
                0x20000000                        __top_SRAM_LOWER = 0x20000000
                0x20000000                        __top_RAM2 = 0x20000000
                0x14000000                        __base_FLEX_RAM = 0x14000000
                0x14000000                        __base_RAM3 = 0x14000000
                0x14001000                        __top_FLEX_RAM = 0x14001000
                0x14001000                        __top_RAM3 = 0x14001000

.text           0x00000000     0x4248
 FILL mask 0xff
                0x00000000                        __vectors_start__ = ABSOLUTE (.)
 *(SORT_BY_ALIGNMENT(.isr_vector))
 .isr_vector    0x00000000      0x1d0 ./startup/startup_mk66f18.o
                0x00000000                g_pfnVectors
                0x00000000                __Vectors
                0x000001d0                        . = ALIGN (0x4)
                0x000001d0                        __section_table_start = .
                0x000001d0                        __data_section_table = .
                0x000001d0        0x4 LONG 0x4248 LOADADDR (.data)
                0x000001d4        0x4 LONG 0x20000000 ADDR (.data)
                0x000001d8        0x4 LONG 0x10 SIZEOF (.data)
                0x000001dc        0x4 LONG 0x4248 LOADADDR (.data_RAM2)
                0x000001e0        0x4 LONG 0x1fff0000 ADDR (.data_RAM2)
                0x000001e4        0x4 LONG 0x0 SIZEOF (.data_RAM2)
                0x000001e8        0x4 LONG 0x4248 LOADADDR (.data_RAM3)
                0x000001ec        0x4 LONG 0x14000000 ADDR (.data_RAM3)
                0x000001f0        0x4 LONG 0x0 SIZEOF (.data_RAM3)
                0x000001f4                        __data_section_table_end = .
                0x000001f4                        __bss_section_table = .
                0x000001f4        0x4 LONG 0x20000010 ADDR (.bss)
                0x000001f8        0x4 LONG 0x110 SIZEOF (.bss)
                0x000001fc        0x4 LONG 0x1fff0000 ADDR (.bss_RAM2)
                0x00000200        0x4 LONG 0x0 SIZEOF (.bss_RAM2)
                0x00000204        0x4 LONG 0x14000000 ADDR (.bss_RAM3)
                0x00000208        0x4 LONG 0x0 SIZEOF (.bss_RAM3)
                0x0000020c                        __bss_section_table_end = .
                0x0000020c                        __section_table_end = .
 *(SORT_BY_ALIGNMENT(.after_vectors*))
 .after_vectors.reset
                0x0000020c       0x4c ./startup/startup_mk66f18.o
                0x0000020c                ResetISR
 .after_vectors.init_data
                0x00000258       0x1e ./startup/startup_mk66f18.o
                0x00000258                data_init
 .after_vectors.init_bss
                0x00000276       0x12 ./startup/startup_mk66f18.o
                0x00000276                bss_init
 .after_vectors
                0x00000288       0x14 ./startup/startup_mk66f18.o
                0x00000288                NMI_Handler
                0x0000028c                MemManage_Handler
                0x0000028e                BusFault_Handler
                0x00000290                UsageFault_Handler
                0x00000292                SVC_Handler
                0x00000294                DebugMon_Handler
                0x00000296                PendSV_Handler
                0x00000298                SysTick_Handler
                0x0000029a                FTM1_DriverIRQHandler
                0x0000029a                FTM2_DriverIRQHandler
                0x0000029a                PIT2_DriverIRQHandler
                0x0000029a                TPM2_DriverIRQHandler
                0x0000029a                SDHC_DriverIRQHandler
                0x0000029a                DMA7_DMA23_DriverIRQHandler
                0x0000029a                I2C3_DriverIRQHandler
                0x0000029a                I2S0_Tx_DriverIRQHandler
                0x0000029a                TSI0_DriverIRQHandler
                0x0000029a                RTC_Seconds_DriverIRQHandler
                0x0000029a                CMP3_DriverIRQHandler
                0x0000029a                LLWU_DriverIRQHandler
                0x0000029a                MCM_DriverIRQHandler
                0x0000029a                DMA14_DMA30_DriverIRQHandler
                0x0000029a                MCG_DriverIRQHandler
                0x0000029a                ENET_1588_Timer_DriverIRQHandler
                0x0000029a                I2C2_DriverIRQHandler
                0x0000029a                DAC1_DriverIRQHandler
                0x0000029a                DMA_Error_DriverIRQHandler
                0x0000029a                CMP1_DriverIRQHandler
                0x0000029a                USBHSDCD_DriverIRQHandler
                0x0000029a                DMA0_DMA16_DriverIRQHandler
                0x0000029a                FTM0_DriverIRQHandler
                0x0000029a                IntDefaultHandler
                0x0000029a                USB0_DriverIRQHandler
                0x0000029a                PORTC_DriverIRQHandler
                0x0000029a                DMA2_DMA18_DriverIRQHandler
                0x0000029a                DAC0_DriverIRQHandler
                0x0000029a                CMP2_DriverIRQHandler
                0x0000029a                UART2_ERR_DriverIRQHandler
                0x0000029a                LVD_LVW_DriverIRQHandler
                0x0000029a                Reserved84_DriverIRQHandler
                0x0000029a                LPTMR0_DriverIRQHandler
                0x0000029a                RNG_DriverIRQHandler
                0x0000029a                USBDCD_DriverIRQHandler
                0x0000029a                UART3_ERR_DriverIRQHandler
                0x0000029a                DMA12_DMA28_DriverIRQHandler
                0x0000029a                DMA10_DMA26_DriverIRQHandler
                0x0000029a                UART0_ERR_DriverIRQHandler
                0x0000029a                CMT_DriverIRQHandler
                0x0000029a                Reserved71_DriverIRQHandler
                0x0000029a                ADC1_DriverIRQHandler
                0x0000029a                PORTA_DriverIRQHandler
                0x0000029a                DMA1_DMA17_DriverIRQHandler
                0x0000029a                PIT3_DriverIRQHandler
                0x0000029a                PIT1_DriverIRQHandler
                0x0000029a                TPM1_DriverIRQHandler
                0x0000029a                WDOG_EWM_DriverIRQHandler
                0x0000029a                PDB0_DriverIRQHandler
                0x0000029a                DMA8_DMA24_DriverIRQHandler
                0x0000029a                DMA6_DMA22_DriverIRQHandler
                0x0000029a                RTC_DriverIRQHandler
                0x0000029a                I2S0_Rx_DriverIRQHandler
                0x0000029a                Read_Collision_DriverIRQHandler
                0x0000029a                SWI_DriverIRQHandler
                0x0000029a                UART4_ERR_DriverIRQHandler
                0x0000029a                PORTB_DriverIRQHandler
                0x0000029a                DMA13_DMA29_DriverIRQHandler
                0x0000029a                DMA11_DMA27_DriverIRQHandler
                0x0000029a                DMA4_DMA20_DriverIRQHandler
                0x0000029a                DMA9_DMA25_DriverIRQHandler
                0x0000029a                I2C1_DriverIRQHandler
                0x0000029a                ENET_Receive_DriverIRQHandler
                0x0000029a                DMA3_DMA19_DriverIRQHandler
                0x0000029a                ENET_Error_DriverIRQHandler
                0x0000029a                Reserved85_DriverIRQHandler
                0x0000029a                ADC0_DriverIRQHandler
                0x0000029a                USBHS_DriverIRQHandler
                0x0000029a                CMP0_DriverIRQHandler
                0x0000029a                CAN0_DriverIRQHandler
                0x0000029a                FTM3_DriverIRQHandler
                0x0000029a                DMA5_DMA21_DriverIRQHandler
                0x0000029a                PIT0_DriverIRQHandler
                0x0000029a                DMA15_DMA31_DriverIRQHandler
                0x0000029a                UART1_ERR_DriverIRQHandler
                0x0000029a                ENET_Transmit_DriverIRQHandler
                0x0000029a                PORTD_DriverIRQHandler
                0x0000029a                Reserved46_DriverIRQHandler
                0x0000029a                PORTE_DriverIRQHandler
                0x0000029a                FTFE_DriverIRQHandler
                0x0000029a                I2C0_DriverIRQHandler
                0x0000029a                CAN1_DriverIRQHandler
                0x00000400                        . = 0x400
 *fill*         0x0000029c      0x164 ff
                0x00000400                        PROVIDE (__FLASH_CONFIG_START__ = .)
 *(SORT_BY_ALIGNMENT(.FlashConfig))
 .FlashConfig   0x00000400       0x10 ./startup/startup_mk66f18.o
                0x00000400                Flash_Config
                0x00000410                        PROVIDE (__FLASH_CONFIG_END__ = .)
                0x00000001                        ASSERT (! ((__FLASH_CONFIG_START__ == __FLASH_CONFIG_END__)), Linker Flash Config Support Enabled, but no .FlashConfig section provided within application)
 *(SORT_BY_ALIGNMENT(.text*))
 .text.main     0x00000410      0x17c ./source/hello_world.o
                0x00000410                main
 .text.__assertion_failed
                0x0000058c       0x18 ./utilities/fsl_assert.o
                0x0000058c                __assertion_failed
 .text.__NVIC_EnableIRQ
                0x000005a4       0x3c ./source/hello_world.o
 .text.setupPWM
                0x000005e0       0x94 ./source/hello_world.o
                0x000005e0                setupPWM
 .text.updatePWM_dutyCycle
                0x00000674       0x74 ./source/hello_world.o
                0x00000674                updatePWM_dutyCycle
 .text.setupUART
                0x000006e8       0x54 ./source/hello_world.o
                0x000006e8                setupUART
 .text.UART4_RX_TX_IRQHandler
                0x0000073c       0x40 ./source/hello_world.o
                0x0000073c                UART4_RX_TX_IRQHandler
 .text.CLOCK_SetEr32kClock
                0x0000077c       0x30 ./drivers/fsl_clock.o
 .text.CLOCK_SetPllFllSelClock
                0x000007ac       0x54 ./drivers/fsl_clock.o
 .text.CLOCK_GetMcgExtClkFreq
                0x00000800       0x7c ./drivers/fsl_clock.o
 .text.CLOCK_GetFllExtRefClkFreq
                0x0000087c       0xb0 ./drivers/fsl_clock.o
 .text.CLOCK_GetInternalRefClkSelectFreq
                0x0000092c       0x4c ./drivers/fsl_clock.o
 .text.CLOCK_GetFllRefClkFreq
                0x00000978       0x34 ./drivers/fsl_clock.o
 .text.CLOCK_GetOsc0ErClkUndivFreq
                0x000009ac       0x44 ./drivers/fsl_clock.o
                0x000009ac                CLOCK_GetOsc0ErClkUndivFreq
 .text.CLOCK_GetOsc0ErClkDivFreq
                0x000009f0       0x58 ./drivers/fsl_clock.o
                0x000009f0                CLOCK_GetOsc0ErClkDivFreq
 .text.CLOCK_GetEr32kClkFreq
                0x00000a48       0x74 ./drivers/fsl_clock.o
                0x00000a48                CLOCK_GetEr32kClkFreq
 .text.CLOCK_GetPllFllSelClkFreq
                0x00000abc       0x90 ./drivers/fsl_clock.o
                0x00000abc                CLOCK_GetPllFllSelClkFreq
 .text.CLOCK_GetCoreSysClkFreq
                0x00000b4c       0x28 ./drivers/fsl_clock.o
                0x00000b4c                CLOCK_GetCoreSysClkFreq
 .text.CLOCK_GetFreq
                0x00000b74      0x148 ./drivers/fsl_clock.o
                0x00000b74                CLOCK_GetFreq
 .text.CLOCK_SetSimConfig
                0x00000cbc       0x40 ./drivers/fsl_clock.o
                0x00000cbc                CLOCK_SetSimConfig
 .text.CLOCK_GetOutClkFreq
                0x00000cfc       0x90 ./drivers/fsl_clock.o
                0x00000cfc                CLOCK_GetOutClkFreq
 .text.CLOCK_GetFllFreq
                0x00000d8c       0x84 ./drivers/fsl_clock.o
                0x00000d8c                CLOCK_GetFllFreq
 .text.CLOCK_GetInternalRefClkFreq
                0x00000e10       0x30 ./drivers/fsl_clock.o
                0x00000e10                CLOCK_GetInternalRefClkFreq
 .text.CLOCK_GetPll0Freq
                0x00000e40       0x7c ./drivers/fsl_clock.o
                0x00000e40                CLOCK_GetPll0Freq
 .text.CLOCK_GetExtPllFreq
                0x00000ebc       0x18 ./drivers/fsl_clock.o
                0x00000ebc                CLOCK_GetExtPllFreq
 .text.CLOCK_SetExternalRefClkConfig
                0x00000ed4       0x6c ./drivers/fsl_clock.o
                0x00000ed4                CLOCK_SetExternalRefClkConfig
 .text.CLOCK_SetInternalRefClkConfig
                0x00000f40      0x104 ./drivers/fsl_clock.o
                0x00000f40                CLOCK_SetInternalRefClkConfig
 .text.DSPI_CommonIRQHandler
                0x00001044       0x44 ./drivers/fsl_dspi.o
 .text.SPI0_DriverIRQHandler
                0x00001088       0x30 ./drivers/fsl_dspi.o
                0x00001088                SPI0_DriverIRQHandler
 .text.SPI1_DriverIRQHandler
                0x000010b8       0x30 ./drivers/fsl_dspi.o
                0x000010b8                SPI1_DriverIRQHandler
 .text.SPI2_DriverIRQHandler
                0x000010e8       0x30 ./drivers/fsl_dspi.o
                0x000010e8                SPI2_DriverIRQHandler
 .text.FTM_GetInstance
                0x00001118       0x54 ./drivers/fsl_ftm.o
 .text.FTM_SetPwmSync
                0x0000116c      0x140 ./drivers/fsl_ftm.o
 .text.FTM_SetReloadPoints
                0x000012ac      0x138 ./drivers/fsl_ftm.o
 .text.FTM_Init
                0x000013e4       0xf4 ./drivers/fsl_ftm.o
                0x000013e4                FTM_Init
 .text.FTM_GetDefaultConfig
                0x000014d8       0x74 ./drivers/fsl_ftm.o
                0x000014d8                FTM_GetDefaultConfig
 .text.FTM_SetupPwm
                0x0000154c      0x334 ./drivers/fsl_ftm.o
                0x0000154c                FTM_SetupPwm
 .text.LPUART0_DriverIRQHandler
                0x00001880       0x28 ./drivers/fsl_lpuart.o
                0x00001880                LPUART0_DriverIRQHandler
 .text.UART_GetInstance
                0x000018a8       0x54 ./drivers/fsl_uart.o
                0x000018a8                UART_GetInstance
 .text.UART_Init
                0x000018fc      0x2f4 ./drivers/fsl_uart.o
                0x000018fc                UART_Init
 .text.UART_GetDefaultConfig
                0x00001bf0       0x68 ./drivers/fsl_uart.o
                0x00001bf0                UART_GetDefaultConfig
 .text.UART_EnableInterrupts
                0x00001c58       0x70 ./drivers/fsl_uart.o
                0x00001c58                UART_EnableInterrupts
 .text.UART0_DriverIRQHandler
                0x00001cc8       0x28 ./drivers/fsl_uart.o
                0x00001cc8                UART0_DriverIRQHandler
 .text.UART1_DriverIRQHandler
                0x00001cf0       0x28 ./drivers/fsl_uart.o
                0x00001cf0                UART1_DriverIRQHandler
 .text.UART2_DriverIRQHandler
                0x00001d18       0x28 ./drivers/fsl_uart.o
                0x00001d18                UART2_DriverIRQHandler
 .text.UART3_DriverIRQHandler
                0x00001d40       0x28 ./drivers/fsl_uart.o
                0x00001d40                UART3_DriverIRQHandler
 .text.SystemInit
                0x00001d68       0x3c ./device/system_MK66F18.o
                0x00001d68                SystemInit
 .text.CLOCK_SetSimSafeDivs
                0x00001da4       0x24 ./board/clock_config.o
 .text.CLOCK_CONFIG_SetFllExtRefDiv
                0x00001dc8       0x3c ./board/clock_config.o
 .text.BOARD_BootClockRUN
                0x00001e04       0x3c ./board/clock_config.o
                0x00001e04                BOARD_BootClockRUN
 .text.BOARD_InitPins
                0x00001e40       0xc4 ./board/pin_mux.o
                0x00001e40                BOARD_InitPins
 .text.malloc   0x00001f04       0xe8 c:/nxp/mcuxpressoide_11.9.0_2144/ide/plugins/com.nxp.mcuxpresso.tools.win32_11.9.0.202307121226/tools/bin/../lib/gcc/arm-none-eabi/12.3.1/../../../../arm-none-eabi/lib/thumb/v7e-m+fp/hard\libcr_c.a(alloc.o)
                0x00001f04                malloc
 .text._Csys_alloc
                0x00001fec       0x20 c:/nxp/mcuxpressoide_11.9.0_2144/ide/plugins/com.nxp.mcuxpresso.tools.win32_11.9.0.202307121226/tools/bin/../lib/gcc/arm-none-eabi/12.3.1/../../../../arm-none-eabi/lib/thumb/v7e-m+fp/hard\libcr_c.a(alloc.o)
                0x00001fec                _Csys_alloc
 .text._initio  0x0000200c       0x78 c:/nxp/mcuxpressoide_11.9.0_2144/ide/plugins/com.nxp.mcuxpresso.tools.win32_11.9.0.202307121226/tools/bin/../lib/gcc/arm-none-eabi/12.3.1/../../../../arm-none-eabi/lib/thumb/v7e-m+fp/hard\libcr_c.a(initio.o)
                0x0000200c                _initio
 .text.__vfprintf
                0x00002084      0xb80 c:/nxp/mcuxpressoide_11.9.0_2144/ide/plugins/com.nxp.mcuxpresso.tools.win32_11.9.0.202307121226/tools/bin/../lib/gcc/arm-none-eabi/12.3.1/../../../../arm-none-eabi/lib/thumb/v7e-m+fp/hard\libcr_c.a(printf.o)
                0x00002084                __vfprintf
 .text._vsnprintf
                0x00002c04       0x68 c:/nxp/mcuxpressoide_11.9.0_2144/ide/plugins/com.nxp.mcuxpresso.tools.win32_11.9.0.202307121226/tools/bin/../lib/gcc/arm-none-eabi/12.3.1/../../../../arm-none-eabi/lib/thumb/v7e-m+fp/hard\libcr_c.a(printf.o)
                0x00002c04                _vsnprintf
 .text._printf  0x00002c6c       0x54 c:/nxp/mcuxpressoide_11.9.0_2144/ide/plugins/com.nxp.mcuxpresso.tools.win32_11.9.0.202307121226/tools/bin/../lib/gcc/arm-none-eabi/12.3.1/../../../../arm-none-eabi/lib/thumb/v7e-m+fp/hard\libcr_c.a(printf.o)
                0x00002c6c                _printf
 .text._sbrk    0x00002cc0       0x3c c:/nxp/mcuxpressoide_11.9.0_2144/ide/plugins/com.nxp.mcuxpresso.tools.win32_11.9.0.202307121226/tools/bin/../lib/gcc/arm-none-eabi/12.3.1/../../../../arm-none-eabi/lib/thumb/v7e-m+fp/hard\libcr_c.a(_cr_sbrk.o)
                0x00002cc0                _sbrk
 .text._Cwritebuf
                0x00002cfc       0x6c c:/nxp/mcuxpressoide_11.9.0_2144/ide/plugins/com.nxp.mcuxpresso.tools.win32_11.9.0.202307121226/tools/bin/../lib/gcc/arm-none-eabi/12.3.1/../../../../arm-none-eabi/lib/thumb/v7e-m+fp/hard\libcr_c.a(_writebuf.o)
                0x00002cfc                _Cwritebuf
 .text.fflush   0x00002d68       0x3c c:/nxp/mcuxpressoide_11.9.0_2144/ide/plugins/com.nxp.mcuxpresso.tools.win32_11.9.0.202307121226/tools/bin/../lib/gcc/arm-none-eabi/12.3.1/../../../../arm-none-eabi/lib/thumb/v7e-m+fp/hard\libcr_c.a(fflush.o)
                0x00002d68                fflush
 .text.fseek    0x00002da4       0xf8 c:/nxp/mcuxpressoide_11.9.0_2144/ide/plugins/com.nxp.mcuxpresso.tools.win32_11.9.0.202307121226/tools/bin/../lib/gcc/arm-none-eabi/12.3.1/../../../../arm-none-eabi/lib/thumb/v7e-m+fp/hard\libcr_c.a(fseek.o)
                0x00002da4                fseek
 .text.ftell    0x00002e9c       0x44 c:/nxp/mcuxpressoide_11.9.0_2144/ide/plugins/com.nxp.mcuxpresso.tools.win32_11.9.0.202307121226/tools/bin/../lib/gcc/arm-none-eabi/12.3.1/../../../../arm-none-eabi/lib/thumb/v7e-m+fp/hard\libcr_c.a(ftell.o)
                0x00002e9c                ftell
 .text.__check_heap_overflow
                0x00002ee0       0x18 c:/nxp/mcuxpressoide_11.9.0_2144/ide/plugins/com.nxp.mcuxpresso.tools.win32_11.9.0.202307121226/tools/bin/../lib/gcc/arm-none-eabi/12.3.1/../../../../arm-none-eabi/lib/thumb/v7e-m+fp/hard\libcr_c.a(_cr_check_heap.o)
                0x00002ee0                __check_heap_overflow
 .text.__aeabi_dsub
                0x00002ef8      0x1b4 c:/nxp/mcuxpressoide_11.9.0_2144/ide/plugins/com.nxp.mcuxpresso.tools.win32_11.9.0.202307121226/tools/bin/../lib/gcc/arm-none-eabi/12.3.1/thumb/v7e-m+fp/hard\libcr_eabihelpers.a(double.o)
                0x00002ef8                __aeabi_dsub
 .text.__aeabi_dadd
                0x000030ac      0x138 c:/nxp/mcuxpressoide_11.9.0_2144/ide/plugins/com.nxp.mcuxpresso.tools.win32_11.9.0.202307121226/tools/bin/../lib/gcc/arm-none-eabi/12.3.1/thumb/v7e-m+fp/hard\libcr_eabihelpers.a(double.o)
                0x000030ac                __aeabi_dadd
 .text.__aeabi_d2f
                0x000031e4       0x58 c:/nxp/mcuxpressoide_11.9.0_2144/ide/plugins/com.nxp.mcuxpresso.tools.win32_11.9.0.202307121226/tools/bin/../lib/gcc/arm-none-eabi/12.3.1/thumb/v7e-m+fp/hard\libcr_eabihelpers.a(double.o)
                0x000031e4                __aeabi_d2f
 .text.__aeabi_f2d
                0x0000323c       0x38 c:/nxp/mcuxpressoide_11.9.0_2144/ide/plugins/com.nxp.mcuxpresso.tools.win32_11.9.0.202307121226/tools/bin/../lib/gcc/arm-none-eabi/12.3.1/thumb/v7e-m+fp/hard\libcr_eabihelpers.a(float.o)
                0x0000323c                __aeabi_f2d
 .text.__sys_appexit
                0x00003274        0xc c:/nxp/mcuxpressoide_11.9.0_2144/ide/plugins/com.nxp.mcuxpresso.tools.win32_11.9.0.202307121226/tools/bin/../lib/gcc/arm-none-eabi/12.3.1/../../../../arm-none-eabi/lib/thumb/v7e-m+fp/hard\libcr_semihost_nf.a(__sys_appexit.o)
                0x00003274                __sys_appexit
                0x00003274                __exit
 .text.DMA0_DMA16_IRQHandler
                0x00003280        0x8 ./startup/startup_mk66f18.o
                0x00003280                DMA0_DMA16_IRQHandler
 .text.DMA1_DMA17_IRQHandler
                0x00003288        0x8 ./startup/startup_mk66f18.o
                0x00003288                DMA1_DMA17_IRQHandler
 .text.DMA2_DMA18_IRQHandler
                0x00003290        0x8 ./startup/startup_mk66f18.o
                0x00003290                DMA2_DMA18_IRQHandler
 .text.DMA3_DMA19_IRQHandler
                0x00003298        0x8 ./startup/startup_mk66f18.o
                0x00003298                DMA3_DMA19_IRQHandler
 .text.DMA4_DMA20_IRQHandler
                0x000032a0        0x8 ./startup/startup_mk66f18.o
                0x000032a0                DMA4_DMA20_IRQHandler
 .text.DMA5_DMA21_IRQHandler
                0x000032a8        0x8 ./startup/startup_mk66f18.o
                0x000032a8                DMA5_DMA21_IRQHandler
 .text.DMA6_DMA22_IRQHandler
                0x000032b0        0x8 ./startup/startup_mk66f18.o
                0x000032b0                DMA6_DMA22_IRQHandler
 .text.DMA7_DMA23_IRQHandler
                0x000032b8        0x8 ./startup/startup_mk66f18.o
                0x000032b8                DMA7_DMA23_IRQHandler
 .text.DMA8_DMA24_IRQHandler
                0x000032c0        0x8 ./startup/startup_mk66f18.o
                0x000032c0                DMA8_DMA24_IRQHandler
 .text.DMA9_DMA25_IRQHandler
                0x000032c8        0x8 ./startup/startup_mk66f18.o
                0x000032c8                DMA9_DMA25_IRQHandler
 .text.DMA10_DMA26_IRQHandler
                0x000032d0        0x8 ./startup/startup_mk66f18.o
                0x000032d0                DMA10_DMA26_IRQHandler
 .text.DMA11_DMA27_IRQHandler
                0x000032d8        0x8 ./startup/startup_mk66f18.o
                0x000032d8                DMA11_DMA27_IRQHandler
 .text.DMA12_DMA28_IRQHandler
                0x000032e0        0x8 ./startup/startup_mk66f18.o
                0x000032e0                DMA12_DMA28_IRQHandler
 .text.DMA13_DMA29_IRQHandler
                0x000032e8        0x8 ./startup/startup_mk66f18.o
                0x000032e8                DMA13_DMA29_IRQHandler
 .text.DMA14_DMA30_IRQHandler
                0x000032f0        0x8 ./startup/startup_mk66f18.o
                0x000032f0                DMA14_DMA30_IRQHandler
 .text.DMA15_DMA31_IRQHandler
                0x000032f8        0x8 ./startup/startup_mk66f18.o
                0x000032f8                DMA15_DMA31_IRQHandler
 .text.DMA_Error_IRQHandler
                0x00003300        0x8 ./startup/startup_mk66f18.o
                0x00003300                DMA_Error_IRQHandler
 .text.MCM_IRQHandler
                0x00003308        0x8 ./startup/startup_mk66f18.o
                0x00003308                MCM_IRQHandler
 .text.FTFE_IRQHandler
                0x00003310        0x8 ./startup/startup_mk66f18.o
                0x00003310                FTFE_IRQHandler
 .text.Read_Collision_IRQHandler
                0x00003318        0x8 ./startup/startup_mk66f18.o
                0x00003318                Read_Collision_IRQHandler
 .text.LVD_LVW_IRQHandler
                0x00003320        0x8 ./startup/startup_mk66f18.o
                0x00003320                LVD_LVW_IRQHandler
 .text.LLWU_IRQHandler
                0x00003328        0x8 ./startup/startup_mk66f18.o
                0x00003328                LLWU_IRQHandler
 .text.WDOG_EWM_IRQHandler
                0x00003330        0x8 ./startup/startup_mk66f18.o
                0x00003330                WDOG_EWM_IRQHandler
 .text.RNG_IRQHandler
                0x00003338        0x8 ./startup/startup_mk66f18.o
                0x00003338                RNG_IRQHandler
 .text.I2C0_IRQHandler
                0x00003340        0x8 ./startup/startup_mk66f18.o
                0x00003340                I2C0_IRQHandler
 .text.I2C1_IRQHandler
                0x00003348        0x8 ./startup/startup_mk66f18.o
                0x00003348                I2C1_IRQHandler
 .text.SPI0_IRQHandler
                0x00003350        0x8 ./startup/startup_mk66f18.o
                0x00003350                SPI0_IRQHandler
 .text.SPI1_IRQHandler
                0x00003358        0x8 ./startup/startup_mk66f18.o
                0x00003358                SPI1_IRQHandler
 .text.I2S0_Tx_IRQHandler
                0x00003360        0x8 ./startup/startup_mk66f18.o
                0x00003360                I2S0_Tx_IRQHandler
 .text.I2S0_Rx_IRQHandler
                0x00003368        0x8 ./startup/startup_mk66f18.o
                0x00003368                I2S0_Rx_IRQHandler
 .text.Reserved46_IRQHandler
                0x00003370        0x8 ./startup/startup_mk66f18.o
                0x00003370                Reserved46_IRQHandler
 .text.UART0_RX_TX_IRQHandler
                0x00003378        0x8 ./startup/startup_mk66f18.o
                0x00003378                UART0_RX_TX_IRQHandler
 .text.UART0_ERR_IRQHandler
                0x00003380        0x8 ./startup/startup_mk66f18.o
                0x00003380                UART0_ERR_IRQHandler
 .text.UART1_RX_TX_IRQHandler
                0x00003388        0x8 ./startup/startup_mk66f18.o
                0x00003388                UART1_RX_TX_IRQHandler
 .text.UART1_ERR_IRQHandler
                0x00003390        0x8 ./startup/startup_mk66f18.o
                0x00003390                UART1_ERR_IRQHandler
 .text.UART2_RX_TX_IRQHandler
                0x00003398        0x8 ./startup/startup_mk66f18.o
                0x00003398                UART2_RX_TX_IRQHandler
 .text.UART2_ERR_IRQHandler
                0x000033a0        0x8 ./startup/startup_mk66f18.o
                0x000033a0                UART2_ERR_IRQHandler
 .text.UART3_RX_TX_IRQHandler
                0x000033a8        0x8 ./startup/startup_mk66f18.o
                0x000033a8                UART3_RX_TX_IRQHandler
 .text.UART3_ERR_IRQHandler
                0x000033b0        0x8 ./startup/startup_mk66f18.o
                0x000033b0                UART3_ERR_IRQHandler
 .text.ADC0_IRQHandler
                0x000033b8        0x8 ./startup/startup_mk66f18.o
                0x000033b8                ADC0_IRQHandler
 .text.CMP0_IRQHandler
                0x000033c0        0x8 ./startup/startup_mk66f18.o
                0x000033c0                CMP0_IRQHandler
 .text.CMP1_IRQHandler
                0x000033c8        0x8 ./startup/startup_mk66f18.o
                0x000033c8                CMP1_IRQHandler
 .text.FTM0_IRQHandler
                0x000033d0        0x8 ./startup/startup_mk66f18.o
                0x000033d0                FTM0_IRQHandler
 .text.FTM1_IRQHandler
                0x000033d8        0x8 ./startup/startup_mk66f18.o
                0x000033d8                FTM1_IRQHandler
 .text.FTM2_IRQHandler
                0x000033e0        0x8 ./startup/startup_mk66f18.o
                0x000033e0                FTM2_IRQHandler
 .text.CMT_IRQHandler
                0x000033e8        0x8 ./startup/startup_mk66f18.o
                0x000033e8                CMT_IRQHandler
 .text.RTC_IRQHandler
                0x000033f0        0x8 ./startup/startup_mk66f18.o
                0x000033f0                RTC_IRQHandler
 .text.RTC_Seconds_IRQHandler
                0x000033f8        0x8 ./startup/startup_mk66f18.o
                0x000033f8                RTC_Seconds_IRQHandler
 .text.PIT0_IRQHandler
                0x00003400        0x8 ./startup/startup_mk66f18.o
                0x00003400                PIT0_IRQHandler
 .text.PIT1_IRQHandler
                0x00003408        0x8 ./startup/startup_mk66f18.o
                0x00003408                PIT1_IRQHandler
 .text.PIT2_IRQHandler
                0x00003410        0x8 ./startup/startup_mk66f18.o
                0x00003410                PIT2_IRQHandler
 .text.PIT3_IRQHandler
                0x00003418        0x8 ./startup/startup_mk66f18.o
                0x00003418                PIT3_IRQHandler
 .text.PDB0_IRQHandler
                0x00003420        0x8 ./startup/startup_mk66f18.o
                0x00003420                PDB0_IRQHandler
 .text.USB0_IRQHandler
                0x00003428        0x8 ./startup/startup_mk66f18.o
                0x00003428                USB0_IRQHandler
 .text.USBDCD_IRQHandler
                0x00003430        0x8 ./startup/startup_mk66f18.o
                0x00003430                USBDCD_IRQHandler
 .text.Reserved71_IRQHandler
                0x00003438        0x8 ./startup/startup_mk66f18.o
                0x00003438                Reserved71_IRQHandler
 .text.DAC0_IRQHandler
                0x00003440        0x8 ./startup/startup_mk66f18.o
                0x00003440                DAC0_IRQHandler
 .text.MCG_IRQHandler
                0x00003448        0x8 ./startup/startup_mk66f18.o
                0x00003448                MCG_IRQHandler
 .text.LPTMR0_IRQHandler
                0x00003450        0x8 ./startup/startup_mk66f18.o
                0x00003450                LPTMR0_IRQHandler
 .text.PORTA_IRQHandler
                0x00003458        0x8 ./startup/startup_mk66f18.o
                0x00003458                PORTA_IRQHandler
 .text.PORTB_IRQHandler
                0x00003460        0x8 ./startup/startup_mk66f18.o
                0x00003460                PORTB_IRQHandler
 .text.PORTC_IRQHandler
                0x00003468        0x8 ./startup/startup_mk66f18.o
                0x00003468                PORTC_IRQHandler
 .text.PORTD_IRQHandler
                0x00003470        0x8 ./startup/startup_mk66f18.o
                0x00003470                PORTD_IRQHandler
 .text.PORTE_IRQHandler
                0x00003478        0x8 ./startup/startup_mk66f18.o
                0x00003478                PORTE_IRQHandler
 .text.SWI_IRQHandler
                0x00003480        0x8 ./startup/startup_mk66f18.o
                0x00003480                SWI_IRQHandler
 .text.SPI2_IRQHandler
                0x00003488        0x8 ./startup/startup_mk66f18.o
                0x00003488                SPI2_IRQHandler
 .text.UART4_ERR_IRQHandler
                0x00003490        0x8 ./startup/startup_mk66f18.o
                0x00003490                UART4_ERR_IRQHandler
 .text.Reserved84_IRQHandler
                0x00003498        0x8 ./startup/startup_mk66f18.o
                0x00003498                Reserved84_IRQHandler
 .text.Reserved85_IRQHandler
                0x000034a0        0x8 ./startup/startup_mk66f18.o
                0x000034a0                Reserved85_IRQHandler
 .text.CMP2_IRQHandler
                0x000034a8        0x8 ./startup/startup_mk66f18.o
                0x000034a8                CMP2_IRQHandler
 .text.FTM3_IRQHandler
                0x000034b0        0x8 ./startup/startup_mk66f18.o
                0x000034b0                FTM3_IRQHandler
 .text.DAC1_IRQHandler
                0x000034b8        0x8 ./startup/startup_mk66f18.o
                0x000034b8                DAC1_IRQHandler
 .text.ADC1_IRQHandler
                0x000034c0        0x8 ./startup/startup_mk66f18.o
                0x000034c0                ADC1_IRQHandler
 .text.I2C2_IRQHandler
                0x000034c8        0x8 ./startup/startup_mk66f18.o
                0x000034c8                I2C2_IRQHandler
 .text.CAN0_ORed_Message_buffer_IRQHandler
                0x000034d0        0x8 ./startup/startup_mk66f18.o
                0x000034d0                CAN0_ORed_Message_buffer_IRQHandler
 .text.CAN0_Bus_Off_IRQHandler
                0x000034d8        0x8 ./startup/startup_mk66f18.o
                0x000034d8                CAN0_Bus_Off_IRQHandler
 .text.CAN0_Error_IRQHandler
                0x000034e0        0x8 ./startup/startup_mk66f18.o
                0x000034e0                CAN0_Error_IRQHandler
 .text.CAN0_Tx_Warning_IRQHandler
                0x000034e8        0x8 ./startup/startup_mk66f18.o
                0x000034e8                CAN0_Tx_Warning_IRQHandler
 .text.CAN0_Rx_Warning_IRQHandler
                0x000034f0        0x8 ./startup/startup_mk66f18.o
                0x000034f0                CAN0_Rx_Warning_IRQHandler
 .text.CAN0_Wake_Up_IRQHandler
                0x000034f8        0x8 ./startup/startup_mk66f18.o
                0x000034f8                CAN0_Wake_Up_IRQHandler
 .text.SDHC_IRQHandler
                0x00003500        0x8 ./startup/startup_mk66f18.o
                0x00003500                SDHC_IRQHandler
 .text.ENET_1588_Timer_IRQHandler
                0x00003508        0x8 ./startup/startup_mk66f18.o
                0x00003508                ENET_1588_Timer_IRQHandler
 .text.ENET_Transmit_IRQHandler
                0x00003510        0x8 ./startup/startup_mk66f18.o
                0x00003510                ENET_Transmit_IRQHandler
 .text.ENET_Receive_IRQHandler
                0x00003518        0x8 ./startup/startup_mk66f18.o
                0x00003518                ENET_Receive_IRQHandler
 .text.ENET_Error_IRQHandler
                0x00003520        0x8 ./startup/startup_mk66f18.o
                0x00003520                ENET_Error_IRQHandler
 .text.LPUART0_IRQHandler
                0x00003528        0x8 ./startup/startup_mk66f18.o
                0x00003528                LPUART0_IRQHandler
 .text.TSI0_IRQHandler
                0x00003530        0x8 ./startup/startup_mk66f18.o
                0x00003530                TSI0_IRQHandler
 .text.TPM1_IRQHandler
                0x00003538        0x8 ./startup/startup_mk66f18.o
                0x00003538                TPM1_IRQHandler
 .text.TPM2_IRQHandler
                0x00003540        0x8 ./startup/startup_mk66f18.o
                0x00003540                TPM2_IRQHandler
 .text.USBHSDCD_IRQHandler
                0x00003548        0x8 ./startup/startup_mk66f18.o
                0x00003548                USBHSDCD_IRQHandler
 .text.I2C3_IRQHandler
                0x00003550        0x8 ./startup/startup_mk66f18.o
                0x00003550                I2C3_IRQHandler
 .text.CMP3_IRQHandler
                0x00003558        0x8 ./startup/startup_mk66f18.o
                0x00003558                CMP3_IRQHandler
 .text.USBHS_IRQHandler
                0x00003560        0x8 ./startup/startup_mk66f18.o
                0x00003560                USBHS_IRQHandler
 .text.CAN1_ORed_Message_buffer_IRQHandler
                0x00003568        0x8 ./startup/startup_mk66f18.o
                0x00003568                CAN1_ORed_Message_buffer_IRQHandler
 .text.CAN1_Bus_Off_IRQHandler
                0x00003570        0x8 ./startup/startup_mk66f18.o
                0x00003570                CAN1_Bus_Off_IRQHandler
 .text.CAN1_Error_IRQHandler
                0x00003578        0x8 ./startup/startup_mk66f18.o
                0x00003578                CAN1_Error_IRQHandler
 .text.CAN1_Tx_Warning_IRQHandler
                0x00003580        0x8 ./startup/startup_mk66f18.o
                0x00003580                CAN1_Tx_Warning_IRQHandler
 .text.CAN1_Rx_Warning_IRQHandler
                0x00003588        0x8 ./startup/startup_mk66f18.o
                0x00003588                CAN1_Rx_Warning_IRQHandler
 .text.CAN1_Wake_Up_IRQHandler
                0x00003590        0x8 ./startup/startup_mk66f18.o
                0x00003590                CAN1_Wake_Up_IRQHandler
 .text.EnableIRQ
                0x00003598       0x32 ./source/hello_world.o
 .text.UART_ReadByte
                0x000035ca       0x1a ./source/hello_world.o
 .text.FTM_StartTimer
                0x000035e4       0x3a ./source/hello_world.o
 .text.FTM_SetSoftwareTrigger
                0x0000361e       0x38 ./source/hello_world.o
 .text.HardFault_Handler
                0x00003656       0x36 ./source/semihost_hardfault.o
                0x00003656                HardFault_Handler
 .text.CLOCK_GetPll0RefFreq
                0x0000368c        0xe ./drivers/fsl_clock.o
 .text.CLOCK_GetFixedFreqClkFreq
                0x0000369a       0x34 ./drivers/fsl_clock.o
                0x0000369a                CLOCK_GetFixedFreqClkFreq
 .text.DSPI_IsMaster
                0x000036ce       0x26 ./drivers/fsl_dspi.o
 .text.CLOCK_EnableClock
                0x000036f4       0x34 ./drivers/fsl_ftm.o
 .text.FTM_SetDeadTimeEnable
                0x00003728       0x52 ./drivers/fsl_ftm.o
 .text.FTM_SetComplementaryEnable
                0x0000377a       0x52 ./drivers/fsl_ftm.o
 .text.CLOCK_EnableClock
                0x000037cc       0x34 ./drivers/fsl_uart.o
 .text.UART_GetStatusFlags
                0x00003800       0x48 ./drivers/fsl_uart.o
                0x00003800                UART_GetStatusFlags
 .text.UART0_RX_TX_DriverIRQHandler
                0x00003848       0x12 ./drivers/fsl_uart.o
                0x00003848                UART0_RX_TX_DriverIRQHandler
 .text.UART1_RX_TX_DriverIRQHandler
                0x0000385a       0x12 ./drivers/fsl_uart.o
                0x0000385a                UART1_RX_TX_DriverIRQHandler
 .text.UART2_RX_TX_DriverIRQHandler
                0x0000386c       0x12 ./drivers/fsl_uart.o
                0x0000386c                UART2_RX_TX_DriverIRQHandler
 .text.UART3_RX_TX_DriverIRQHandler
                0x0000387e       0x12 ./drivers/fsl_uart.o
                0x0000387e                UART3_RX_TX_DriverIRQHandler
 .text.SystemInitHook
                0x00003890        0xe ./device/system_MK66F18.o
                0x00003890                SystemInitHook
 .text.DbgConsole_Init
                0x0000389e       0x20 ./board/board.o
 .text.BOARD_InitDebugConsole
                0x000038be       0x22 ./board/board.o
                0x000038be                BOARD_InitDebugConsole
 .text.BOARD_InitBootClocks
                0x000038e0        0xc ./board/clock_config.o
                0x000038e0                BOARD_InitBootClocks
 .text.CLOCK_EnableClock
                0x000038ec       0x34 ./board/pin_mux.o
 .text.PORT_SetPinMux
                0x00003920       0x3a ./board/pin_mux.o
 .text.BOARD_InitBootPins
                0x0000395a        0xc ./board/pin_mux.o
                0x0000395a                BOARD_InitBootPins
 .text.__main   0x00003966        0xe c:/nxp/mcuxpressoide_11.9.0_2144/ide/plugins/com.nxp.mcuxpresso.tools.win32_11.9.0.202307121226/tools/bin/../lib/gcc/arm-none-eabi/12.3.1/../../../../arm-none-eabi/lib/thumb/v7e-m+fp/hard\libcr_semihost_nf.a(_cr__main.o)
                0x00003966                __CR_SEMIHOST
                0x00003966                __main
 .text.memset   0x00003974        0x4 c:/nxp/mcuxpressoide_11.9.0_2144/ide/plugins/com.nxp.mcuxpresso.tools.win32_11.9.0.202307121226/tools/bin/../lib/gcc/arm-none-eabi/12.3.1/../../../../arm-none-eabi/lib/thumb/v7e-m+fp/hard\libcr_c.a(memset.o)
                0x00003974                memset
 .text.free     0x00003978       0x30 c:/nxp/mcuxpressoide_11.9.0_2144/ide/plugins/com.nxp.mcuxpresso.tools.win32_11.9.0.202307121226/tools/bin/../lib/gcc/arm-none-eabi/12.3.1/../../../../arm-none-eabi/lib/thumb/v7e-m+fp/hard\libcr_c.a(alloc.o)
                0x00003978                free
 .text.no_fp_display
                0x000039a8        0x4 c:/nxp/mcuxpressoide_11.9.0_2144/ide/plugins/com.nxp.mcuxpresso.tools.win32_11.9.0.202307121226/tools/bin/../lib/gcc/arm-none-eabi/12.3.1/../../../../arm-none-eabi/lib/thumb/v7e-m+fp/hard\libcr_c.a(printf.o)
 .text.setvbuf  0x000039ac       0x3e c:/nxp/mcuxpressoide_11.9.0_2144/ide/plugins/com.nxp.mcuxpresso.tools.win32_11.9.0.202307121226/tools/bin/../lib/gcc/arm-none-eabi/12.3.1/../../../../arm-none-eabi/lib/thumb/v7e-m+fp/hard\libcr_c.a(setvbuf.o)
                0x000039ac                setvbuf
 .text.strlen   0x000039ea       0x4e c:/nxp/mcuxpressoide_11.9.0_2144/ide/plugins/com.nxp.mcuxpresso.tools.win32_11.9.0.202307121226/tools/bin/../lib/gcc/arm-none-eabi/12.3.1/../../../../arm-none-eabi/lib/thumb/v7e-m+fp/hard\libcr_c.a(strlen.o)
                0x000039ea                strlen
 .text._deferredlazyseek
                0x00003a38       0x40 c:/nxp/mcuxpressoide_11.9.0_2144/ide/plugins/com.nxp.mcuxpresso.tools.win32_11.9.0.202307121226/tools/bin/../lib/gcc/arm-none-eabi/12.3.1/../../../../arm-none-eabi/lib/thumb/v7e-m+fp/hard\libcr_c.a(_deferredlazyseek.o)
                0x00003a38                _deferredlazyseek
 .text.__flsbuf
                0x00003a78      0x140 c:/nxp/mcuxpressoide_11.9.0_2144/ide/plugins/com.nxp.mcuxpresso.tools.win32_11.9.0.202307121226/tools/bin/../lib/gcc/arm-none-eabi/12.3.1/../../../../arm-none-eabi/lib/thumb/v7e-m+fp/hard\libcr_c.a(_deferredlazyseek.o)
                0x00003a78                __flsbuf
 .text._fdopen  0x00003bb8       0x68 c:/nxp/mcuxpressoide_11.9.0_2144/ide/plugins/com.nxp.mcuxpresso.tools.win32_11.9.0.202307121226/tools/bin/../lib/gcc/arm-none-eabi/12.3.1/../../../../arm-none-eabi/lib/thumb/v7e-m+fp/hard\libcr_c.a(_fdopen.o)
                0x00003bb8                _fdopen
 .text._fflush  0x00003c20       0x52 c:/nxp/mcuxpressoide_11.9.0_2144/ide/plugins/com.nxp.mcuxpresso.tools.win32_11.9.0.202307121226/tools/bin/../lib/gcc/arm-none-eabi/12.3.1/../../../../arm-none-eabi/lib/thumb/v7e-m+fp/hard\libcr_c.a(_fflush.o)
                0x00003c20                _fflush
 .text.fclose   0x00003c72       0x58 c:/nxp/mcuxpressoide_11.9.0_2144/ide/plugins/com.nxp.mcuxpresso.tools.win32_11.9.0.202307121226/tools/bin/../lib/gcc/arm-none-eabi/12.3.1/../../../../arm-none-eabi/lib/thumb/v7e-m+fp/hard\libcr_c.a(fclose.o)
                0x00003c72                fclose
 .text.remove   0x00003cca       0x14 c:/nxp/mcuxpressoide_11.9.0_2144/ide/plugins/com.nxp.mcuxpresso.tools.win32_11.9.0.202307121226/tools/bin/../lib/gcc/arm-none-eabi/12.3.1/../../../../arm-none-eabi/lib/thumb/v7e-m+fp/hard\libcr_c.a(remove.o)
                0x00003cca                remove
 .text._do_fflush
                0x00003cde       0x40 c:/nxp/mcuxpressoide_11.9.0_2144/ide/plugins/com.nxp.mcuxpresso.tools.win32_11.9.0.202307121226/tools/bin/../lib/gcc/arm-none-eabi/12.3.1/../../../../arm-none-eabi/lib/thumb/v7e-m+fp/hard\libcr_c.a(_do_fflush.o)
                0x00003cde                _do_fflush
 .text.__aeabi_memset_lowlevel
                0x00003d1e       0x32 c:/nxp/mcuxpressoide_11.9.0_2144/ide/plugins/com.nxp.mcuxpresso.tools.win32_11.9.0.202307121226/tools/bin/../lib/gcc/arm-none-eabi/12.3.1/thumb/v7e-m+fp/hard\libcr_eabihelpers.a(memcpy.o)
                0x00003d1e                __aeabi_lowlevel_memset
 .text.__sys_close
                0x00003d50        0xc c:/nxp/mcuxpressoide_11.9.0_2144/ide/plugins/com.nxp.mcuxpresso.tools.win32_11.9.0.202307121226/tools/bin/../lib/gcc/arm-none-eabi/12.3.1/../../../../arm-none-eabi/lib/thumb/v7e-m+fp/hard\libcr_semihost_nf.a(__sys_close.o)
                0x00003d50                __sys_close
 .text.__sys_flen
                0x00003d5c        0xc c:/nxp/mcuxpressoide_11.9.0_2144/ide/plugins/com.nxp.mcuxpresso.tools.win32_11.9.0.202307121226/tools/bin/../lib/gcc/arm-none-eabi/12.3.1/../../../../arm-none-eabi/lib/thumb/v7e-m+fp/hard\libcr_semihost_nf.a(__sys_flen.o)
                0x00003d5c                __sys_flen
 .text.__sys_istty
                0x00003d68        0xc c:/nxp/mcuxpressoide_11.9.0_2144/ide/plugins/com.nxp.mcuxpresso.tools.win32_11.9.0.202307121226/tools/bin/../lib/gcc/arm-none-eabi/12.3.1/../../../../arm-none-eabi/lib/thumb/v7e-m+fp/hard\libcr_semihost_nf.a(__sys_istty.o)
                0x00003d68                __sys_istty
 .text.__sys_remove
                0x00003d74        0xc c:/nxp/mcuxpressoide_11.9.0_2144/ide/plugins/com.nxp.mcuxpresso.tools.win32_11.9.0.202307121226/tools/bin/../lib/gcc/arm-none-eabi/12.3.1/../../../../arm-none-eabi/lib/thumb/v7e-m+fp/hard\libcr_semihost_nf.a(__sys_remove.o)
                0x00003d74                __sys_remove
 .text.__sys_seek
                0x00003d80        0xc c:/nxp/mcuxpressoide_11.9.0_2144/ide/plugins/com.nxp.mcuxpresso.tools.win32_11.9.0.202307121226/tools/bin/../lib/gcc/arm-none-eabi/12.3.1/../../../../arm-none-eabi/lib/thumb/v7e-m+fp/hard\libcr_semihost_nf.a(__sys_seek.o)
                0x00003d80                __sys_seek
 .text.__sys_tmpnam
                0x00003d8c        0xc c:/nxp/mcuxpressoide_11.9.0_2144/ide/plugins/com.nxp.mcuxpresso.tools.win32_11.9.0.202307121226/tools/bin/../lib/gcc/arm-none-eabi/12.3.1/../../../../arm-none-eabi/lib/thumb/v7e-m+fp/hard\libcr_semihost_nf.a(__sys_tmpnam.o)
                0x00003d8c                __sys_tmpnam
 .text.__sys_write
                0x00003d98        0xc c:/nxp/mcuxpressoide_11.9.0_2144/ide/plugins/com.nxp.mcuxpresso.tools.win32_11.9.0.202307121226/tools/bin/../lib/gcc/arm-none-eabi/12.3.1/../../../../arm-none-eabi/lib/thumb/v7e-m+fp/hard\libcr_semihost_nf.a(__sys_write.o)
                0x00003d98                __sys_write
 *(SORT_BY_ALIGNMENT(.rodata) SORT_BY_ALIGNMENT(.rodata.*) SORT_BY_ALIGNMENT(.constdata) SORT_BY_ALIGNMENT(.constdata.*))
 .rodata.__assertion_failed.str1.4
                0x00003da4       0x14 ./utilities/fsl_assert.o
 .rodata.UART4_RX_TX_IRQHandler.str1.4
                0x00003db8       0x1b ./source/hello_world.o
 *fill*         0x00003dd3        0x1 ff
 .rodata.main.str1.4
                0x00003dd4       0x42 ./source/hello_world.o
 *fill*         0x00003e16        0x2 ff
 .rodata.CLOCK_GetMcgExtClkFreq.str1.4
                0x00003e18       0x49 ./drivers/fsl_clock.o
 *fill*         0x00003e61        0x3 ff
 .rodata.CLOCK_GetOsc0ErClkUndivFreq.str1.4
                0x00003e64       0x1e ./drivers/fsl_clock.o
 *fill*         0x00003e82        0x2 ff
 .rodata.CLOCK_GetOsc0ErClkDivFreq.str1.4
                0x00003e84       0x1e ./drivers/fsl_clock.o
 *fill*         0x00003ea2        0x2 ff
 .rodata.CLOCK_GetEr32kClkFreq.str1.4
                0x00003ea4       0x1f ./drivers/fsl_clock.o
 *fill*         0x00003ec3        0x1 ff
 .rodata.CLOCK_GetPll0Freq.str1.4
                0x00003ec4       0x1d ./drivers/fsl_clock.o
 *fill*         0x00003ee1        0x3 ff
 .rodata.fllFactorTable.1
                0x00003ee4       0x10 ./drivers/fsl_clock.o
 .rodata.SPI0_DriverIRQHandler.str1.4
                0x00003ef4       0x2a ./drivers/fsl_dspi.o
 *fill*         0x00003f1e        0x2 ff
 .rodata.SPI1_DriverIRQHandler.str1.4
                0x00003f20       0x2a ./drivers/fsl_dspi.o
 *fill*         0x00003f4a        0x2 ff
 .rodata.SPI2_DriverIRQHandler.str1.4
                0x00003f4c       0x2a ./drivers/fsl_dspi.o
 *fill*         0x00003f76        0x2 ff
 .rodata.s_ftmBases
                0x00003f78       0x10 ./drivers/fsl_ftm.o
 .rodata.s_ftmClocks
                0x00003f88       0x10 ./drivers/fsl_ftm.o
 .rodata.FTM_GetInstance.str1.4
                0x00003f98       0x28 ./drivers/fsl_ftm.o
 .rodata.FTM_SetPwmSync.str1.4
                0x00003fc0       0x3a ./drivers/fsl_ftm.o
 *fill*         0x00003ffa        0x2 ff
 .rodata.FTM_SetReloadPoints.str1.4
                0x00003ffc       0x20 ./drivers/fsl_ftm.o
 .rodata.FTM_Init.str1.4
                0x0000401c       0x17 ./drivers/fsl_ftm.o
 *fill*         0x00004033        0x1 ff
 .rodata.FTM_GetDefaultConfig.str1.4
                0x00004034       0x1f ./drivers/fsl_ftm.o
 *fill*         0x00004053        0x1 ff
 .rodata.FTM_SetupPwm.str1.4
                0x00004054       0x23 ./drivers/fsl_ftm.o
 *fill*         0x00004077        0x1 ff
 .rodata.s_uartBases
                0x00004078       0x14 ./drivers/fsl_uart.o
 .rodata.s_uartClock
                0x0000408c       0x14 ./drivers/fsl_uart.o
 .rodata.UART_GetInstance.str1.4
                0x000040a0       0x2b ./drivers/fsl_uart.o
 *fill*         0x000040cb        0x1 ff
 .rodata.UART_Init.str1.4
                0x000040cc       0xfb ./drivers/fsl_uart.o
 *fill*         0x000041c7        0x1 ff
 .rodata.UART_GetDefaultConfig.str1.4
                0x000041c8       0x20 ./drivers/fsl_uart.o
 .rodata.simConfig_BOARD_BootClockRUN
                0x000041e8        0x8 ./board/clock_config.o
                0x000041e8                simConfig_BOARD_BootClockRUN
 .rodata.__num_Ciob_streams
                0x000041f0        0x4 c:/nxp/mcuxpressoide_11.9.0_2144/ide/plugins/com.nxp.mcuxpresso.tools.win32_11.9.0.202307121226/tools/bin/../lib/gcc/arm-none-eabi/12.3.1/../../../../arm-none-eabi/lib/thumb/v7e-m+fp/hard\libcr_semihost_nf.a(__ciob.o)
                0x000041f0                __num_Ciob_streams
 .rodata._Csys_alloc.str1.1
                0x000041f4       0x18 c:/nxp/mcuxpressoide_11.9.0_2144/ide/plugins/com.nxp.mcuxpresso.tools.win32_11.9.0.202307121226/tools/bin/../lib/gcc/arm-none-eabi/12.3.1/../../../../arm-none-eabi/lib/thumb/v7e-m+fp/hard\libcr_c.a(alloc.o)
 .rodata._initio.str1.1
                0x0000420c        0x4 c:/nxp/mcuxpressoide_11.9.0_2144/ide/plugins/com.nxp.mcuxpresso.tools.win32_11.9.0.202307121226/tools/bin/../lib/gcc/arm-none-eabi/12.3.1/../../../../arm-none-eabi/lib/thumb/v7e-m+fp/hard\libcr_c.a(initio.o)
 .rodata.__vfprintf.str1.1
                0x00004210       0x37 c:/nxp/mcuxpressoide_11.9.0_2144/ide/plugins/com.nxp.mcuxpresso.tools.win32_11.9.0.202307121226/tools/bin/../lib/gcc/arm-none-eabi/12.3.1/../../../../arm-none-eabi/lib/thumb/v7e-m+fp/hard\libcr_c.a(printf.o)
                                 0x38 (size before relaxing)
                0x00004248                        . = ALIGN (0x8)
 *fill*         0x00004247        0x1 ff

.glue_7         0x00004248        0x0
 .glue_7        0x00004248        0x0 linker stubs

.glue_7t        0x00004248        0x0
 .glue_7t       0x00004248        0x0 linker stubs

.vfp11_veneer   0x00004248        0x0
 .vfp11_veneer  0x00004248        0x0 linker stubs

.v4_bx          0x00004248        0x0
 .v4_bx         0x00004248        0x0 linker stubs

.iplt           0x00004248        0x0
 .iplt          0x00004248        0x0 ./utilities/fsl_assert.o

.rel.dyn        0x00004248        0x0
 .rel.iplt      0x00004248        0x0 ./utilities/fsl_assert.o

.ARM.extab
 *(SORT_BY_ALIGNMENT(.ARM.extab*) SORT_BY_ALIGNMENT(.gnu.linkonce.armextab.*))

.ARM.exidx      0x00004248        0x0
                0x00004248                        __exidx_start = .
 *(SORT_BY_ALIGNMENT(.ARM.exidx*) SORT_BY_ALIGNMENT(.gnu.linkonce.armexidx.*))
                0x00004248                        __exidx_end = .
                0x00004248                        _etext = .

.m_usb_data
 *(SORT_BY_ALIGNMENT(m_usb_bdt))

.data_RAM2      0x1fff0000        0x0 load address 0x00004248
 FILL mask 0xff
                [!provide]                        PROVIDE (__start_data_RAM2 = .)
                [!provide]                        PROVIDE (__start_data_SRAM_LOWER = .)
 *(SORT_BY_ALIGNMENT(.ramfunc.$RAM2))
 *(SORT_BY_ALIGNMENT(.ramfunc.$SRAM_LOWER))
 *(SORT_BY_ALIGNMENT(NonCacheable.init))
 *(SORT_BY_ALIGNMENT(.data.$RAM2))
 *(SORT_BY_ALIGNMENT(.data.$SRAM_LOWER))
 *(SORT_BY_ALIGNMENT(.data.$RAM2.*))
 *(SORT_BY_ALIGNMENT(.data.$SRAM_LOWER.*))
                0x1fff0000                        . = ALIGN (0x8)
                [!provide]                        PROVIDE (__end_data_RAM2 = .)
                [!provide]                        PROVIDE (__end_data_SRAM_LOWER = .)

.data_RAM3      0x14000000        0x0 load address 0x00004248
 FILL mask 0xff
                [!provide]                        PROVIDE (__start_data_RAM3 = .)
                [!provide]                        PROVIDE (__start_data_FLEX_RAM = .)
 *(SORT_BY_ALIGNMENT(.ramfunc.$RAM3))
 *(SORT_BY_ALIGNMENT(.ramfunc.$FLEX_RAM))
 *(SORT_BY_ALIGNMENT(.data.$RAM3))
 *(SORT_BY_ALIGNMENT(.data.$FLEX_RAM))
 *(SORT_BY_ALIGNMENT(.data.$RAM3.*))
 *(SORT_BY_ALIGNMENT(.data.$FLEX_RAM.*))
                0x14000000                        . = ALIGN (0x8)
                [!provide]                        PROVIDE (__end_data_RAM3 = .)
                [!provide]                        PROVIDE (__end_data_FLEX_RAM = .)

.uninit_RESERVED
                0x20000000        0x0
                0x20000000                        _start_uninit_RESERVED = .
 *(SORT_BY_ALIGNMENT(.bss.$RESERVED*))
                0x20000000                        . = ALIGN (0x8)
                0x20000000                        _end_uninit_RESERVED = .

.data           0x20000000       0x10 load address 0x00004248
 FILL mask 0xff
                0x20000000                        _data = .
                [!provide]                        PROVIDE (__start_data_RAM = .)
                [!provide]                        PROVIDE (__start_data_SRAM_UPPER = .)
 *(SORT_BY_ALIGNMENT(vtable))
 *(SORT_BY_ALIGNMENT(.ramfunc*))
 *(SORT_BY_ALIGNMENT(CodeQuickAccess))
 *(SORT_BY_ALIGNMENT(DataQuickAccess))
 *(SORT_BY_ALIGNMENT(RamFunction))
 *(SORT_BY_ALIGNMENT(.data*))
 .data.s_slowIrcFreq
                0x20000000        0x4 ./drivers/fsl_clock.o
 .data.s_fastIrcFreq
                0x20000004        0x4 ./drivers/fsl_clock.o
 .data.SystemCoreClock
                0x20000008        0x4 ./device/system_MK66F18.o
                0x20000008                SystemCoreClock
                0x20000010                        . = ALIGN (0x8)
 *fill*         0x2000000c        0x4 ff
                0x20000010                        _edata = .
                [!provide]                        PROVIDE (__end_data_RAM = .)
                [!provide]                        PROVIDE (__end_data_SRAM_UPPER = .)

.igot.plt       0x20000010        0x0 load address 0x00004258
 .igot.plt      0x20000010        0x0 ./utilities/fsl_assert.o

.bss_RAM2       0x1fff0000        0x0
                [!provide]                        PROVIDE (__start_bss_RAM2 = .)
                [!provide]                        PROVIDE (__start_bss_SRAM_LOWER = .)
 *(SORT_BY_ALIGNMENT(NonCacheable))
 *(SORT_BY_ALIGNMENT(.bss.$RAM2))
 *(SORT_BY_ALIGNMENT(.bss.$SRAM_LOWER))
 *(SORT_BY_ALIGNMENT(.bss.$RAM2.*))
 *(SORT_BY_ALIGNMENT(.bss.$SRAM_LOWER.*))
                0x1fff0000                        . = ALIGN ((. != 0x0)?0x8:0x1)
                [!provide]                        PROVIDE (__end_bss_RAM2 = .)
                [!provide]                        PROVIDE (__end_bss_SRAM_LOWER = .)

.bss_RAM3       0x14000000        0x0
                [!provide]                        PROVIDE (__start_bss_RAM3 = .)
                [!provide]                        PROVIDE (__start_bss_FLEX_RAM = .)
 *(SORT_BY_ALIGNMENT(.bss.$RAM3))
 *(SORT_BY_ALIGNMENT(.bss.$FLEX_RAM))
 *(SORT_BY_ALIGNMENT(.bss.$RAM3.*))
 *(SORT_BY_ALIGNMENT(.bss.$FLEX_RAM.*))
                0x14000000                        . = ALIGN ((. != 0x0)?0x8:0x1)
                [!provide]                        PROVIDE (__end_bss_RAM3 = .)
                [!provide]                        PROVIDE (__end_bss_FLEX_RAM = .)

.bss            0x20000010      0x110
                0x20000010                        _bss = .
                [!provide]                        PROVIDE (__start_bss_RAM = .)
                [!provide]                        PROVIDE (__start_bss_SRAM_UPPER = .)
 *(SORT_BY_ALIGNMENT(.bss*))
 .bss.newData   0x20000010        0x4 ./source/hello_world.o
                0x20000010                newData
 .bss.rxState   0x20000014        0x4 ./source/hello_world.o
                0x20000014                rxState
 .bss.s_extPllFreq
                0x20000018        0x4 ./drivers/fsl_clock.o
 .bss.g_xtal0Freq
                0x2000001c        0x4 ./drivers/fsl_clock.o
                0x2000001c                g_xtal0Freq
 .bss.g_xtal32Freq
                0x20000020        0x4 ./drivers/fsl_clock.o
                0x20000020                g_xtal32Freq
 .bss.g_dspiHandle
                0x20000024        0xc ./drivers/fsl_dspi.o
 .bss.s_dspiMasterIsr
                0x20000030        0x4 ./drivers/fsl_dspi.o
 .bss.s_dspiSlaveIsr
                0x20000034        0x4 ./drivers/fsl_dspi.o
 .bss.s_lpuartHandle
                0x20000038        0x4 ./drivers/fsl_lpuart.o
                0x20000038                s_lpuartHandle
 .bss.s_lpuartIsr
                0x2000003c        0x4 ./drivers/fsl_lpuart.o
                0x2000003c                s_lpuartIsr
 .bss.s_uartHandle
                0x20000040       0x14 ./drivers/fsl_uart.o
                0x20000040                s_uartHandle
 .bss.s_uartIsr
                0x20000054        0x4 ./drivers/fsl_uart.o
                0x20000054                s_uartIsr
 .bss.__end_of_heap
                0x20000058        0x4 c:/nxp/mcuxpressoide_11.9.0_2144/ide/plugins/com.nxp.mcuxpresso.tools.win32_11.9.0.202307121226/tools/bin/../lib/gcc/arm-none-eabi/12.3.1/../../../../arm-none-eabi/lib/thumb/v7e-m+fp/hard\libcr_c.a(__init_alloc.o)
                0x20000058                __end_of_heap
 .bss.__heaps   0x2000005c        0x4 c:/nxp/mcuxpressoide_11.9.0_2144/ide/plugins/com.nxp.mcuxpresso.tools.win32_11.9.0.202307121226/tools/bin/../lib/gcc/arm-none-eabi/12.3.1/../../../../arm-none-eabi/lib/thumb/v7e-m+fp/hard\libcr_c.a(__init_alloc.o)
                0x2000005c                __heaps
 .bss.errno     0x20000060        0x4 c:/nxp/mcuxpressoide_11.9.0_2144/ide/plugins/com.nxp.mcuxpresso.tools.win32_11.9.0.202307121226/tools/bin/../lib/gcc/arm-none-eabi/12.3.1/../../../../arm-none-eabi/lib/thumb/v7e-m+fp/hard\libcr_c.a(errno.o)
                0x20000060                errno
 .bss.__Ciob    0x20000064       0xb4 c:/nxp/mcuxpressoide_11.9.0_2144/ide/plugins/com.nxp.mcuxpresso.tools.win32_11.9.0.202307121226/tools/bin/../lib/gcc/arm-none-eabi/12.3.1/../../../../arm-none-eabi/lib/thumb/v7e-m+fp/hard\libcr_semihost_nf.a(__ciob.o)
                0x20000064                __Ciob
 .bss.incomingByte
                0x20000118        0x1 ./source/hello_world.o
                0x20000118                incomingByte
 *(SORT_BY_ALIGNMENT(COMMON))
                0x20000120                        . = ALIGN (0x8)
 *fill*         0x20000119        0x7 
                0x20000120                        _ebss = .
                [!provide]                        PROVIDE (__end_bss_RAM = .)
                [!provide]                        PROVIDE (__end_bss_SRAM_UPPER = .)
                [!provide]                        PROVIDE (end = .)

.noinit_RAM2    0x1fff0000        0x0
                [!provide]                        PROVIDE (__start_noinit_RAM2 = .)
                [!provide]                        PROVIDE (__start_noinit_SRAM_LOWER = .)
 *(SORT_BY_ALIGNMENT(.noinit.$RAM2))
 *(SORT_BY_ALIGNMENT(.noinit.$SRAM_LOWER))
 *(SORT_BY_ALIGNMENT(.noinit.$RAM2.*))
 *(SORT_BY_ALIGNMENT(.noinit.$SRAM_LOWER.*))
                0x1fff0000                        . = ALIGN (0x8)
                [!provide]                        PROVIDE (__end_noinit_RAM2 = .)
                [!provide]                        PROVIDE (__end_noinit_SRAM_LOWER = .)

.noinit_RAM3    0x14000000        0x0
                [!provide]                        PROVIDE (__start_noinit_RAM3 = .)
                [!provide]                        PROVIDE (__start_noinit_FLEX_RAM = .)
 *(SORT_BY_ALIGNMENT(.noinit.$RAM3))
 *(SORT_BY_ALIGNMENT(.noinit.$FLEX_RAM))
 *(SORT_BY_ALIGNMENT(.noinit.$RAM3.*))
 *(SORT_BY_ALIGNMENT(.noinit.$FLEX_RAM.*))
                0x14000000                        . = ALIGN (0x8)
                [!provide]                        PROVIDE (__end_noinit_RAM3 = .)
                [!provide]                        PROVIDE (__end_noinit_FLEX_RAM = .)

.noinit         0x20000120        0x0
                0x20000120                        _noinit = .
                [!provide]                        PROVIDE (__start_noinit_RAM = .)
                [!provide]                        PROVIDE (__start_noinit_SRAM_UPPER = .)
 *(SORT_BY_ALIGNMENT(.noinit*))
                0x20000120                        . = ALIGN (0x8)
                0x20000120                        _end_noinit = .
                [!provide]                        PROVIDE (__end_noinit_RAM = .)
                [!provide]                        PROVIDE (__end_noinit_SRAM_UPPER = .)
                0x00001000                        _HeapSize = 0x1000

.heap           0x20000120     0x1000
                0x20000120                        _pvHeapStart = .
                0x20001120                        . = (. + _HeapSize)
 *fill*         0x20000120     0x1000 
                0x20001120                        . = ALIGN (0x8)
                0x20001120                        _pvHeapLimit = .
                0x00001000                        _StackSize = 0x1000

.heap2stackfill
                0x20001120     0x1000
                0x20002120                        . = (. + _StackSize)
 *fill*         0x20001120     0x1000 

.stack          0x2002f000        0x0
                0x2002f000                        _vStackBase = .
                0x2002f000                        . = ALIGN (0x8)
                0x20030000                        _vStackTop = (. + _StackSize)
                0x00000000                        _image_start = LOADADDR (.text)
                0x00004258                        _image_end = (LOADADDR (.data) + SIZEOF (.data))
                0x00004258                        _image_size = (_image_end - _image_start)
OUTPUT(frdmk66f_hello_world__Lab1_Q2_Q3.axf elf32-littlearm)
LOAD linker stubs

.debug_info     0x00000000    0x1628d
 .debug_info    0x00000000       0xcc ./utilities/fsl_assert.o
 .debug_info    0x000000cc      0xe90 ./startup/startup_mk66f18.o
 .debug_info    0x00000f5c     0x1515 ./source/hello_world.o
 .debug_info    0x00002471       0x3c ./source/semihost_hardfault.o
 .debug_info    0x000024ad     0x296f ./drivers/fsl_clock.o
 .debug_info    0x00004e1c     0x26c4 ./drivers/fsl_dspi.o
 .debug_info    0x000074e0     0x1728 ./drivers/fsl_ftm.o
 .debug_info    0x00008c08     0x1e86 ./drivers/fsl_lpuart.o
 .debug_info    0x0000aa8e     0x20dd ./drivers/fsl_uart.o
 .debug_info    0x0000cb6b      0xa4e ./device/system_MK66F18.o
 .debug_info    0x0000d5b9      0x19d ./board/board.o
 .debug_info    0x0000d756      0xdfb ./board/clock_config.o
 .debug_info    0x0000e551      0x6d0 ./board/pin_mux.o
 .debug_info    0x0000ec21       0x85 c:/nxp/mcuxpressoide_11.9.0_2144/ide/plugins/com.nxp.mcuxpresso.tools.win32_11.9.0.202307121226/tools/bin/../lib/gcc/arm-none-eabi/12.3.1/../../../../arm-none-eabi/lib/thumb/v7e-m+fp/hard\libcr_semihost_nf.a(_cr__main.o)
 .debug_info    0x0000eca6       0xe3 c:/nxp/mcuxpressoide_11.9.0_2144/ide/plugins/com.nxp.mcuxpresso.tools.win32_11.9.0.202307121226/tools/bin/../lib/gcc/arm-none-eabi/12.3.1/../../../../arm-none-eabi/lib/thumb/v7e-m+fp/hard\libcr_c.a(memset.o)
 .debug_info    0x0000ed89      0x506 c:/nxp/mcuxpressoide_11.9.0_2144/ide/plugins/com.nxp.mcuxpresso.tools.win32_11.9.0.202307121226/tools/bin/../lib/gcc/arm-none-eabi/12.3.1/../../../../arm-none-eabi/lib/thumb/v7e-m+fp/hard\libcr_c.a(alloc.o)
 .debug_info    0x0000f28f      0x339 c:/nxp/mcuxpressoide_11.9.0_2144/ide/plugins/com.nxp.mcuxpresso.tools.win32_11.9.0.202307121226/tools/bin/../lib/gcc/arm-none-eabi/12.3.1/../../../../arm-none-eabi/lib/thumb/v7e-m+fp/hard\libcr_c.a(initio.o)
 .debug_info    0x0000f5c8     0x1268 c:/nxp/mcuxpressoide_11.9.0_2144/ide/plugins/com.nxp.mcuxpresso.tools.win32_11.9.0.202307121226/tools/bin/../lib/gcc/arm-none-eabi/12.3.1/../../../../arm-none-eabi/lib/thumb/v7e-m+fp/hard\libcr_c.a(printf.o)
 .debug_info    0x00010830      0x1f6 c:/nxp/mcuxpressoide_11.9.0_2144/ide/plugins/com.nxp.mcuxpresso.tools.win32_11.9.0.202307121226/tools/bin/../lib/gcc/arm-none-eabi/12.3.1/../../../../arm-none-eabi/lib/thumb/v7e-m+fp/hard\libcr_c.a(setvbuf.o)
 .debug_info    0x00010a26       0xda c:/nxp/mcuxpressoide_11.9.0_2144/ide/plugins/com.nxp.mcuxpresso.tools.win32_11.9.0.202307121226/tools/bin/../lib/gcc/arm-none-eabi/12.3.1/../../../../arm-none-eabi/lib/thumb/v7e-m+fp/hard\libcr_c.a(strlen.o)
 .debug_info    0x00010b00       0xd4 c:/nxp/mcuxpressoide_11.9.0_2144/ide/plugins/com.nxp.mcuxpresso.tools.win32_11.9.0.202307121226/tools/bin/../lib/gcc/arm-none-eabi/12.3.1/../../../../arm-none-eabi/lib/thumb/v7e-m+fp/hard\libcr_c.a(__init_alloc.o)
 .debug_info    0x00010bd4      0x100 c:/nxp/mcuxpressoide_11.9.0_2144/ide/plugins/com.nxp.mcuxpresso.tools.win32_11.9.0.202307121226/tools/bin/../lib/gcc/arm-none-eabi/12.3.1/../../../../arm-none-eabi/lib/thumb/v7e-m+fp/hard\libcr_c.a(_cr_sbrk.o)
 .debug_info    0x00010cd4      0x362 c:/nxp/mcuxpressoide_11.9.0_2144/ide/plugins/com.nxp.mcuxpresso.tools.win32_11.9.0.202307121226/tools/bin/../lib/gcc/arm-none-eabi/12.3.1/../../../../arm-none-eabi/lib/thumb/v7e-m+fp/hard\libcr_c.a(_deferredlazyseek.o)
 .debug_info    0x00011036      0x244 c:/nxp/mcuxpressoide_11.9.0_2144/ide/plugins/com.nxp.mcuxpresso.tools.win32_11.9.0.202307121226/tools/bin/../lib/gcc/arm-none-eabi/12.3.1/../../../../arm-none-eabi/lib/thumb/v7e-m+fp/hard\libcr_c.a(_fdopen.o)
 .debug_info    0x0001127a      0x1e3 c:/nxp/mcuxpressoide_11.9.0_2144/ide/plugins/com.nxp.mcuxpresso.tools.win32_11.9.0.202307121226/tools/bin/../lib/gcc/arm-none-eabi/12.3.1/../../../../arm-none-eabi/lib/thumb/v7e-m+fp/hard\libcr_c.a(_fflush.o)
 .debug_info    0x0001145d      0x282 c:/nxp/mcuxpressoide_11.9.0_2144/ide/plugins/com.nxp.mcuxpresso.tools.win32_11.9.0.202307121226/tools/bin/../lib/gcc/arm-none-eabi/12.3.1/../../../../arm-none-eabi/lib/thumb/v7e-m+fp/hard\libcr_c.a(_writebuf.o)
 .debug_info    0x000116df       0x44 c:/nxp/mcuxpressoide_11.9.0_2144/ide/plugins/com.nxp.mcuxpresso.tools.win32_11.9.0.202307121226/tools/bin/../lib/gcc/arm-none-eabi/12.3.1/../../../../arm-none-eabi/lib/thumb/v7e-m+fp/hard\libcr_c.a(errno.o)
 .debug_info    0x00011723      0x318 c:/nxp/mcuxpressoide_11.9.0_2144/ide/plugins/com.nxp.mcuxpresso.tools.win32_11.9.0.202307121226/tools/bin/../lib/gcc/arm-none-eabi/12.3.1/../../../../arm-none-eabi/lib/thumb/v7e-m+fp/hard\libcr_c.a(fclose.o)
 .debug_info    0x00011a3b      0x202 c:/nxp/mcuxpressoide_11.9.0_2144/ide/plugins/com.nxp.mcuxpresso.tools.win32_11.9.0.202307121226/tools/bin/../lib/gcc/arm-none-eabi/12.3.1/../../../../arm-none-eabi/lib/thumb/v7e-m+fp/hard\libcr_c.a(fflush.o)
 .debug_info    0x00011c3d      0x276 c:/nxp/mcuxpressoide_11.9.0_2144/ide/plugins/com.nxp.mcuxpresso.tools.win32_11.9.0.202307121226/tools/bin/../lib/gcc/arm-none-eabi/12.3.1/../../../../arm-none-eabi/lib/thumb/v7e-m+fp/hard\libcr_c.a(fseek.o)
 .debug_info    0x00011eb3      0x190 c:/nxp/mcuxpressoide_11.9.0_2144/ide/plugins/com.nxp.mcuxpresso.tools.win32_11.9.0.202307121226/tools/bin/../lib/gcc/arm-none-eabi/12.3.1/../../../../arm-none-eabi/lib/thumb/v7e-m+fp/hard\libcr_c.a(ftell.o)
 .debug_info    0x00012043      0x1ca c:/nxp/mcuxpressoide_11.9.0_2144/ide/plugins/com.nxp.mcuxpresso.tools.win32_11.9.0.202307121226/tools/bin/../lib/gcc/arm-none-eabi/12.3.1/../../../../arm-none-eabi/lib/thumb/v7e-m+fp/hard\libcr_c.a(remove.o)
 .debug_info    0x0001220d       0x71 c:/nxp/mcuxpressoide_11.9.0_2144/ide/plugins/com.nxp.mcuxpresso.tools.win32_11.9.0.202307121226/tools/bin/../lib/gcc/arm-none-eabi/12.3.1/../../../../arm-none-eabi/lib/thumb/v7e-m+fp/hard\libcr_c.a(_cr_check_heap.o)
 .debug_info    0x0001227e      0x23a c:/nxp/mcuxpressoide_11.9.0_2144/ide/plugins/com.nxp.mcuxpresso.tools.win32_11.9.0.202307121226/tools/bin/../lib/gcc/arm-none-eabi/12.3.1/../../../../arm-none-eabi/lib/thumb/v7e-m+fp/hard\libcr_c.a(_do_fflush.o)
 .debug_info    0x000124b8     0x215f c:/nxp/mcuxpressoide_11.9.0_2144/ide/plugins/com.nxp.mcuxpresso.tools.win32_11.9.0.202307121226/tools/bin/../lib/gcc/arm-none-eabi/12.3.1/thumb/v7e-m+fp/hard\libcr_eabihelpers.a(double.o)
 .debug_info    0x00014617     0x1aeb c:/nxp/mcuxpressoide_11.9.0_2144/ide/plugins/com.nxp.mcuxpresso.tools.win32_11.9.0.202307121226/tools/bin/../lib/gcc/arm-none-eabi/12.3.1/thumb/v7e-m+fp/hard\libcr_eabihelpers.a(float.o)
 .debug_info    0x00016102      0x18b c:/nxp/mcuxpressoide_11.9.0_2144/ide/plugins/com.nxp.mcuxpresso.tools.win32_11.9.0.202307121226/tools/bin/../lib/gcc/arm-none-eabi/12.3.1/../../../../arm-none-eabi/lib/thumb/v7e-m+fp/hard\libcr_semihost_nf.a(__ciob.o)

.debug_abbrev   0x00000000     0x3d2d
 .debug_abbrev  0x00000000       0x90 ./utilities/fsl_assert.o
 .debug_abbrev  0x00000090      0x17a ./startup/startup_mk66f18.o
 .debug_abbrev  0x0000020a      0x354 ./source/hello_world.o
 .debug_abbrev  0x0000055e       0x31 ./source/semihost_hardfault.o
 .debug_abbrev  0x0000058f      0x381 ./drivers/fsl_clock.o
 .debug_abbrev  0x00000910      0x3b0 ./drivers/fsl_dspi.o
 .debug_abbrev  0x00000cc0      0x2cd ./drivers/fsl_ftm.o
 .debug_abbrev  0x00000f8d      0x43f ./drivers/fsl_lpuart.o
 .debug_abbrev  0x000013cc      0x45d ./drivers/fsl_uart.o
 .debug_abbrev  0x00001829      0x148 ./device/system_MK66F18.o
 .debug_abbrev  0x00001971       0xda ./board/board.o
 .debug_abbrev  0x00001a4b      0x247 ./board/clock_config.o
 .debug_abbrev  0x00001c92      0x189 ./board/pin_mux.o
 .debug_abbrev  0x00001e1b       0x70 c:/nxp/mcuxpressoide_11.9.0_2144/ide/plugins/com.nxp.mcuxpresso.tools.win32_11.9.0.202307121226/tools/bin/../lib/gcc/arm-none-eabi/12.3.1/../../../../arm-none-eabi/lib/thumb/v7e-m+fp/hard\libcr_semihost_nf.a(_cr__main.o)
 .debug_abbrev  0x00001e8b       0xa8 c:/nxp/mcuxpressoide_11.9.0_2144/ide/plugins/com.nxp.mcuxpresso.tools.win32_11.9.0.202307121226/tools/bin/../lib/gcc/arm-none-eabi/12.3.1/../../../../arm-none-eabi/lib/thumb/v7e-m+fp/hard\libcr_c.a(memset.o)
 .debug_abbrev  0x00001f33      0x284 c:/nxp/mcuxpressoide_11.9.0_2144/ide/plugins/com.nxp.mcuxpresso.tools.win32_11.9.0.202307121226/tools/bin/../lib/gcc/arm-none-eabi/12.3.1/../../../../arm-none-eabi/lib/thumb/v7e-m+fp/hard\libcr_c.a(alloc.o)
 .debug_abbrev  0x000021b7      0x169 c:/nxp/mcuxpressoide_11.9.0_2144/ide/plugins/com.nxp.mcuxpresso.tools.win32_11.9.0.202307121226/tools/bin/../lib/gcc/arm-none-eabi/12.3.1/../../../../arm-none-eabi/lib/thumb/v7e-m+fp/hard\libcr_c.a(initio.o)
 .debug_abbrev  0x00002320      0x3ba c:/nxp/mcuxpressoide_11.9.0_2144/ide/plugins/com.nxp.mcuxpresso.tools.win32_11.9.0.202307121226/tools/bin/../lib/gcc/arm-none-eabi/12.3.1/../../../../arm-none-eabi/lib/thumb/v7e-m+fp/hard\libcr_c.a(printf.o)
 .debug_abbrev  0x000026da       0xe1 c:/nxp/mcuxpressoide_11.9.0_2144/ide/plugins/com.nxp.mcuxpresso.tools.win32_11.9.0.202307121226/tools/bin/../lib/gcc/arm-none-eabi/12.3.1/../../../../arm-none-eabi/lib/thumb/v7e-m+fp/hard\libcr_c.a(setvbuf.o)
 .debug_abbrev  0x000027bb       0xa7 c:/nxp/mcuxpressoide_11.9.0_2144/ide/plugins/com.nxp.mcuxpresso.tools.win32_11.9.0.202307121226/tools/bin/../lib/gcc/arm-none-eabi/12.3.1/../../../../arm-none-eabi/lib/thumb/v7e-m+fp/hard\libcr_c.a(strlen.o)
 .debug_abbrev  0x00002862       0xaf c:/nxp/mcuxpressoide_11.9.0_2144/ide/plugins/com.nxp.mcuxpresso.tools.win32_11.9.0.202307121226/tools/bin/../lib/gcc/arm-none-eabi/12.3.1/../../../../arm-none-eabi/lib/thumb/v7e-m+fp/hard\libcr_c.a(__init_alloc.o)
 .debug_abbrev  0x00002911       0xd3 c:/nxp/mcuxpressoide_11.9.0_2144/ide/plugins/com.nxp.mcuxpresso.tools.win32_11.9.0.202307121226/tools/bin/../lib/gcc/arm-none-eabi/12.3.1/../../../../arm-none-eabi/lib/thumb/v7e-m+fp/hard\libcr_c.a(_cr_sbrk.o)
 .debug_abbrev  0x000029e4      0x152 c:/nxp/mcuxpressoide_11.9.0_2144/ide/plugins/com.nxp.mcuxpresso.tools.win32_11.9.0.202307121226/tools/bin/../lib/gcc/arm-none-eabi/12.3.1/../../../../arm-none-eabi/lib/thumb/v7e-m+fp/hard\libcr_c.a(_deferredlazyseek.o)
 .debug_abbrev  0x00002b36      0x119 c:/nxp/mcuxpressoide_11.9.0_2144/ide/plugins/com.nxp.mcuxpresso.tools.win32_11.9.0.202307121226/tools/bin/../lib/gcc/arm-none-eabi/12.3.1/../../../../arm-none-eabi/lib/thumb/v7e-m+fp/hard\libcr_c.a(_fdopen.o)
 .debug_abbrev  0x00002c4f       0xf1 c:/nxp/mcuxpressoide_11.9.0_2144/ide/plugins/com.nxp.mcuxpresso.tools.win32_11.9.0.202307121226/tools/bin/../lib/gcc/arm-none-eabi/12.3.1/../../../../arm-none-eabi/lib/thumb/v7e-m+fp/hard\libcr_c.a(_fflush.o)
 .debug_abbrev  0x00002d40      0x126 c:/nxp/mcuxpressoide_11.9.0_2144/ide/plugins/com.nxp.mcuxpresso.tools.win32_11.9.0.202307121226/tools/bin/../lib/gcc/arm-none-eabi/12.3.1/../../../../arm-none-eabi/lib/thumb/v7e-m+fp/hard\libcr_c.a(_writebuf.o)
 .debug_abbrev  0x00002e66       0x44 c:/nxp/mcuxpressoide_11.9.0_2144/ide/plugins/com.nxp.mcuxpresso.tools.win32_11.9.0.202307121226/tools/bin/../lib/gcc/arm-none-eabi/12.3.1/../../../../arm-none-eabi/lib/thumb/v7e-m+fp/hard\libcr_c.a(errno.o)
 .debug_abbrev  0x00002eaa      0x155 c:/nxp/mcuxpressoide_11.9.0_2144/ide/plugins/com.nxp.mcuxpresso.tools.win32_11.9.0.202307121226/tools/bin/../lib/gcc/arm-none-eabi/12.3.1/../../../../arm-none-eabi/lib/thumb/v7e-m+fp/hard\libcr_c.a(fclose.o)
 .debug_abbrev  0x00002fff      0x125 c:/nxp/mcuxpressoide_11.9.0_2144/ide/plugins/com.nxp.mcuxpresso.tools.win32_11.9.0.202307121226/tools/bin/../lib/gcc/arm-none-eabi/12.3.1/../../../../arm-none-eabi/lib/thumb/v7e-m+fp/hard\libcr_c.a(fflush.o)
 .debug_abbrev  0x00003124      0x11b c:/nxp/mcuxpressoide_11.9.0_2144/ide/plugins/com.nxp.mcuxpresso.tools.win32_11.9.0.202307121226/tools/bin/../lib/gcc/arm-none-eabi/12.3.1/../../../../arm-none-eabi/lib/thumb/v7e-m+fp/hard\libcr_c.a(fseek.o)
 .debug_abbrev  0x0000323f       0xc2 c:/nxp/mcuxpressoide_11.9.0_2144/ide/plugins/com.nxp.mcuxpresso.tools.win32_11.9.0.202307121226/tools/bin/../lib/gcc/arm-none-eabi/12.3.1/../../../../arm-none-eabi/lib/thumb/v7e-m+fp/hard\libcr_c.a(ftell.o)
 .debug_abbrev  0x00003301       0xfb c:/nxp/mcuxpressoide_11.9.0_2144/ide/plugins/com.nxp.mcuxpresso.tools.win32_11.9.0.202307121226/tools/bin/../lib/gcc/arm-none-eabi/12.3.1/../../../../arm-none-eabi/lib/thumb/v7e-m+fp/hard\libcr_c.a(remove.o)
 .debug_abbrev  0x000033fc       0x6b c:/nxp/mcuxpressoide_11.9.0_2144/ide/plugins/com.nxp.mcuxpresso.tools.win32_11.9.0.202307121226/tools/bin/../lib/gcc/arm-none-eabi/12.3.1/../../../../arm-none-eabi/lib/thumb/v7e-m+fp/hard\libcr_c.a(_cr_check_heap.o)
 .debug_abbrev  0x00003467      0x12c c:/nxp/mcuxpressoide_11.9.0_2144/ide/plugins/com.nxp.mcuxpresso.tools.win32_11.9.0.202307121226/tools/bin/../lib/gcc/arm-none-eabi/12.3.1/../../../../arm-none-eabi/lib/thumb/v7e-m+fp/hard\libcr_c.a(_do_fflush.o)
 .debug_abbrev  0x00003593      0x364 c:/nxp/mcuxpressoide_11.9.0_2144/ide/plugins/com.nxp.mcuxpresso.tools.win32_11.9.0.202307121226/tools/bin/../lib/gcc/arm-none-eabi/12.3.1/thumb/v7e-m+fp/hard\libcr_eabihelpers.a(double.o)
 .debug_abbrev  0x000038f7      0x381 c:/nxp/mcuxpressoide_11.9.0_2144/ide/plugins/com.nxp.mcuxpresso.tools.win32_11.9.0.202307121226/tools/bin/../lib/gcc/arm-none-eabi/12.3.1/thumb/v7e-m+fp/hard\libcr_eabihelpers.a(float.o)
 .debug_abbrev  0x00003c78       0xb5 c:/nxp/mcuxpressoide_11.9.0_2144/ide/plugins/com.nxp.mcuxpresso.tools.win32_11.9.0.202307121226/tools/bin/../lib/gcc/arm-none-eabi/12.3.1/../../../../arm-none-eabi/lib/thumb/v7e-m+fp/hard\libcr_semihost_nf.a(__ciob.o)

.debug_aranges  0x00000000     0x1218
 .debug_aranges
                0x00000000       0x20 ./utilities/fsl_assert.o
 .debug_aranges
                0x00000020      0x3a0 ./startup/startup_mk66f18.o
 .debug_aranges
                0x000003c0       0x68 ./source/hello_world.o
 .debug_aranges
                0x00000428       0x20 ./source/semihost_hardfault.o
 .debug_aranges
                0x00000448      0x258 ./drivers/fsl_clock.o
 .debug_aranges
                0x000006a0      0x1d8 ./drivers/fsl_dspi.o
 .debug_aranges
                0x00000878       0xd8 ./drivers/fsl_ftm.o
 .debug_aranges
                0x00000950      0x138 ./drivers/fsl_lpuart.o
 .debug_aranges
                0x00000a88      0x1a8 ./drivers/fsl_uart.o
 .debug_aranges
                0x00000c30       0x30 ./device/system_MK66F18.o
 .debug_aranges
                0x00000c60       0x28 ./board/board.o
 .debug_aranges
                0x00000c88       0x60 ./board/clock_config.o
 .debug_aranges
                0x00000ce8       0x38 ./board/pin_mux.o
 .debug_aranges
                0x00000d20       0x20 c:/nxp/mcuxpressoide_11.9.0_2144/ide/plugins/com.nxp.mcuxpresso.tools.win32_11.9.0.202307121226/tools/bin/../lib/gcc/arm-none-eabi/12.3.1/../../../../arm-none-eabi/lib/thumb/v7e-m+fp/hard\libcr_semihost_nf.a(_cr__main.o)
 .debug_aranges
                0x00000d40       0x20 c:/nxp/mcuxpressoide_11.9.0_2144/ide/plugins/com.nxp.mcuxpresso.tools.win32_11.9.0.202307121226/tools/bin/../lib/gcc/arm-none-eabi/12.3.1/../../../../arm-none-eabi/lib/thumb/v7e-m+fp/hard\libcr_c.a(memset.o)
 .debug_aranges
                0x00000d60       0x40 c:/nxp/mcuxpressoide_11.9.0_2144/ide/plugins/com.nxp.mcuxpresso.tools.win32_11.9.0.202307121226/tools/bin/../lib/gcc/arm-none-eabi/12.3.1/../../../../arm-none-eabi/lib/thumb/v7e-m+fp/hard\libcr_c.a(alloc.o)
 .debug_aranges
                0x00000da0       0x28 c:/nxp/mcuxpressoide_11.9.0_2144/ide/plugins/com.nxp.mcuxpresso.tools.win32_11.9.0.202307121226/tools/bin/../lib/gcc/arm-none-eabi/12.3.1/../../../../arm-none-eabi/lib/thumb/v7e-m+fp/hard\libcr_c.a(initio.o)
 .debug_aranges
                0x00000dc8       0x70 c:/nxp/mcuxpressoide_11.9.0_2144/ide/plugins/com.nxp.mcuxpresso.tools.win32_11.9.0.202307121226/tools/bin/../lib/gcc/arm-none-eabi/12.3.1/../../../../arm-none-eabi/lib/thumb/v7e-m+fp/hard\libcr_c.a(printf.o)
 .debug_aranges
                0x00000e38       0x20 c:/nxp/mcuxpressoide_11.9.0_2144/ide/plugins/com.nxp.mcuxpresso.tools.win32_11.9.0.202307121226/tools/bin/../lib/gcc/arm-none-eabi/12.3.1/../../../../arm-none-eabi/lib/thumb/v7e-m+fp/hard\libcr_c.a(setvbuf.o)
 .debug_aranges
                0x00000e58       0x20 c:/nxp/mcuxpressoide_11.9.0_2144/ide/plugins/com.nxp.mcuxpresso.tools.win32_11.9.0.202307121226/tools/bin/../lib/gcc/arm-none-eabi/12.3.1/../../../../arm-none-eabi/lib/thumb/v7e-m+fp/hard\libcr_c.a(strlen.o)
 .debug_aranges
                0x00000e78       0x20 c:/nxp/mcuxpressoide_11.9.0_2144/ide/plugins/com.nxp.mcuxpresso.tools.win32_11.9.0.202307121226/tools/bin/../lib/gcc/arm-none-eabi/12.3.1/../../../../arm-none-eabi/lib/thumb/v7e-m+fp/hard\libcr_c.a(__init_alloc.o)
 .debug_aranges
                0x00000e98       0x20 c:/nxp/mcuxpressoide_11.9.0_2144/ide/plugins/com.nxp.mcuxpresso.tools.win32_11.9.0.202307121226/tools/bin/../lib/gcc/arm-none-eabi/12.3.1/../../../../arm-none-eabi/lib/thumb/v7e-m+fp/hard\libcr_c.a(_cr_sbrk.o)
 .debug_aranges
                0x00000eb8       0x28 c:/nxp/mcuxpressoide_11.9.0_2144/ide/plugins/com.nxp.mcuxpresso.tools.win32_11.9.0.202307121226/tools/bin/../lib/gcc/arm-none-eabi/12.3.1/../../../../arm-none-eabi/lib/thumb/v7e-m+fp/hard\libcr_c.a(_deferredlazyseek.o)
 .debug_aranges
                0x00000ee0       0x20 c:/nxp/mcuxpressoide_11.9.0_2144/ide/plugins/com.nxp.mcuxpresso.tools.win32_11.9.0.202307121226/tools/bin/../lib/gcc/arm-none-eabi/12.3.1/../../../../arm-none-eabi/lib/thumb/v7e-m+fp/hard\libcr_c.a(_fdopen.o)
 .debug_aranges
                0x00000f00       0x20 c:/nxp/mcuxpressoide_11.9.0_2144/ide/plugins/com.nxp.mcuxpresso.tools.win32_11.9.0.202307121226/tools/bin/../lib/gcc/arm-none-eabi/12.3.1/../../../../arm-none-eabi/lib/thumb/v7e-m+fp/hard\libcr_c.a(_fflush.o)
 .debug_aranges
                0x00000f20       0x20 c:/nxp/mcuxpressoide_11.9.0_2144/ide/plugins/com.nxp.mcuxpresso.tools.win32_11.9.0.202307121226/tools/bin/../lib/gcc/arm-none-eabi/12.3.1/../../../../arm-none-eabi/lib/thumb/v7e-m+fp/hard\libcr_c.a(_writebuf.o)
 .debug_aranges
                0x00000f40       0x18 c:/nxp/mcuxpressoide_11.9.0_2144/ide/plugins/com.nxp.mcuxpresso.tools.win32_11.9.0.202307121226/tools/bin/../lib/gcc/arm-none-eabi/12.3.1/../../../../arm-none-eabi/lib/thumb/v7e-m+fp/hard\libcr_c.a(errno.o)
 .debug_aranges
                0x00000f58       0x20 c:/nxp/mcuxpressoide_11.9.0_2144/ide/plugins/com.nxp.mcuxpresso.tools.win32_11.9.0.202307121226/tools/bin/../lib/gcc/arm-none-eabi/12.3.1/../../../../arm-none-eabi/lib/thumb/v7e-m+fp/hard\libcr_c.a(fclose.o)
 .debug_aranges
                0x00000f78       0x20 c:/nxp/mcuxpressoide_11.9.0_2144/ide/plugins/com.nxp.mcuxpresso.tools.win32_11.9.0.202307121226/tools/bin/../lib/gcc/arm-none-eabi/12.3.1/../../../../arm-none-eabi/lib/thumb/v7e-m+fp/hard\libcr_c.a(fflush.o)
 .debug_aranges
                0x00000f98       0x20 c:/nxp/mcuxpressoide_11.9.0_2144/ide/plugins/com.nxp.mcuxpresso.tools.win32_11.9.0.202307121226/tools/bin/../lib/gcc/arm-none-eabi/12.3.1/../../../../arm-none-eabi/lib/thumb/v7e-m+fp/hard\libcr_c.a(fseek.o)
 .debug_aranges
                0x00000fb8       0x20 c:/nxp/mcuxpressoide_11.9.0_2144/ide/plugins/com.nxp.mcuxpresso.tools.win32_11.9.0.202307121226/tools/bin/../lib/gcc/arm-none-eabi/12.3.1/../../../../arm-none-eabi/lib/thumb/v7e-m+fp/hard\libcr_c.a(ftell.o)
 .debug_aranges
                0x00000fd8       0x28 c:/nxp/mcuxpressoide_11.9.0_2144/ide/plugins/com.nxp.mcuxpresso.tools.win32_11.9.0.202307121226/tools/bin/../lib/gcc/arm-none-eabi/12.3.1/../../../../arm-none-eabi/lib/thumb/v7e-m+fp/hard\libcr_c.a(remove.o)
 .debug_aranges
                0x00001000       0x20 c:/nxp/mcuxpressoide_11.9.0_2144/ide/plugins/com.nxp.mcuxpresso.tools.win32_11.9.0.202307121226/tools/bin/../lib/gcc/arm-none-eabi/12.3.1/../../../../arm-none-eabi/lib/thumb/v7e-m+fp/hard\libcr_c.a(_cr_check_heap.o)
 .debug_aranges
                0x00001020       0x20 c:/nxp/mcuxpressoide_11.9.0_2144/ide/plugins/com.nxp.mcuxpresso.tools.win32_11.9.0.202307121226/tools/bin/../lib/gcc/arm-none-eabi/12.3.1/../../../../arm-none-eabi/lib/thumb/v7e-m+fp/hard\libcr_c.a(_do_fflush.o)
 .debug_aranges
                0x00001040       0xe0 c:/nxp/mcuxpressoide_11.9.0_2144/ide/plugins/com.nxp.mcuxpresso.tools.win32_11.9.0.202307121226/tools/bin/../lib/gcc/arm-none-eabi/12.3.1/thumb/v7e-m+fp/hard\libcr_eabihelpers.a(double.o)
 .debug_aranges
                0x00001120       0xe0 c:/nxp/mcuxpressoide_11.9.0_2144/ide/plugins/com.nxp.mcuxpresso.tools.win32_11.9.0.202307121226/tools/bin/../lib/gcc/arm-none-eabi/12.3.1/thumb/v7e-m+fp/hard\libcr_eabihelpers.a(float.o)
 .debug_aranges
                0x00001200       0x18 c:/nxp/mcuxpressoide_11.9.0_2144/ide/plugins/com.nxp.mcuxpresso.tools.win32_11.9.0.202307121226/tools/bin/../lib/gcc/arm-none-eabi/12.3.1/../../../../arm-none-eabi/lib/thumb/v7e-m+fp/hard\libcr_semihost_nf.a(__ciob.o)

.debug_ranges   0x00000000     0x14b0
 .debug_ranges  0x00000000       0x10 ./utilities/fsl_assert.o
 .debug_ranges  0x00000010      0x390 ./startup/startup_mk66f18.o
 .debug_ranges  0x000003a0       0x58 ./source/hello_world.o
 .debug_ranges  0x000003f8       0x10 ./source/semihost_hardfault.o
 .debug_ranges  0x00000408      0x248 ./drivers/fsl_clock.o
 .debug_ranges  0x00000650      0x1c8 ./drivers/fsl_dspi.o
 .debug_ranges  0x00000818       0xc8 ./drivers/fsl_ftm.o
 .debug_ranges  0x000008e0      0x128 ./drivers/fsl_lpuart.o
 .debug_ranges  0x00000a08      0x198 ./drivers/fsl_uart.o
 .debug_ranges  0x00000ba0       0x20 ./device/system_MK66F18.o
 .debug_ranges  0x00000bc0       0x18 ./board/board.o
 .debug_ranges  0x00000bd8       0x50 ./board/clock_config.o
 .debug_ranges  0x00000c28       0x28 ./board/pin_mux.o
 .debug_ranges  0x00000c50       0x10 c:/nxp/mcuxpressoide_11.9.0_2144/ide/plugins/com.nxp.mcuxpresso.tools.win32_11.9.0.202307121226/tools/bin/../lib/gcc/arm-none-eabi/12.3.1/../../../../arm-none-eabi/lib/thumb/v7e-m+fp/hard\libcr_semihost_nf.a(_cr__main.o)
 .debug_ranges  0x00000c60       0x10 c:/nxp/mcuxpressoide_11.9.0_2144/ide/plugins/com.nxp.mcuxpresso.tools.win32_11.9.0.202307121226/tools/bin/../lib/gcc/arm-none-eabi/12.3.1/../../../../arm-none-eabi/lib/thumb/v7e-m+fp/hard\libcr_c.a(memset.o)
 .debug_ranges  0x00000c70       0x48 c:/nxp/mcuxpressoide_11.9.0_2144/ide/plugins/com.nxp.mcuxpresso.tools.win32_11.9.0.202307121226/tools/bin/../lib/gcc/arm-none-eabi/12.3.1/../../../../arm-none-eabi/lib/thumb/v7e-m+fp/hard\libcr_c.a(alloc.o)
 .debug_ranges  0x00000cb8       0x18 c:/nxp/mcuxpressoide_11.9.0_2144/ide/plugins/com.nxp.mcuxpresso.tools.win32_11.9.0.202307121226/tools/bin/../lib/gcc/arm-none-eabi/12.3.1/../../../../arm-none-eabi/lib/thumb/v7e-m+fp/hard\libcr_c.a(initio.o)
 .debug_ranges  0x00000cd0      0x248 c:/nxp/mcuxpressoide_11.9.0_2144/ide/plugins/com.nxp.mcuxpresso.tools.win32_11.9.0.202307121226/tools/bin/../lib/gcc/arm-none-eabi/12.3.1/../../../../arm-none-eabi/lib/thumb/v7e-m+fp/hard\libcr_c.a(printf.o)
 .debug_ranges  0x00000f18       0x10 c:/nxp/mcuxpressoide_11.9.0_2144/ide/plugins/com.nxp.mcuxpresso.tools.win32_11.9.0.202307121226/tools/bin/../lib/gcc/arm-none-eabi/12.3.1/../../../../arm-none-eabi/lib/thumb/v7e-m+fp/hard\libcr_c.a(setvbuf.o)
 .debug_ranges  0x00000f28       0x10 c:/nxp/mcuxpressoide_11.9.0_2144/ide/plugins/com.nxp.mcuxpresso.tools.win32_11.9.0.202307121226/tools/bin/../lib/gcc/arm-none-eabi/12.3.1/../../../../arm-none-eabi/lib/thumb/v7e-m+fp/hard\libcr_c.a(strlen.o)
 .debug_ranges  0x00000f38       0x10 c:/nxp/mcuxpressoide_11.9.0_2144/ide/plugins/com.nxp.mcuxpresso.tools.win32_11.9.0.202307121226/tools/bin/../lib/gcc/arm-none-eabi/12.3.1/../../../../arm-none-eabi/lib/thumb/v7e-m+fp/hard\libcr_c.a(__init_alloc.o)
 .debug_ranges  0x00000f48       0x10 c:/nxp/mcuxpressoide_11.9.0_2144/ide/plugins/com.nxp.mcuxpresso.tools.win32_11.9.0.202307121226/tools/bin/../lib/gcc/arm-none-eabi/12.3.1/../../../../arm-none-eabi/lib/thumb/v7e-m+fp/hard\libcr_c.a(_cr_sbrk.o)
 .debug_ranges  0x00000f58       0x38 c:/nxp/mcuxpressoide_11.9.0_2144/ide/plugins/com.nxp.mcuxpresso.tools.win32_11.9.0.202307121226/tools/bin/../lib/gcc/arm-none-eabi/12.3.1/../../../../arm-none-eabi/lib/thumb/v7e-m+fp/hard\libcr_c.a(_deferredlazyseek.o)
 .debug_ranges  0x00000f90       0x10 c:/nxp/mcuxpressoide_11.9.0_2144/ide/plugins/com.nxp.mcuxpresso.tools.win32_11.9.0.202307121226/tools/bin/../lib/gcc/arm-none-eabi/12.3.1/../../../../arm-none-eabi/lib/thumb/v7e-m+fp/hard\libcr_c.a(_fdopen.o)
 .debug_ranges  0x00000fa0       0x10 c:/nxp/mcuxpressoide_11.9.0_2144/ide/plugins/com.nxp.mcuxpresso.tools.win32_11.9.0.202307121226/tools/bin/../lib/gcc/arm-none-eabi/12.3.1/../../../../arm-none-eabi/lib/thumb/v7e-m+fp/hard\libcr_c.a(_fflush.o)
 .debug_ranges  0x00000fb0       0x10 c:/nxp/mcuxpressoide_11.9.0_2144/ide/plugins/com.nxp.mcuxpresso.tools.win32_11.9.0.202307121226/tools/bin/../lib/gcc/arm-none-eabi/12.3.1/../../../../arm-none-eabi/lib/thumb/v7e-m+fp/hard\libcr_c.a(_writebuf.o)
 .debug_ranges  0x00000fc0       0x10 c:/nxp/mcuxpressoide_11.9.0_2144/ide/plugins/com.nxp.mcuxpresso.tools.win32_11.9.0.202307121226/tools/bin/../lib/gcc/arm-none-eabi/12.3.1/../../../../arm-none-eabi/lib/thumb/v7e-m+fp/hard\libcr_c.a(fclose.o)
 .debug_ranges  0x00000fd0       0x30 c:/nxp/mcuxpressoide_11.9.0_2144/ide/plugins/com.nxp.mcuxpresso.tools.win32_11.9.0.202307121226/tools/bin/../lib/gcc/arm-none-eabi/12.3.1/../../../../arm-none-eabi/lib/thumb/v7e-m+fp/hard\libcr_c.a(fflush.o)
 .debug_ranges  0x00001000       0x10 c:/nxp/mcuxpressoide_11.9.0_2144/ide/plugins/com.nxp.mcuxpresso.tools.win32_11.9.0.202307121226/tools/bin/../lib/gcc/arm-none-eabi/12.3.1/../../../../arm-none-eabi/lib/thumb/v7e-m+fp/hard\libcr_c.a(fseek.o)
 .debug_ranges  0x00001010       0x10 c:/nxp/mcuxpressoide_11.9.0_2144/ide/plugins/com.nxp.mcuxpresso.tools.win32_11.9.0.202307121226/tools/bin/../lib/gcc/arm-none-eabi/12.3.1/../../../../arm-none-eabi/lib/thumb/v7e-m+fp/hard\libcr_c.a(ftell.o)
 .debug_ranges  0x00001020       0x18 c:/nxp/mcuxpressoide_11.9.0_2144/ide/plugins/com.nxp.mcuxpresso.tools.win32_11.9.0.202307121226/tools/bin/../lib/gcc/arm-none-eabi/12.3.1/../../../../arm-none-eabi/lib/thumb/v7e-m+fp/hard\libcr_c.a(remove.o)
 .debug_ranges  0x00001038       0x10 c:/nxp/mcuxpressoide_11.9.0_2144/ide/plugins/com.nxp.mcuxpresso.tools.win32_11.9.0.202307121226/tools/bin/../lib/gcc/arm-none-eabi/12.3.1/../../../../arm-none-eabi/lib/thumb/v7e-m+fp/hard\libcr_c.a(_cr_check_heap.o)
 .debug_ranges  0x00001048       0x28 c:/nxp/mcuxpressoide_11.9.0_2144/ide/plugins/com.nxp.mcuxpresso.tools.win32_11.9.0.202307121226/tools/bin/../lib/gcc/arm-none-eabi/12.3.1/../../../../arm-none-eabi/lib/thumb/v7e-m+fp/hard\libcr_c.a(_do_fflush.o)
 .debug_ranges  0x00001070      0x238 c:/nxp/mcuxpressoide_11.9.0_2144/ide/plugins/com.nxp.mcuxpresso.tools.win32_11.9.0.202307121226/tools/bin/../lib/gcc/arm-none-eabi/12.3.1/thumb/v7e-m+fp/hard\libcr_eabihelpers.a(double.o)
 .debug_ranges  0x000012a8      0x208 c:/nxp/mcuxpressoide_11.9.0_2144/ide/plugins/com.nxp.mcuxpresso.tools.win32_11.9.0.202307121226/tools/bin/../lib/gcc/arm-none-eabi/12.3.1/thumb/v7e-m+fp/hard\libcr_eabihelpers.a(float.o)

.debug_macro    0x00000000    0x1afa9
 .debug_macro   0x00000000      0x12d ./utilities/fsl_assert.o
 .debug_macro   0x0000012d      0xb08 ./utilities/fsl_assert.o
 .debug_macro   0x00000c35       0x10 ./utilities/fsl_assert.o
 .debug_macro   0x00000c45       0x1c ./utilities/fsl_assert.o
 .debug_macro   0x00000c61       0x22 ./utilities/fsl_assert.o
 .debug_macro   0x00000c83      0x12e ./utilities/fsl_assert.o
 .debug_macro   0x00000db1      0x5b3 ./utilities/fsl_assert.o
 .debug_macro   0x00001364       0x22 ./utilities/fsl_assert.o
 .debug_macro   0x00001386       0x10 ./utilities/fsl_assert.o
 .debug_macro   0x00001396       0x56 ./utilities/fsl_assert.o
 .debug_macro   0x000013ec       0x1c ./utilities/fsl_assert.o
 .debug_macro   0x00001408       0x22 ./utilities/fsl_assert.o
 .debug_macro   0x0000142a       0xfb ./utilities/fsl_assert.o
 .debug_macro   0x00001525      0xeeb ./utilities/fsl_assert.o
 .debug_macro   0x00002410       0x40 ./utilities/fsl_assert.o
 .debug_macro   0x00002450    0x1626f ./utilities/fsl_assert.o
 .debug_macro   0x000186bf     0x14b0 ./utilities/fsl_assert.o
 .debug_macro   0x00019b6f       0x7a ./utilities/fsl_assert.o
 .debug_macro   0x00019be9       0xaf ./utilities/fsl_assert.o
 .debug_macro   0x00019c98      0x190 ./utilities/fsl_assert.o
 .debug_macro   0x00019e28       0x1c ./utilities/fsl_assert.o
 .debug_macro   0x00019e44       0xd2 ./utilities/fsl_assert.o
 .debug_macro   0x00019f16       0x1c ./utilities/fsl_assert.o
 .debug_macro   0x00019f32       0x29 ./startup/startup_mk66f18.o
 .debug_macro   0x00019f5b      0x1a3 ./source/hello_world.o
 .debug_macro   0x0001a0fe       0x46 ./source/hello_world.o
 .debug_macro   0x0001a144       0x22 ./source/hello_world.o
 .debug_macro   0x0001a166       0x16 ./source/hello_world.o
 .debug_macro   0x0001a17c       0x16 ./source/hello_world.o
 .debug_macro   0x0001a192      0x24f ./source/hello_world.o
 .debug_macro   0x0001a3e1       0x16 ./source/hello_world.o
 .debug_macro   0x0001a3f7       0x10 ./source/hello_world.o
 .debug_macro   0x0001a407       0x40 ./source/hello_world.o
 .debug_macro   0x0001a447       0x11 ./source/semihost_hardfault.o
 .debug_macro   0x0001a458      0x1e4 ./drivers/fsl_clock.o
 .debug_macro   0x0001a63c      0x121 ./drivers/fsl_dspi.o
 .debug_macro   0x0001a75d       0x3a ./drivers/fsl_dspi.o
 .debug_macro   0x0001a797      0x122 ./drivers/fsl_ftm.o
 .debug_macro   0x0001a8b9      0x121 ./drivers/fsl_lpuart.o
 .debug_macro   0x0001a9da       0x10 ./drivers/fsl_lpuart.o