C:\Users\safeerr\Documents\4DS4-group30-lab1\frdmk66f_hello_world__Lab1_Q2\CMSIS/core_cm4.h:1679:22:__NVIC_EnableIRQ	16	static
C:\Users\safeerr\Documents\4DS4-group30-lab1\frdmk66f_hello_world__Lab1_Q2\drivers/fsl_common_arm.h:499:24:EnableIRQ	24	static
C:\Users\safeerr\Documents\4DS4-group30-lab1\frdmk66f_hello_world__Lab1_Q2\drivers/fsl_uart.h:667:23:UART_ReadByte	16	static
C:\Users\safeerr\Documents\4DS4-group30-lab1\frdmk66f_hello_world__Lab1_Q2\drivers/fsl_ftm.h:731:20:FTM_StartTimer	24	static
C:\Users\safeerr\Documents\4DS4-group30-lab1\frdmk66f_hello_world__Lab1_Q2\drivers/fsl_ftm.h:1027:20:FTM_SetSoftwareTrigger	16	static
../source/hello_world.c:46:6:setupPWM	56	static
../source/hello_world.c:83:6:updatePWM_dutyCycle	32	static
../source/hello_world.c:109:6:setupUART	24	static
../source/hello_world.c:127:6:UART4_RX_TX_IRQHandler	8	static
../source/hello_world.c:139:5:main	48	static
